Archive member included to satisfy reference by file (symbol)

c:/program files/microchip/xc8/v3.00/avr/bin/../lib/gcc/avr/5.4.0/avrxmega3\libgcc.a(_udivmodqi4.o)
                              dist/pro/debug/__pa_temp_106172/ccyYgrIl.ltrans1.ltrans.o (__udivmodqi4)
c:/program files/microchip/xc8/v3.00/avr/bin/../lib/gcc/avr/5.4.0/avrxmega3\libgcc.a(_udivmodsi4.o)
                              dist/pro/debug/__pa_temp_106172/libc_a___fmt_u.o (__udivmodsi4)
c:/program files/microchip/xc8/v3.00/avr/bin/../lib/gcc/avr/5.4.0/avrxmega3\libgcc.a(_tablejump2.o)
                              dist/pro/debug/__pa_temp_106172/ccyYgrIl.ltrans0.ltrans.o (__tablejump2__)
c:/program files/microchip/xc8/v3.00/avr/bin/../lib/gcc/avr/5.4.0/avrxmega3\libgcc.a(_copy_data.o)
                              dist/pro/debug/__pa_temp_106172/libc_a___printf_core.o (__do_copy_data)
c:/program files/microchip/xc8/v3.00/avr/bin/../lib/gcc/avr/5.4.0/avrxmega3\libgcc.a(_prologue.o)
                              dist/pro/debug/__pa_temp_106172/libc_a___printf_core.o (__prologue_saves__)
c:/program files/microchip/xc8/v3.00/avr/bin/../lib/gcc/avr/5.4.0/avrxmega3\libgcc.a(_epilogue.o)
                              dist/pro/debug/__pa_temp_106172/libc_a___printf_core.o (__epilogue_restores__)
c:/program files/microchip/xc8/v3.00/avr/bin/../lib/gcc/avr/5.4.0/../../../../avr/lib/avrxmega3\libc.a(tolower.o)
                              dist/pro/debug/__pa_temp_106172/libc_a___printf_core.o (tolower)
c:/program files/microchip/xc8/v3.00/avr/bin/../lib/gcc/avr/5.4.0/../../../../avr/lib/avrxmega3\libc.a(toupper.o)
                              dist/pro/debug/__pa_temp_106172/libc_a___fmt_x.o (toupper)
c:/program files/microchip/xc8/v3.00/avr/bin/../lib/gcc/avr/5.4.0/../../../../avr/lib/avrxmega3\libc.a(errno.o)
                              dist/pro/debug/__pa_temp_106172/libc_a___printf_core.o (__errno_val)
c:/program files/microchip/xc8/v3.00/avr/bin/../lib/gcc/avr/5.4.0/../../../../avr/lib/avrxmega3\libc.a(exit.o)
                              C:/Users/m43977/.mchp_packs/Microchip/ATmega_DFP/3.4.282/xc8/avr/lib/avrxmega3/crtatmega4809.o (exit)
c:/program files/microchip/xc8/v3.00/avr/bin/../lib/gcc/avr/5.4.0/../../../../avr/lib/avrxmega3\libc.a(__sio_sprintf_dosux.o)
                              dist/pro/debug/__pa_temp_106172/ccyYgrIl.ltrans1.ltrans.o (_sprintf_cdopsuxX)
c:/program files/microchip/xc8/v3.00/avr/bin/../lib/gcc/avr/5.4.0/../../../../avr/lib/avrxmega3\libc.a(__fmt_s.o)
                              c:/program files/microchip/xc8/v3.00/avr/bin/../lib/gcc/avr/5.4.0/../../../../avr/lib/avrxmega3\libc.a(__sio_sprintf_dosux.o) (__fmt_s_needed)
c:/program files/microchip/xc8/v3.00/avr/bin/../lib/gcc/avr/5.4.0/../../../../avr/lib/avrxmega3\libc.a(atoi.o)
                              dist/pro/debug/__pa_temp_106172/ccyYgrIl.ltrans2.ltrans.o (atoi)
c:/program files/microchip/xc8/v3.00/avr/bin/../lib/gcc/avr/5.4.0/../../../../avr/lib/avrxmega3\libc.a(memcpy.o)
                              dist/pro/debug/__pa_temp_106172/ccyYgrIl.ltrans2.ltrans.o (memcpy)
c:/program files/microchip/xc8/v3.00/avr/bin/../lib/gcc/avr/5.4.0/../../../../avr/lib/avrxmega3\libc.a(strlen.o)
                              c:/program files/microchip/xc8/v3.00/avr/bin/../lib/gcc/avr/5.4.0/../../../../avr/lib/avrxmega3\libc.a(__fmt_s.o) (strlen)
c:/program files/microchip/xc8/v3.00/avr/bin/../lib/gcc/avr/5.4.0/../../../../avr/lib/avrxmega3\libc.a(_Exit.o)
                              c:/program files/microchip/xc8/v3.00/avr/bin/../lib/gcc/avr/5.4.0/../../../../avr/lib/avrxmega3\libc.a(exit.o) (_Exit)
c:/program files/microchip/xc8/v3.00/avr/bin/../lib/gcc/avr/5.4.0/../../../../avr/lib/avrxmega3\libc.a(__int_vsprintf.o)
                              c:/program files/microchip/xc8/v3.00/avr/bin/../lib/gcc/avr/5.4.0/../../../../avr/lib/avrxmega3\libc.a(__sio_sprintf_dosux.o) (__vsprintf)
c:/program files/microchip/xc8/v3.00/avr/bin/../lib/gcc/avr/5.4.0/../../../../avr/lib/avrxmega3\libc.a(__int_vsnprintf.o)
                              c:/program files/microchip/xc8/v3.00/avr/bin/../lib/gcc/avr/5.4.0/../../../../avr/lib/avrxmega3\libc.a(__int_vsprintf.o) (__vsnprintf)
c:/program files/microchip/xc8/v3.00/avr/bin/../lib/gcc/avr/5.4.0/../../../../avr/lib/avrxmega3\libc.a(__int_vfprintf.o)
                              c:/program files/microchip/xc8/v3.00/avr/bin/../lib/gcc/avr/5.4.0/../../../../avr/lib/avrxmega3\libc.a(__int_vsnprintf.o) (__vfprintf)
c:/program files/microchip/xc8/v3.00/avr/bin/../lib/gcc/avr/5.4.0/avrxmega3\libgcc.a(_exit.o)
                              c:/program files/microchip/xc8/v3.00/avr/bin/../lib/gcc/avr/5.4.0/../../../../avr/lib/avrxmega3\libc.a(_Exit.o) (_exit)

Allocating common symbols
Common symbol       size              file

__errno_val         0x2               c:/program files/microchip/xc8/v3.00/avr/bin/../lib/gcc/avr/5.4.0/../../../../avr/lib/avrxmega3\libc.a(errno.o)

Discarded input sections

[...]
Memory Configuration

Name             Origin             Length             Attributes
text             0x0000000000000000 0x000000000000c000 xr
data             0x0000000000802800 0x0000000000001800 rw !x
eeprom           0x0000000000810000 0x0000000000000100 rw !x
fuse             0x0000000000820000 0x000000000000000a rw !x
lock             0x0000000000830000 0x0000000000000400 rw !x
signature        0x0000000000840000 0x0000000000000400 rw !x
user_signatures  0x0000000000850000 0x0000000000000400 rw !x
bootrow          0x0000000000860000 0x0000000000000400 rw !x
*default*        0x0000000000000000 0xffffffffffffffff

Linker script and memory map

LOAD dist/pro/debug/__pa_temp_106172/libc_a_fputc.o
LOAD dist/pro/debug/__pa_temp_106172/libc_a___printf_core.o
LOAD dist/pro/debug/__pa_temp_106172/libc_a___pop_int.o
LOAD dist/pro/debug/__pa_temp_106172/libc_a___fmt_x.o
LOAD dist/pro/debug/__pa_temp_106172/libc_a___fmt_u.o
LOAD dist/pro/debug/__pa_temp_106172/libc_a___fmt_o.o
LOAD dist/pro/debug/__pa_temp_106172/libc_a___fmt_d.o
LOAD dist/pro/debug/__pa_temp_106172/ccyYgrIl.ltrans2.ltrans.o
LOAD dist/pro/debug/__pa_temp_106172/ccyYgrIl.ltrans1.ltrans.o
LOAD dist/pro/debug/__pa_temp_106172/ccyYgrIl.ltrans0.ltrans.o
Address of section .data set to 0x802800
                0x0000000000004000                __RODATA_PM_OFFSET__ = 0x4000
LOAD C:/Users/m43977/.mchp_packs/Microchip/ATmega_DFP/3.4.282/xc8/avr/lib/avrxmega3/crtatmega4809.o
                0x0000000000000001                __MPLAB_BUILD = 0x1
START GROUP
LOAD c:/program files/microchip/xc8/v3.00/avr/bin/../lib/gcc/avr/5.4.0/../../../../avr/lib/avrxmega3\libm.a
END GROUP
                0x0000000000000001                __MPLAB_DEBUG = 0x1
                0x0000000000000001                __DEBUG = 0x1
START GROUP
LOAD c:/program files/microchip/xc8/v3.00/avr/bin/../lib/gcc/avr/5.4.0/avrxmega3\libgcc.a
LOAD c:/program files/microchip/xc8/v3.00/avr/bin/../lib/gcc/avr/5.4.0/../../../../avr/lib/avrxmega3\libm.a
LOAD c:/program files/microchip/xc8/v3.00/avr/bin/../lib/gcc/avr/5.4.0/../../../../avr/lib/avrxmega3\libc.a
LOAD C:/Users/m43977/.mchp_packs/Microchip/ATmega_DFP/3.4.282/xc8/avr/lib/avrxmega3\libatmega4809.a
END GROUP
                [0x0000000000000000]                __TEXT_REGION_ORIGIN__ = DEFINED (__TEXT_REGION_ORIGIN__)?__TEXT_REGION_ORIGIN__:0x0
                [0x0000000000802800]                __DATA_REGION_ORIGIN__ = DEFINED (__DATA_REGION_ORIGIN__)?__DATA_REGION_ORIGIN__:0x802000
                [0x000000000000c000]                __TEXT_REGION_LENGTH__ = DEFINED (__TEXT_REGION_LENGTH__)?__TEXT_REGION_LENGTH__:0x100000
                [0x0000000000001800]                __DATA_REGION_LENGTH__ = DEFINED (__DATA_REGION_LENGTH__)?__DATA_REGION_LENGTH__:0xffa0
                [0x0000000000000100]                __EEPROM_REGION_LENGTH__ = DEFINED (__EEPROM_REGION_LENGTH__)?__EEPROM_REGION_LENGTH__:0x10000
                [0x000000000000000a]                __FUSE_REGION_LENGTH__ = DEFINED (__FUSE_REGION_LENGTH__)?__FUSE_REGION_LENGTH__:0x400
                0x0000000000000400                __LOCK_REGION_LENGTH__ = DEFINED (__LOCK_REGION_LENGTH__)?__LOCK_REGION_LENGTH__:0x400
                0x0000000000000400                __SIGNATURE_REGION_LENGTH__ = DEFINED (__SIGNATURE_REGION_LENGTH__)?__SIGNATURE_REGION_LENGTH__:0x400
                0x0000000000000400                __USER_SIGNATURE_REGION_LENGTH__ = DEFINED (__USER_SIGNATURE_REGION_LENGTH__)?__USER_SIGNATURE_REGION_LENGTH__:0x400
                0x0000000000008000                __RODATA_PM_OFFSET__ = DEFINED (__RODATA_PM_OFFSET__)?__RODATA_PM_OFFSET__:0x8000
                0x0000000000000400                __BOOTROW_REGION_LENGTH__ = DEFINED (__BOOTROW_REGION_LENGTH__)?__BOOTROW_REGION_LENGTH__:0x400

.hash
 *(.hash)

.dynsym
 *(.dynsym)

.dynstr
 *(.dynstr)

.gnu.version
 *(.gnu.version)

.gnu.version_d
 *(.gnu.version_d)

.gnu.version_r
 *(.gnu.version_r)

.rel.init
 *(.rel.init)

.rela.init
 *(.rela.init)

.rel.text
 *(.rel.text)
 *(.rel.text.*)
 *(.rel.gnu.linkonce.t*)

.rela.text
 *(.rela.text)
 *(.rela.text.*)
 *(.rela.gnu.linkonce.t*)

.rel.fini
 *(.rel.fini)

.rela.fini
 *(.rela.fini)

.rel.rodata
 *(.rel.rodata)
 *(.rel.rodata.*)
 *(.rel.gnu.linkonce.r*)

.rela.rodata
 *(.rela.rodata)
 *(.rela.rodata.*)
 *(.rela.gnu.linkonce.r*)

.rel.data
 *(.rel.data)
 *(.rel.data.*)
 *(.rel.gnu.linkonce.d*)

.rela.data
 *(.rela.data)
 *(.rela.data.*)
 *(.rela.gnu.linkonce.d*)

.rel.ctors
 *(.rel.ctors)

.rela.ctors
 *(.rela.ctors)

.rel.dtors
 *(.rel.dtors)

.rela.dtors
 *(.rela.dtors)

.rel.got
 *(.rel.got)

.rela.got
 *(.rela.got)

.rel.bss
 *(.rel.bss)

.rela.bss
 *(.rela.bss)

.rel.plt
 *(.rel.plt)

.rela.plt
 *(.rela.plt)

.text           0x0000000000000000      0x11a
 *(.vectors)
 .vectors       0x0000000000000000       0xa0 C:/Users/m43977/.mchp_packs/Microchip/ATmega_DFP/3.4.282/xc8/avr/lib/avrxmega3/crtatmega4809.o
                0x0000000000000000                __vector_default
                0x0000000000000000                __vectors
 *(.vectors)
 *(.progmem.gcc*)
 .progmem.gcc_sw_table.prvTimerTask.lto_priv.34
                0x00000000000000a0       0x14 dist/pro/debug/__pa_temp_106172/ccyYgrIl.ltrans0.ltrans.o
 *(.dinit)
 .dinit         0x00000000000000b4       0x11 data_init
                0x00000000000000c6                . = ALIGN (0x2)
 *fill*         0x00000000000000c5        0x1 
                0x00000000000000c6                __trampolines_start = .
 *(.trampolines)
 .trampolines   0x00000000000000c6        0x0 linker stubs
 *(.trampolines*)
                0x00000000000000c6                __trampolines_end = .
 *libprintf_flt.a:*(.progmem.data)
 *libc.a:*(.progmem.data)
                0x00000000000000c6                . = ALIGN (0x2)
 *(.jumptables)
 *(.jumptables*)
 *(.lowtext)
 *(.lowtext*)
                0x00000000000000c6                __ctors_start = .
 *(.ctors)
                0x00000000000000c6                __ctors_end = .
                0x00000000000000c6                __dtors_start = .
 *(.dtors)
                0x00000000000000c6                __dtors_end = .
 SORT(*)(.ctors)
 SORT(*)(.dtors)
 *(.init0)
 .init0         0x00000000000000c6        0x0 C:/Users/m43977/.mchp_packs/Microchip/ATmega_DFP/3.4.282/xc8/avr/lib/avrxmega3/crtatmega4809.o
                0x00000000000000c6                __init
 *(.init0)
 *(.init1)
 *(.init1)
 *(.init2)
 .init2         0x00000000000000c6        0xc C:/Users/m43977/.mchp_packs/Microchip/ATmega_DFP/3.4.282/xc8/avr/lib/avrxmega3/crtatmega4809.o
 *(.init2)
 *(.init3)
 *(.init3)
 *(.init4)
 .init4         0x00000000000000d2       0x3c c:/program files/microchip/xc8/v3.00/avr/bin/../lib/gcc/avr/5.4.0/avrxmega3\libgcc.a(_copy_data.o)
                0x00000000000000d2                __do_copy_data
                0x0000000000000100                __do_clear_bss
 *(.init4)
 *(.init5)
 *(.init5)
 *(.init6)
 *(.init6)
 *(.init7)
 *(.init7)
 *(.init8)
 *(.init8)
 *(.init9)
 .init9         0x000000000000010e        0x8 C:/Users/m43977/.mchp_packs/Microchip/ATmega_DFP/3.4.282/xc8/avr/lib/avrxmega3/crtatmega4809.o
 *(.init9)
                0x0000000000000116                . = ALIGN (0x2)
 *(.fini9)
 .fini9         0x0000000000000116        0x0 c:/program files/microchip/xc8/v3.00/avr/bin/../lib/gcc/avr/5.4.0/avrxmega3\libgcc.a(_exit.o)
                0x0000000000000116                _exit
 *(.fini9)
 *(.fini8)
 *(.fini8)
 *(.fini7)
 *(.fini7)
 *(.fini6)
 *(.fini6)
 *(.fini5)
 *(.fini5)
 *(.fini4)
 *(.fini4)
 *(.fini3)
 *(.fini3)
 *(.fini2)
 *(.fini2)
 *(.fini1)
 *(.fini1)
 *(.fini0)
 .fini0         0x0000000000000116        0x4 c:/program files/microchip/xc8/v3.00/avr/bin/../lib/gcc/avr/5.4.0/avrxmega3\libgcc.a(_exit.o)
 *(.fini0)
                0x000000000000011a                _etext = .

.data           0x0000000000802800        0x0 load address 0x000000000000011a
                [!provide]                        PROVIDE (__data_start, .)
 *(.gnu.linkonce.d*)
                0x0000000000802800                . = ALIGN (0x2)
                0x0000000000802800                _edata = .
                [!provide]                        PROVIDE (__data_end, .)

.bss            0x0000000000802800        0x2
                [!provide]                        PROVIDE (__bss_start, .)
 *(COMMON)
 COMMON         0x0000000000802800        0x2 c:/program files/microchip/xc8/v3.00/avr/bin/../lib/gcc/avr/5.4.0/../../../../avr/lib/avrxmega3\libc.a(errno.o)
                0x0000000000802800                __errno_val
                [!provide]                        PROVIDE (__bss_end, .)
                0x000000000000011a                __data_load_start = LOADADDR (.data)
                0x000000000000011a                __data_load_end = (__data_load_start + SIZEOF (.data))

.noinit         0x0000000000802802        0x0
                [!provide]                        PROVIDE (__noinit_start, .)
 *(.noinit*)
                [!provide]                        PROVIDE (__noinit_end, .)
                0x0000000000802802                _end = .

.eeprom         0x0000000000810000        0x0
 *(.eeprom*)
                0x0000000000810000                __eeprom_end = .

.fuse
 *(.fuse)
 *(.lfuse)
 *(.hfuse)
 *(.efuse)

.lock
 *(.lock*)

.signature
 *(.signature*)

.user_signatures
 *(.user_signatures*)

.bootrow
 *(.bootrow*)

.stab
 *(.stab)

.stabstr
 *(.stabstr)

.stab.excl
 *(.stab.excl)

.stab.exclstr
 *(.stab.exclstr)

.stab.index
 *(.stab.index)

.stab.indexstr
 *(.stab.indexstr)

.comment        0x0000000000000000       0x5b
 *(.comment)
 .comment       0x0000000000000000       0x2c dist/pro/debug/__pa_temp_106172/libc_a_fputc.o
                                         0x2d (size before relaxing)
 .comment       0x000000000000002c       0x2d dist/pro/debug/__pa_temp_106172/libc_a___printf_core.o
 .comment       0x000000000000002c       0x2d dist/pro/debug/__pa_temp_106172/libc_a___pop_int.o
 .comment       0x000000000000002c       0x2d dist/pro/debug/__pa_temp_106172/libc_a___fmt_x.o
 .comment       0x000000000000002c       0x2d dist/pro/debug/__pa_temp_106172/libc_a___fmt_u.o
 .comment       0x000000000000002c       0x2d dist/pro/debug/__pa_temp_106172/libc_a___fmt_o.o
 .comment       0x000000000000002c       0x2d dist/pro/debug/__pa_temp_106172/libc_a___fmt_d.o
 .comment       0x000000000000002c       0x2f dist/pro/debug/__pa_temp_106172/ccyYgrIl.ltrans2.ltrans.o
                                         0x30 (size before relaxing)
 .comment       0x000000000000005b       0x30 dist/pro/debug/__pa_temp_106172/ccyYgrIl.ltrans1.ltrans.o
 .comment       0x000000000000005b       0x30 dist/pro/debug/__pa_temp_106172/ccyYgrIl.ltrans0.ltrans.o
 .comment       0x000000000000005b       0x2d c:/program files/microchip/xc8/v3.00/avr/bin/../lib/gcc/avr/5.4.0/../../../../avr/lib/avrxmega3\libc.a(tolower.o)
 .comment       0x000000000000005b       0x2d c:/program files/microchip/xc8/v3.00/avr/bin/../lib/gcc/avr/5.4.0/../../../../avr/lib/avrxmega3\libc.a(toupper.o)
 .comment       0x000000000000005b       0x2d c:/program files/microchip/xc8/v3.00/avr/bin/../lib/gcc/avr/5.4.0/../../../../avr/lib/avrxmega3\libc.a(errno.o)
 .comment       0x000000000000005b       0x2d c:/program files/microchip/xc8/v3.00/avr/bin/../lib/gcc/avr/5.4.0/../../../../avr/lib/avrxmega3\libc.a(exit.o)
 .comment       0x000000000000005b       0x2d c:/program files/microchip/xc8/v3.00/avr/bin/../lib/gcc/avr/5.4.0/../../../../avr/lib/avrxmega3\libc.a(__sio_sprintf_dosux.o)
 .comment       0x000000000000005b       0x2d c:/program files/microchip/xc8/v3.00/avr/bin/../lib/gcc/avr/5.4.0/../../../../avr/lib/avrxmega3\libc.a(__fmt_s.o)
 .comment       0x000000000000005b       0x2d c:/program files/microchip/xc8/v3.00/avr/bin/../lib/gcc/avr/5.4.0/../../../../avr/lib/avrxmega3\libc.a(atoi.o)
 .comment       0x000000000000005b       0x2d c:/program files/microchip/xc8/v3.00/avr/bin/../lib/gcc/avr/5.4.0/../../../../avr/lib/avrxmega3\libc.a(memcpy.o)
 .comment       0x000000000000005b       0x2d c:/program files/microchip/xc8/v3.00/avr/bin/../lib/gcc/avr/5.4.0/../../../../avr/lib/avrxmega3\libc.a(strlen.o)
 .comment       0x000000000000005b       0x2d c:/program files/microchip/xc8/v3.00/avr/bin/../lib/gcc/avr/5.4.0/../../../../avr/lib/avrxmega3\libc.a(_Exit.o)
 .comment       0x000000000000005b       0x2d c:/program files/microchip/xc8/v3.00/avr/bin/../lib/gcc/avr/5.4.0/../../../../avr/lib/avrxmega3\libc.a(__int_vsprintf.o)
 .comment       0x000000000000005b       0x2d c:/program files/microchip/xc8/v3.00/avr/bin/../lib/gcc/avr/5.4.0/../../../../avr/lib/avrxmega3\libc.a(__int_vsnprintf.o)
 .comment       0x000000000000005b       0x2d c:/program files/microchip/xc8/v3.00/avr/bin/../lib/gcc/avr/5.4.0/../../../../avr/lib/avrxmega3\libc.a(__int_vfprintf.o)

.stack.descriptors.hdr
                0x0000000000000000      0x150
 .stack.descriptors.hdr
                0x0000000000000000        0xe dist/pro/debug/__pa_temp_106172/libc_a_fputc.o
 .stack.descriptors.hdr
                0x000000000000000e        0xe dist/pro/debug/__pa_temp_106172/libc_a___printf_core.o
 .stack.descriptors.hdr
                0x000000000000001c        0xe dist/pro/debug/__pa_temp_106172/libc_a___pop_int.o
 .stack.descriptors.hdr
                0x000000000000002a        0xe dist/pro/debug/__pa_temp_106172/libc_a___fmt_x.o
 .stack.descriptors.hdr
                0x0000000000000038        0xe dist/pro/debug/__pa_temp_106172/libc_a___fmt_u.o
 .stack.descriptors.hdr
                0x0000000000000046        0xe dist/pro/debug/__pa_temp_106172/libc_a___fmt_o.o
 .stack.descriptors.hdr
                0x0000000000000054        0xe dist/pro/debug/__pa_temp_106172/libc_a___fmt_d.o
 .stack.descriptors.hdr
                0x0000000000000062        0xe c:/program files/microchip/xc8/v3.00/avr/bin/../lib/gcc/avr/5.4.0/avrxmega3\libgcc.a(_udivmodqi4.o)
 .stack.descriptors.hdr
                0x0000000000000070        0xe c:/program files/microchip/xc8/v3.00/avr/bin/../lib/gcc/avr/5.4.0/avrxmega3\libgcc.a(_udivmodsi4.o)
 .stack.descriptors.hdr
                0x000000000000007e        0xe c:/program files/microchip/xc8/v3.00/avr/bin/../lib/gcc/avr/5.4.0/avrxmega3\libgcc.a(_tablejump2.o)
 .stack.descriptors.hdr
                0x000000000000008c        0xe c:/program files/microchip/xc8/v3.00/avr/bin/../lib/gcc/avr/5.4.0/../../../../avr/lib/avrxmega3\libc.a(tolower.o)
 .stack.descriptors.hdr
                0x000000000000009a        0xe c:/program files/microchip/xc8/v3.00/avr/bin/../lib/gcc/avr/5.4.0/../../../../avr/lib/avrxmega3\libc.a(toupper.o)
 .stack.descriptors.hdr
                0x00000000000000a8        0xe c:/program files/microchip/xc8/v3.00/avr/bin/../lib/gcc/avr/5.4.0/../../../../avr/lib/avrxmega3\libc.a(errno.o)
 .stack.descriptors.hdr
                0x00000000000000b6        0xe c:/program files/microchip/xc8/v3.00/avr/bin/../lib/gcc/avr/5.4.0/../../../../avr/lib/avrxmega3\libc.a(exit.o)
 .stack.descriptors.hdr
                0x00000000000000c4        0xe c:/program files/microchip/xc8/v3.00/avr/bin/../lib/gcc/avr/5.4.0/../../../../avr/lib/avrxmega3\libc.a(__sio_sprintf_dosux.o)
 .stack.descriptors.hdr
                0x00000000000000d2        0xe c:/program files/microchip/xc8/v3.00/avr/bin/../lib/gcc/avr/5.4.0/../../../../avr/lib/avrxmega3\libc.a(__fmt_s.o)
 .stack.descriptors.hdr
                0x00000000000000e0        0xe c:/program files/microchip/xc8/v3.00/avr/bin/../lib/gcc/avr/5.4.0/../../../../avr/lib/avrxmega3\libc.a(atoi.o)
 .stack.descriptors.hdr
                0x00000000000000ee        0xe c:/program files/microchip/xc8/v3.00/avr/bin/../lib/gcc/avr/5.4.0/../../../../avr/lib/avrxmega3\libc.a(memcpy.o)
 .stack.descriptors.hdr
                0x00000000000000fc        0xe c:/program files/microchip/xc8/v3.00/avr/bin/../lib/gcc/avr/5.4.0/../../../../avr/lib/avrxmega3\libc.a(strlen.o)
 .stack.descriptors.hdr
                0x000000000000010a        0xe c:/program files/microchip/xc8/v3.00/avr/bin/../lib/gcc/avr/5.4.0/../../../../avr/lib/avrxmega3\libc.a(_Exit.o)
 .stack.descriptors.hdr
                0x0000000000000118        0xe c:/program files/microchip/xc8/v3.00/avr/bin/../lib/gcc/avr/5.4.0/../../../../avr/lib/avrxmega3\libc.a(__int_vsprintf.o)
 .stack.descriptors.hdr
                0x0000000000000126        0xe c:/program files/microchip/xc8/v3.00/avr/bin/../lib/gcc/avr/5.4.0/../../../../avr/lib/avrxmega3\libc.a(__int_vsnprintf.o)
 .stack.descriptors.hdr
                0x0000000000000134        0xe c:/program files/microchip/xc8/v3.00/avr/bin/../lib/gcc/avr/5.4.0/../../../../avr/lib/avrxmega3\libc.a(__int_vfprintf.o)
 .stack.descriptors.hdr
                0x0000000000000142        0xe c:/program files/microchip/xc8/v3.00/avr/bin/../lib/gcc/avr/5.4.0/avrxmega3\libgcc.a(_exit.o)

.note.GNU-stack
                0x0000000000000000        0x0
 .note.GNU-stack
                0x0000000000000000        0x0 dist/pro/debug/__pa_temp_106172/libc_a_fputc.o
 .note.GNU-stack
                0x0000000000000000        0x0 dist/pro/debug/__pa_temp_106172/libc_a___printf_core.o
 .note.GNU-stack
                0x0000000000000000        0x0 dist/pro/debug/__pa_temp_106172/libc_a___pop_int.o
 .note.GNU-stack
                0x0000000000000000        0x0 dist/pro/debug/__pa_temp_106172/libc_a___fmt_x.o
 .note.GNU-stack
                0x0000000000000000        0x0 dist/pro/debug/__pa_temp_106172/libc_a___fmt_u.o
 .note.GNU-stack
                0x0000000000000000        0x0 dist/pro/debug/__pa_temp_106172/libc_a___fmt_o.o
 .note.GNU-stack
                0x0000000000000000        0x0 dist/pro/debug/__pa_temp_106172/libc_a___fmt_d.o
 .note.GNU-stack
                0x0000000000000000        0x0 c:/program files/microchip/xc8/v3.00/avr/bin/../lib/gcc/avr/5.4.0/../../../../avr/lib/avrxmega3\libc.a(tolower.o)
 .note.GNU-stack
                0x0000000000000000        0x0 c:/program files/microchip/xc8/v3.00/avr/bin/../lib/gcc/avr/5.4.0/../../../../avr/lib/avrxmega3\libc.a(toupper.o)
 .note.GNU-stack
                0x0000000000000000        0x0 c:/program files/microchip/xc8/v3.00/avr/bin/../lib/gcc/avr/5.4.0/../../../../avr/lib/avrxmega3\libc.a(errno.o)
 .note.GNU-stack
                0x0000000000000000        0x0 c:/program files/microchip/xc8/v3.00/avr/bin/../lib/gcc/avr/5.4.0/../../../../avr/lib/avrxmega3\libc.a(exit.o)
 .note.GNU-stack
                0x0000000000000000        0x0 c:/program files/microchip/xc8/v3.00/avr/bin/../lib/gcc/avr/5.4.0/../../../../avr/lib/avrxmega3\libc.a(__sio_sprintf_dosux.o)
 .note.GNU-stack
                0x0000000000000000        0x0 c:/program files/microchip/xc8/v3.00/avr/bin/../lib/gcc/avr/5.4.0/../../../../avr/lib/avrxmega3\libc.a(__fmt_s.o)
 .note.GNU-stack
                0x0000000000000000        0x0 c:/program files/microchip/xc8/v3.00/avr/bin/../lib/gcc/avr/5.4.0/../../../../avr/lib/avrxmega3\libc.a(atoi.o)
 .note.GNU-stack
                0x0000000000000000        0x0 c:/program files/microchip/xc8/v3.00/avr/bin/../lib/gcc/avr/5.4.0/../../../../avr/lib/avrxmega3\libc.a(memcpy.o)
 .note.GNU-stack
                0x0000000000000000        0x0 c:/program files/microchip/xc8/v3.00/avr/bin/../lib/gcc/avr/5.4.0/../../../../avr/lib/avrxmega3\libc.a(strlen.o)
 .note.GNU-stack
                0x0000000000000000        0x0 c:/program files/microchip/xc8/v3.00/avr/bin/../lib/gcc/avr/5.4.0/../../../../avr/lib/avrxmega3\libc.a(_Exit.o)
 .note.GNU-stack
                0x0000000000000000        0x0 c:/program files/microchip/xc8/v3.00/avr/bin/../lib/gcc/avr/5.4.0/../../../../avr/lib/avrxmega3\libc.a(__int_vsprintf.o)
 .note.GNU-stack
                0x0000000000000000        0x0 c:/program files/microchip/xc8/v3.00/avr/bin/../lib/gcc/avr/5.4.0/../../../../avr/lib/avrxmega3\libc.a(__int_vsnprintf.o)
 .note.GNU-stack
                0x0000000000000000        0x0 c:/program files/microchip/xc8/v3.00/avr/bin/../lib/gcc/avr/5.4.0/../../../../avr/lib/avrxmega3\libc.a(__int_vfprintf.o)

.note.gnu.build-id
 *(.note.gnu.build-id)

.debug
 *(.debug)

.line
 *(.line)

.debug_srcinfo
 *(.debug_srcinfo)

.debug_sfnames
 *(.debug_sfnames)

.debug_aranges  0x0000000000000000      0x1e8
 *(.debug_aranges)
 .debug_aranges
                0x0000000000000000       0x58 dist/pro/debug/__pa_temp_106172/ccyYgrIl.ltrans2.ltrans.o
 .debug_aranges
                0x0000000000000058       0x60 dist/pro/debug/__pa_temp_106172/ccyYgrIl.ltrans1.ltrans.o
 .debug_aranges
                0x00000000000000b8      0x130 dist/pro/debug/__pa_temp_106172/ccyYgrIl.ltrans0.ltrans.o

.debug_pubnames
 *(.debug_pubnames)

.debug_info     0x0000000000000000     0xb7c3
 *(.debug_info .gnu.linkonce.wi.*)
 .debug_info    0x0000000000000000     0x28d0 dist/pro/debug/__pa_temp_106172/ccyYgrIl.ltrans2.ltrans.o
 .debug_info    0x00000000000028d0     0x34bd dist/pro/debug/__pa_temp_106172/ccyYgrIl.ltrans1.ltrans.o
 .debug_info    0x0000000000005d8d     0x35ac dist/pro/debug/__pa_temp_106172/ccyYgrIl.ltrans0.ltrans.o
 .debug_info    0x0000000000009339     0x248a C:/Users/m43977/.mchp_packs/Microchip/ATmega_DFP/3.4.282/xc8/avr/lib/avrxmega3/crtatmega4809.o

.debug_abbrev   0x0000000000000000     0x3102
 *(.debug_abbrev)
 .debug_abbrev  0x0000000000000000      0x436 dist/pro/debug/__pa_temp_106172/ccyYgrIl.ltrans2.ltrans.o
 .debug_abbrev  0x0000000000000436      0x482 dist/pro/debug/__pa_temp_106172/ccyYgrIl.ltrans1.ltrans.o
 .debug_abbrev  0x00000000000008b8      0x5b4 dist/pro/debug/__pa_temp_106172/ccyYgrIl.ltrans0.ltrans.o
 .debug_abbrev  0x0000000000000e6c     0x2296 C:/Users/m43977/.mchp_packs/Microchip/ATmega_DFP/3.4.282/xc8/avr/lib/avrxmega3/crtatmega4809.o

.debug_line     0x0000000000000000     0x211a
 *(.debug_line .debug_line.* .debug_line_end)
 .debug_line    0x0000000000000000      0x698 dist/pro/debug/__pa_temp_106172/ccyYgrIl.ltrans2.ltrans.o
 .debug_line    0x0000000000000698      0x89b dist/pro/debug/__pa_temp_106172/ccyYgrIl.ltrans1.ltrans.o
 .debug_line    0x0000000000000f33     0x1060 dist/pro/debug/__pa_temp_106172/ccyYgrIl.ltrans0.ltrans.o
 .debug_line    0x0000000000001f93      0x187 C:/Users/m43977/.mchp_packs/Microchip/ATmega_DFP/3.4.282/xc8/avr/lib/avrxmega3/crtatmega4809.o

.debug_frame    0x0000000000000000      0x828
 *(.debug_frame)
 .debug_frame   0x0000000000000000      0x1d4 dist/pro/debug/__pa_temp_106172/ccyYgrIl.ltrans2.ltrans.o
 .debug_frame   0x00000000000001d4      0x17c dist/pro/debug/__pa_temp_106172/ccyYgrIl.ltrans1.ltrans.o
 .debug_frame   0x0000000000000350      0x4d8 dist/pro/debug/__pa_temp_106172/ccyYgrIl.ltrans0.ltrans.o

.debug_str      0x0000000000000000     0x1606
 *(.debug_str)
 .debug_str     0x0000000000000000      0x26e dist/pro/debug/__pa_temp_106172/ccyYgrIl.ltrans2.ltrans.o
 .debug_str     0x000000000000026e       0xe0 dist/pro/debug/__pa_temp_106172/ccyYgrIl.ltrans1.ltrans.o
 .debug_str     0x000000000000034e      0x333 dist/pro/debug/__pa_temp_106172/ccyYgrIl.ltrans0.ltrans.o
 .debug_str     0x0000000000000681      0xf85 C:/Users/m43977/.mchp_packs/Microchip/ATmega_DFP/3.4.282/xc8/avr/lib/avrxmega3/crtatmega4809.o

.debug_loc      0x0000000000000000     0x2e15
 *(.debug_loc)
 .debug_loc     0x0000000000000000      0xd03 dist/pro/debug/__pa_temp_106172/ccyYgrIl.ltrans2.ltrans.o
 .debug_loc     0x0000000000000d03      0x830 dist/pro/debug/__pa_temp_106172/ccyYgrIl.ltrans1.ltrans.o
 .debug_loc     0x0000000000001533     0x18e2 dist/pro/debug/__pa_temp_106172/ccyYgrIl.ltrans0.ltrans.o

.debug_macinfo
 *(.debug_macinfo)

.debug_weaknames
 *(.debug_weaknames)

.debug_funcnames
 *(.debug_funcnames)

.debug_typenames
 *(.debug_typenames)

.debug_varnames
 *(.debug_varnames)

.debug_pubtypes
 *(.debug_pubtypes)

.debug_ranges   0x0000000000000000      0x4d8
 *(.debug_ranges)
 .debug_ranges  0x0000000000000000       0xb8 dist/pro/debug/__pa_temp_106172/ccyYgrIl.ltrans2.ltrans.o
 .debug_ranges  0x00000000000000b8      0x1b8 dist/pro/debug/__pa_temp_106172/ccyYgrIl.ltrans1.ltrans.o
 .debug_ranges  0x0000000000000270      0x268 dist/pro/debug/__pa_temp_106172/ccyYgrIl.ltrans0.ltrans.o

.debug_macro
 *(.debug_macro)
OUTPUT(dist/pro/debug/atmega4809-xplained-pro-getting-started-with-freertos-mplab.X.debug.elf elf32-avr)
LOAD linker stubs
LOAD data_init

.bss.rx_buffer.lto_priv.29
                0x00000000008038c3        0x3
 .bss.rx_buffer.lto_priv.29
                0x00000000008038c3        0x3 dist/pro/debug/__pa_temp_106172/ccyYgrIl.ltrans2.ltrans.o
                0x00000000008038c3                rx_buffer.lto_priv.29

.bss.terminal_tx_buffer
                0x00000000008038cc        0x2
 .bss.terminal_tx_buffer
                0x00000000008038cc        0x2 dist/pro/debug/__pa_temp_106172/ccyYgrIl.ltrans2.ltrans.o
                0x00000000008038cc                terminal_tx_buffer

.bss.xYieldPending.lto_priv.57
                0x00000000008038f2        0x1
 .bss.xYieldPending.lto_priv.57
                0x00000000008038f2        0x1 dist/pro/debug/__pa_temp_106172/ccyYgrIl.ltrans2.ltrans.o
                0x00000000008038f2                xYieldPending.lto_priv.57

.bss.terminal_rx_buffer
                0x00000000008038ce        0x2
 .bss.terminal_rx_buffer
                0x00000000008038ce        0x2 dist/pro/debug/__pa_temp_106172/ccyYgrIl.ltrans2.ltrans.o
                0x00000000008038ce                terminal_rx_buffer

.bss.uxSchedulerSuspended.lto_priv.54
                0x00000000008038f3        0x1
 .bss.uxSchedulerSuspended.lto_priv.54
                0x00000000008038f3        0x1 dist/pro/debug/__pa_temp_106172/ccyYgrIl.ltrans2.ltrans.o
                0x00000000008038f3                uxSchedulerSuspended.lto_priv.54

.bss.xTimerQueue.lto_priv.33
                0x00000000008038d0        0x2
 .bss.xTimerQueue.lto_priv.33
                0x00000000008038d0        0x2 dist/pro/debug/__pa_temp_106172/ccyYgrIl.ltrans2.ltrans.o
                0x00000000008038d0                xTimerQueue.lto_priv.33

.bss.pxOverflowDelayedTaskList.lto_priv.48
                0x00000000008038d2        0x2
 .bss.pxOverflowDelayedTaskList.lto_priv.48
                0x00000000008038d2        0x2 dist/pro/debug/__pa_temp_106172/ccyYgrIl.ltrans2.ltrans.o
                0x00000000008038d2                pxOverflowDelayedTaskList.lto_priv.48

.bss.pxDelayedTaskList.lto_priv.49
                0x00000000008038d4        0x2
 .bss.pxDelayedTaskList.lto_priv.49
                0x00000000008038d4        0x2 dist/pro/debug/__pa_temp_106172/ccyYgrIl.ltrans2.ltrans.o
                0x00000000008038d4                pxDelayedTaskList.lto_priv.49

.bss.xSuspendedTaskList.lto_priv.51
                0x000000000080387c        0x9
 .bss.xSuspendedTaskList.lto_priv.51
                0x000000000080387c        0x9 dist/pro/debug/__pa_temp_106172/ccyYgrIl.ltrans2.ltrans.o
                0x000000000080387c                xSuspendedTaskList.lto_priv.51

.bss.xPendingReadyList.lto_priv.56
                0x0000000000803885        0x9
 .bss.xPendingReadyList.lto_priv.56
                0x0000000000803885        0x9 dist/pro/debug/__pa_temp_106172/ccyYgrIl.ltrans2.ltrans.o
                0x0000000000803885                xPendingReadyList.lto_priv.56

.bss.xDelayedTaskList2
                0x000000000080388e        0x9
 .bss.xDelayedTaskList2
                0x000000000080388e        0x9 dist/pro/debug/__pa_temp_106172/ccyYgrIl.ltrans2.ltrans.o

.bss.xDelayedTaskList1
                0x0000000000803897        0x9
 .bss.xDelayedTaskList1
                0x0000000000803897        0x9 dist/pro/debug/__pa_temp_106172/ccyYgrIl.ltrans2.ltrans.o

.bss.uxTaskNumber
                0x00000000008038f4        0x1
 .bss.uxTaskNumber
                0x00000000008038f4        0x1 dist/pro/debug/__pa_temp_106172/ccyYgrIl.ltrans2.ltrans.o

.bss.xSchedulerRunning.lto_priv.31
                0x00000000008038f5        0x1
 .bss.xSchedulerRunning.lto_priv.31
                0x00000000008038f5        0x1 dist/pro/debug/__pa_temp_106172/ccyYgrIl.ltrans2.ltrans.o
                0x00000000008038f5                xSchedulerRunning.lto_priv.31

.bss.uxCurrentNumberOfTasks.lto_priv.58
                0x00000000008038f6        0x1
 .bss.uxCurrentNumberOfTasks.lto_priv.58
                0x00000000008038f6        0x1 dist/pro/debug/__pa_temp_106172/ccyYgrIl.ltrans2.ltrans.o
                0x00000000008038f6                uxCurrentNumberOfTasks.lto_priv.58

.bss.pxCurrentTCB
                0x00000000008038d6        0x2
 .bss.pxCurrentTCB
                0x00000000008038d6        0x2 dist/pro/debug/__pa_temp_106172/ccyYgrIl.ltrans2.ltrans.o
                0x00000000008038d6                pxCurrentTCB

.bss.xTickCount.lto_priv.32
                0x00000000008038d8        0x2
 .bss.xTickCount.lto_priv.32
                0x00000000008038d8        0x2 dist/pro/debug/__pa_temp_106172/ccyYgrIl.ltrans2.ltrans.o
                0x00000000008038d8                xTickCount.lto_priv.32

.bss.xNumOfOverflows.lto_priv.53
                0x00000000008038f7        0x1
 .bss.xNumOfOverflows.lto_priv.53
                0x00000000008038f7        0x1 dist/pro/debug/__pa_temp_106172/ccyYgrIl.ltrans2.ltrans.o
                0x00000000008038f7                xNumOfOverflows.lto_priv.53

.bss.pxReadyTasksLists.lto_priv.52
                0x0000000000803834       0x24
 .bss.pxReadyTasksLists.lto_priv.52
                0x0000000000803834       0x24 dist/pro/debug/__pa_temp_106172/ccyYgrIl.ltrans2.ltrans.o
                0x0000000000803834                pxReadyTasksLists.lto_priv.52

.bss.uxTopReadyPriority.lto_priv.55
                0x00000000008038f8        0x1
 .bss.uxTopReadyPriority.lto_priv.55
                0x00000000008038f8        0x1 dist/pro/debug/__pa_temp_106172/ccyYgrIl.ltrans2.ltrans.o
                0x00000000008038f8                uxTopReadyPriority.lto_priv.55

.bss.time_str   0x00000000008038a0        0x9
 .bss.time_str  0x00000000008038a0        0x9 dist/pro/debug/__pa_temp_106172/ccyYgrIl.ltrans1.ltrans.o

.bss.time       0x00000000008038c6        0x3
 .bss.time      0x00000000008038c6        0x3 dist/pro/debug/__pa_temp_106172/ccyYgrIl.ltrans1.ltrans.o

.bss.xQueueRegistry
                0x00000000008038bb        0x8
 .bss.xQueueRegistry
                0x00000000008038bb        0x8 dist/pro/debug/__pa_temp_106172/ccyYgrIl.ltrans1.ltrans.o

.bss.pxOverflowTimerList.lto_priv.47
                0x00000000008038da        0x2
 .bss.pxOverflowTimerList.lto_priv.47
                0x00000000008038da        0x2 dist/pro/debug/__pa_temp_106172/ccyYgrIl.ltrans1.ltrans.o
                0x00000000008038da                pxOverflowTimerList.lto_priv.47

.bss.pxCurrentTimerList.lto_priv.46
                0x00000000008038dc        0x2
 .bss.pxCurrentTimerList.lto_priv.46
                0x00000000008038dc        0x2 dist/pro/debug/__pa_temp_106172/ccyYgrIl.ltrans1.ltrans.o
                0x00000000008038dc                pxCurrentTimerList.lto_priv.46

.bss.xActiveTimerList2
                0x00000000008038a9        0x9
 .bss.xActiveTimerList2
                0x00000000008038a9        0x9 dist/pro/debug/__pa_temp_106172/ccyYgrIl.ltrans1.ltrans.o

.bss.xActiveTimerList1
                0x00000000008038b2        0x9
 .bss.xActiveTimerList1
                0x00000000008038b2        0x9 dist/pro/debug/__pa_temp_106172/ccyYgrIl.ltrans1.ltrans.o

.bss.xTimerTaskHandle
                0x00000000008038de        0x2
 .bss.xTimerTaskHandle
                0x00000000008038de        0x2 dist/pro/debug/__pa_temp_106172/ccyYgrIl.ltrans1.ltrans.o

.bss.xNextTaskUnblockTime.lto_priv.50
                0x00000000008038e0        0x2
 .bss.xNextTaskUnblockTime.lto_priv.50
                0x00000000008038e0        0x2 dist/pro/debug/__pa_temp_106172/ccyYgrIl.ltrans1.ltrans.o
                0x00000000008038e0                xNextTaskUnblockTime.lto_priv.50

.bss.xIdleTaskHandle
                0x00000000008038e2        0x2
 .bss.xIdleTaskHandle
                0x00000000008038e2        0x2 dist/pro/debug/__pa_temp_106172/ccyYgrIl.ltrans1.ltrans.o

.bss.key_queue  0x00000000008038e4        0x2
 .bss.key_queue
                0x00000000008038e4        0x2 dist/pro/debug/__pa_temp_106172/ccyYgrIl.ltrans1.ltrans.o

.bss.oled_semaphore
                0x00000000008038e6        0x2
 .bss.oled_semaphore
                0x00000000008038e6        0x2 dist/pro/debug/__pa_temp_106172/ccyYgrIl.ltrans1.ltrans.o

.bss.str_buff   0x0000000000803858       0x14
 .bss.str_buff  0x0000000000803858       0x14 dist/pro/debug/__pa_temp_106172/ccyYgrIl.ltrans1.ltrans.o

.bss.led_queue  0x00000000008038e8        0x2
 .bss.led_queue
                0x00000000008038e8        0x2 dist/pro/debug/__pa_temp_106172/ccyYgrIl.ltrans1.ltrans.o

.bss.tx_buff    0x0000000000803802       0x32
 .bss.tx_buff   0x0000000000803802       0x32 dist/pro/debug/__pa_temp_106172/ccyYgrIl.ltrans1.ltrans.o

.bss.new_time   0x00000000008038c9        0x3
 .bss.new_time  0x00000000008038c9        0x3 dist/pro/debug/__pa_temp_106172/ccyYgrIl.ltrans1.ltrans.o

.bss.should_update_time
                0x00000000008038f9        0x1
 .bss.should_update_time
                0x00000000008038f9        0x1 dist/pro/debug/__pa_temp_106172/ccyYgrIl.ltrans1.ltrans.o

.bss.xNextFreeByte
                0x00000000008038ea        0x2
 .bss.xNextFreeByte
                0x00000000008038ea        0x2 dist/pro/debug/__pa_temp_106172/ccyYgrIl.ltrans0.ltrans.o

.bss.ucHeap     0x0000000000802802     0x1000
 .bss.ucHeap    0x0000000000802802     0x1000 dist/pro/debug/__pa_temp_106172/ccyYgrIl.ltrans0.ltrans.o

.bss.pucAlignedHeap.3412
                0x00000000008038ec        0x2
 .bss.pucAlignedHeap.3412
                0x00000000008038ec        0x2 dist/pro/debug/__pa_temp_106172/ccyYgrIl.ltrans0.ltrans.o

.bss.xPendedTicks
                0x00000000008038ee        0x2
 .bss.xPendedTicks
                0x00000000008038ee        0x2 dist/pro/debug/__pa_temp_106172/ccyYgrIl.ltrans0.ltrans.o

.bss.xLastTime.3719
                0x00000000008038f0        0x2
 .bss.xLastTime.3719
                0x00000000008038f0        0x2 dist/pro/debug/__pa_temp_106172/ccyYgrIl.ltrans0.ltrans.o

.note.gnu.avr.deviceinfo
                0x0000000000000000       0x40
 .note.gnu.avr.deviceinfo
                0x0000000000000000       0x40 C:/Users/m43977/.mchp_packs/Microchip/ATmega_DFP/3.4.282/xc8/avr/lib/avrxmega3/crtatmega4809.o

.progmem0.data.font_table
                0x000000000000011a       0xbe
 .progmem0.data.font_table
                0x000000000000011a       0xbe dist/pro/debug/__pa_temp_106172/ccyYgrIl.ltrans1.ltrans.o

.progmem0.data.Font08px_UW
                0x00000000000001d8        0xa
 .progmem0.data.Font08px_UW
                0x00000000000001d8        0xa dist/pro/debug/__pa_temp_106172/ccyYgrIl.ltrans1.ltrans.o

.progmem0.data.Font08px_UY
                0x00000000000001e2        0x8
 .progmem0.data.Font08px_UY
                0x00000000000001e2        0x8 dist/pro/debug/__pa_temp_106172/ccyYgrIl.ltrans1.ltrans.o

.progmem0.data.Font08px_UX
                0x00000000000001ea        0x8
 .progmem0.data.Font08px_UX
                0x00000000000001ea        0x8 dist/pro/debug/__pa_temp_106172/ccyYgrIl.ltrans1.ltrans.o

.progmem0.data.Font08px_UV
                0x00000000000001f2        0x8
 .progmem0.data.Font08px_UV
                0x00000000000001f2        0x8 dist/pro/debug/__pa_temp_106172/ccyYgrIl.ltrans1.ltrans.o

.progmem0.data.Font08px_UN
                0x00000000000001fa        0x8
 .progmem0.data.Font08px_UN
                0x00000000000001fa        0x8 dist/pro/debug/__pa_temp_106172/ccyYgrIl.ltrans1.ltrans.o

.progmem0.data.Font08px_UM
                0x0000000000000202        0x8
 .progmem0.data.Font08px_UM
                0x0000000000000202        0x8 dist/pro/debug/__pa_temp_106172/ccyYgrIl.ltrans1.ltrans.o

.progmem0.data.Font08px_curlya
                0x000000000000020a        0x8
 .progmem0.data.Font08px_curlya
                0x000000000000020a        0x8 dist/pro/debug/__pa_temp_106172/ccyYgrIl.ltrans1.ltrans.o

.progmem0.data.Font08px_percentage
                0x0000000000000212        0x8
 .progmem0.data.Font08px_percentage
                0x0000000000000212        0x8 dist/pro/debug/__pa_temp_106172/ccyYgrIl.ltrans1.ltrans.o

.progmem0.data.Font08px_UZ
                0x000000000000021a        0x7
 .progmem0.data.Font08px_UZ
                0x000000000000021a        0x7 dist/pro/debug/__pa_temp_106172/ccyYgrIl.ltrans1.ltrans.o

.progmem0.data.Font08px_UU
                0x0000000000000221        0x7
 .progmem0.data.Font08px_UU
                0x0000000000000221        0x7 dist/pro/debug/__pa_temp_106172/ccyYgrIl.ltrans1.ltrans.o

.progmem0.data.Font08px_US
                0x0000000000000228        0x7
 .progmem0.data.Font08px_US
                0x0000000000000228        0x7 dist/pro/debug/__pa_temp_106172/ccyYgrIl.ltrans1.ltrans.o

.progmem0.data.Font08px_UR
                0x000000000000022f        0x7
 .progmem0.data.Font08px_UR
                0x000000000000022f        0x7 dist/pro/debug/__pa_temp_106172/ccyYgrIl.ltrans1.ltrans.o

.progmem0.data.Font08px_UQ
                0x0000000000000236        0x7
 .progmem0.data.Font08px_UQ
                0x0000000000000236        0x7 dist/pro/debug/__pa_temp_106172/ccyYgrIl.ltrans1.ltrans.o

.progmem0.data.Font08px_UP
                0x000000000000023d        0x7
 .progmem0.data.Font08px_UP
                0x000000000000023d        0x7 dist/pro/debug/__pa_temp_106172/ccyYgrIl.ltrans1.ltrans.o

.progmem0.data.Font08px_UO
                0x0000000000000244        0x7
 .progmem0.data.Font08px_UO
                0x0000000000000244        0x7 dist/pro/debug/__pa_temp_106172/ccyYgrIl.ltrans1.ltrans.o

.progmem0.data.Font08px_UL
                0x000000000000024b        0x7
 .progmem0.data.Font08px_UL
                0x000000000000024b        0x7 dist/pro/debug/__pa_temp_106172/ccyYgrIl.ltrans1.ltrans.o

.progmem0.data.Font08px_UK
                0x0000000000000252        0x7
 .progmem0.data.Font08px_UK
                0x0000000000000252        0x7 dist/pro/debug/__pa_temp_106172/ccyYgrIl.ltrans1.ltrans.o

.progmem0.data.Font08px_UH
                0x0000000000000259        0x7
 .progmem0.data.Font08px_UH
                0x0000000000000259        0x7 dist/pro/debug/__pa_temp_106172/ccyYgrIl.ltrans1.ltrans.o

.progmem0.data.Font08px_UG
                0x0000000000000260        0x7
 .progmem0.data.Font08px_UG
                0x0000000000000260        0x7 dist/pro/debug/__pa_temp_106172/ccyYgrIl.ltrans1.ltrans.o

.progmem0.data.Font08px_UF
                0x0000000000000267        0x7
 .progmem0.data.Font08px_UF
                0x0000000000000267        0x7 dist/pro/debug/__pa_temp_106172/ccyYgrIl.ltrans1.ltrans.o

.progmem0.data.Font08px_UE
                0x000000000000026e        0x7
 .progmem0.data.Font08px_UE
                0x000000000000026e        0x7 dist/pro/debug/__pa_temp_106172/ccyYgrIl.ltrans1.ltrans.o

.progmem0.data.Font08px_UD
                0x0000000000000275        0x7
 .progmem0.data.Font08px_UD
                0x0000000000000275        0x7 dist/pro/debug/__pa_temp_106172/ccyYgrIl.ltrans1.ltrans.o

.progmem0.data.Font08px_UC
                0x000000000000027c        0x7
 .progmem0.data.Font08px_UC
                0x000000000000027c        0x7 dist/pro/debug/__pa_temp_106172/ccyYgrIl.ltrans1.ltrans.o

.progmem0.data.Font08px_UB
                0x0000000000000283        0x7
 .progmem0.data.Font08px_UB
                0x0000000000000283        0x7 dist/pro/debug/__pa_temp_106172/ccyYgrIl.ltrans1.ltrans.o

.progmem0.data.Font08px_UA
                0x000000000000028a        0x7
 .progmem0.data.Font08px_UA
                0x000000000000028a        0x7 dist/pro/debug/__pa_temp_106172/ccyYgrIl.ltrans1.ltrans.o

.progmem0.data.Font08px_and
                0x0000000000000291        0x7
 .progmem0.data.Font08px_and
                0x0000000000000291        0x7 dist/pro/debug/__pa_temp_106172/ccyYgrIl.ltrans1.ltrans.o

.progmem0.data.Font08px_lx
                0x0000000000000298        0x6
 .progmem0.data.Font08px_lx
                0x0000000000000298        0x6 dist/pro/debug/__pa_temp_106172/ccyYgrIl.ltrans1.ltrans.o

.progmem0.data.Font08px_lw
                0x000000000000029e        0x6
 .progmem0.data.Font08px_lw
                0x000000000000029e        0x6 dist/pro/debug/__pa_temp_106172/ccyYgrIl.ltrans1.ltrans.o

.progmem0.data.Font08px_lv
                0x00000000000002a4        0x6
 .progmem0.data.Font08px_lv
                0x00000000000002a4        0x6 dist/pro/debug/__pa_temp_106172/ccyYgrIl.ltrans1.ltrans.o

.progmem0.data.Font08px_lm
                0x00000000000002aa        0x6
 .progmem0.data.Font08px_lm
                0x00000000000002aa        0x6 dist/pro/debug/__pa_temp_106172/ccyYgrIl.ltrans1.ltrans.o

.progmem0.data.Font08px_underscore
                0x00000000000002b0        0x6
 .progmem0.data.Font08px_underscore
                0x00000000000002b0        0x6 dist/pro/debug/__pa_temp_106172/ccyYgrIl.ltrans1.ltrans.o

.progmem0.data.Font08px_UT
                0x00000000000002b6        0x6
 .progmem0.data.Font08px_UT
                0x00000000000002b6        0x6 dist/pro/debug/__pa_temp_106172/ccyYgrIl.ltrans1.ltrans.o

.progmem0.data.Font08px_N9
                0x00000000000002bc        0x6
 .progmem0.data.Font08px_N9
                0x00000000000002bc        0x6 dist/pro/debug/__pa_temp_106172/ccyYgrIl.ltrans1.ltrans.o

.progmem0.data.Font08px_N8
                0x00000000000002c2        0x6
 .progmem0.data.Font08px_N8
                0x00000000000002c2        0x6 dist/pro/debug/__pa_temp_106172/ccyYgrIl.ltrans1.ltrans.o

.progmem0.data.Font08px_N7
                0x00000000000002c8        0x6
 .progmem0.data.Font08px_N7
                0x00000000000002c8        0x6 dist/pro/debug/__pa_temp_106172/ccyYgrIl.ltrans1.ltrans.o

.progmem0.data.Font08px_N6
                0x00000000000002ce        0x6
 .progmem0.data.Font08px_N6
                0x00000000000002ce        0x6 dist/pro/debug/__pa_temp_106172/ccyYgrIl.ltrans1.ltrans.o

.progmem0.data.Font08px_N5
                0x00000000000002d4        0x6
 .progmem0.data.Font08px_N5
                0x00000000000002d4        0x6 dist/pro/debug/__pa_temp_106172/ccyYgrIl.ltrans1.ltrans.o

.progmem0.data.Font08px_N4
                0x00000000000002da        0x6
 .progmem0.data.Font08px_N4
                0x00000000000002da        0x6 dist/pro/debug/__pa_temp_106172/ccyYgrIl.ltrans1.ltrans.o

.progmem0.data.Font08px_N3
                0x00000000000002e0        0x6
 .progmem0.data.Font08px_N3
                0x00000000000002e0        0x6 dist/pro/debug/__pa_temp_106172/ccyYgrIl.ltrans1.ltrans.o

.progmem0.data.Font08px_N2
                0x00000000000002e6        0x6
 .progmem0.data.Font08px_N2
                0x00000000000002e6        0x6 dist/pro/debug/__pa_temp_106172/ccyYgrIl.ltrans1.ltrans.o

.progmem0.data.Font08px_N1
                0x00000000000002ec        0x6
 .progmem0.data.Font08px_N1
                0x00000000000002ec        0x6 dist/pro/debug/__pa_temp_106172/ccyYgrIl.ltrans1.ltrans.o

.progmem0.data.Font08px_N0
                0x00000000000002f2        0x6
 .progmem0.data.Font08px_N0
                0x00000000000002f2        0x6 dist/pro/debug/__pa_temp_106172/ccyYgrIl.ltrans1.ltrans.o

.progmem0.data.Font08px_plus
                0x00000000000002f8        0x6
 .progmem0.data.Font08px_plus
                0x00000000000002f8        0x6 dist/pro/debug/__pa_temp_106172/ccyYgrIl.ltrans1.ltrans.o

.progmem0.data.Font08px_star
                0x00000000000002fe        0x6
 .progmem0.data.Font08px_star
                0x00000000000002fe        0x6 dist/pro/debug/__pa_temp_106172/ccyYgrIl.ltrans1.ltrans.o

.progmem0.data.Font08px_dollar
                0x0000000000000304        0x6
 .progmem0.data.Font08px_dollar
                0x0000000000000304        0x6 dist/pro/debug/__pa_temp_106172/ccyYgrIl.ltrans1.ltrans.o

.progmem0.data.Font08px_hash
                0x000000000000030a        0x6
 .progmem0.data.Font08px_hash
                0x000000000000030a        0x6 dist/pro/debug/__pa_temp_106172/ccyYgrIl.ltrans1.ltrans.o

.progmem0.data.Font08px_tilde
                0x0000000000000310        0x5
 .progmem0.data.Font08px_tilde
                0x0000000000000310        0x5 dist/pro/debug/__pa_temp_106172/ccyYgrIl.ltrans1.ltrans.o

.progmem0.data.Font08px_ly
                0x0000000000000315        0x5
 .progmem0.data.Font08px_ly
                0x0000000000000315        0x5 dist/pro/debug/__pa_temp_106172/ccyYgrIl.ltrans1.ltrans.o

.progmem0.data.Font08px_lu
                0x000000000000031a        0x5
 .progmem0.data.Font08px_lu
                0x000000000000031a        0x5 dist/pro/debug/__pa_temp_106172/ccyYgrIl.ltrans1.ltrans.o

.progmem0.data.Font08px_ls
                0x000000000000031f        0x5
 .progmem0.data.Font08px_ls
                0x000000000000031f        0x5 dist/pro/debug/__pa_temp_106172/ccyYgrIl.ltrans1.ltrans.o

.progmem0.data.Font08px_lq
                0x0000000000000324        0x5
 .progmem0.data.Font08px_lq
                0x0000000000000324        0x5 dist/pro/debug/__pa_temp_106172/ccyYgrIl.ltrans1.ltrans.o

.progmem0.data.Font08px_lp
                0x0000000000000329        0x5
 .progmem0.data.Font08px_lp
                0x0000000000000329        0x5 dist/pro/debug/__pa_temp_106172/ccyYgrIl.ltrans1.ltrans.o

.progmem0.data.Font08px_lo
                0x000000000000032e        0x5
 .progmem0.data.Font08px_lo
                0x000000000000032e        0x5 dist/pro/debug/__pa_temp_106172/ccyYgrIl.ltrans1.ltrans.o

.progmem0.data.Font08px_ln
                0x0000000000000333        0x5
 .progmem0.data.Font08px_ln
                0x0000000000000333        0x5 dist/pro/debug/__pa_temp_106172/ccyYgrIl.ltrans1.ltrans.o

.progmem0.data.Font08px_lk
                0x0000000000000338        0x5
 .progmem0.data.Font08px_lk
                0x0000000000000338        0x5 dist/pro/debug/__pa_temp_106172/ccyYgrIl.ltrans1.ltrans.o

.progmem0.data.Font08px_lh
                0x000000000000033d        0x5
 .progmem0.data.Font08px_lh
                0x000000000000033d        0x5 dist/pro/debug/__pa_temp_106172/ccyYgrIl.ltrans1.ltrans.o

.progmem0.data.Font08px_lg
                0x0000000000000342        0x5
 .progmem0.data.Font08px_lg
                0x0000000000000342        0x5 dist/pro/debug/__pa_temp_106172/ccyYgrIl.ltrans1.ltrans.o

.progmem0.data.Font08px_le
                0x0000000000000347        0x5
 .progmem0.data.Font08px_le
                0x0000000000000347        0x5 dist/pro/debug/__pa_temp_106172/ccyYgrIl.ltrans1.ltrans.o

.progmem0.data.Font08px_ld
                0x000000000000034c        0x5
 .progmem0.data.Font08px_ld
                0x000000000000034c        0x5 dist/pro/debug/__pa_temp_106172/ccyYgrIl.ltrans1.ltrans.o

.progmem0.data.Font08px_lc
                0x0000000000000351        0x5
 .progmem0.data.Font08px_lc
                0x0000000000000351        0x5 dist/pro/debug/__pa_temp_106172/ccyYgrIl.ltrans1.ltrans.o

.progmem0.data.Font08px_lb
                0x0000000000000356        0x5
 .progmem0.data.Font08px_lb
                0x0000000000000356        0x5 dist/pro/debug/__pa_temp_106172/ccyYgrIl.ltrans1.ltrans.o

.progmem0.data.Font08px_la
                0x000000000000035b        0x5
 .progmem0.data.Font08px_la
                0x000000000000035b        0x5 dist/pro/debug/__pa_temp_106172/ccyYgrIl.ltrans1.ltrans.o

.progmem0.data.Font08px_backslash
                0x0000000000000360        0x5
 .progmem0.data.Font08px_backslash
                0x0000000000000360        0x5 dist/pro/debug/__pa_temp_106172/ccyYgrIl.ltrans1.ltrans.o

.progmem0.data.Font08px_UJ
                0x0000000000000365        0x5
 .progmem0.data.Font08px_UJ
                0x0000000000000365        0x5 dist/pro/debug/__pa_temp_106172/ccyYgrIl.ltrans1.ltrans.o

.progmem0.data.Font08px_questionmark
                0x000000000000036a        0x5
 .progmem0.data.Font08px_questionmark
                0x000000000000036a        0x5 dist/pro/debug/__pa_temp_106172/ccyYgrIl.ltrans1.ltrans.o

.progmem0.data.Font08px_slash
                0x000000000000036f        0x5
 .progmem0.data.Font08px_slash
                0x000000000000036f        0x5 dist/pro/debug/__pa_temp_106172/ccyYgrIl.ltrans1.ltrans.o

.progmem0.data.Font08px_right_curly_b
                0x0000000000000374        0x4
 .progmem0.data.Font08px_right_curly_b
                0x0000000000000374        0x4 dist/pro/debug/__pa_temp_106172/ccyYgrIl.ltrans1.ltrans.o

.progmem0.data.Font08px_left_curly_b
                0x0000000000000378        0x4
 .progmem0.data.Font08px_left_curly_b
                0x0000000000000378        0x4 dist/pro/debug/__pa_temp_106172/ccyYgrIl.ltrans1.ltrans.o

.progmem0.data.Font08px_lz
                0x000000000000037c        0x4
 .progmem0.data.Font08px_lz
                0x000000000000037c        0x4 dist/pro/debug/__pa_temp_106172/ccyYgrIl.ltrans1.ltrans.o

.progmem0.data.Font08px_lt
                0x0000000000000380        0x4
 .progmem0.data.Font08px_lt
                0x0000000000000380        0x4 dist/pro/debug/__pa_temp_106172/ccyYgrIl.ltrans1.ltrans.o

.progmem0.data.Font08px_lr
                0x0000000000000384        0x4
 .progmem0.data.Font08px_lr
                0x0000000000000384        0x4 dist/pro/debug/__pa_temp_106172/ccyYgrIl.ltrans1.ltrans.o

.progmem0.data.Font08px_lf
                0x0000000000000388        0x4
 .progmem0.data.Font08px_lf
                0x0000000000000388        0x4 dist/pro/debug/__pa_temp_106172/ccyYgrIl.ltrans1.ltrans.o

.progmem0.data.Font08px_caret
                0x000000000000038c        0x4
 .progmem0.data.Font08px_caret
                0x000000000000038c        0x4 dist/pro/debug/__pa_temp_106172/ccyYgrIl.ltrans1.ltrans.o

.progmem0.data.Font08px_UI
                0x0000000000000390        0x4
 .progmem0.data.Font08px_UI
                0x0000000000000390        0x4 dist/pro/debug/__pa_temp_106172/ccyYgrIl.ltrans1.ltrans.o

.progmem0.data.Font08px_more_than
                0x0000000000000394        0x4
 .progmem0.data.Font08px_more_than
                0x0000000000000394        0x4 dist/pro/debug/__pa_temp_106172/ccyYgrIl.ltrans1.ltrans.o

.progmem0.data.Font08px_equals
                0x0000000000000398        0x4
 .progmem0.data.Font08px_equals
                0x0000000000000398        0x4 dist/pro/debug/__pa_temp_106172/ccyYgrIl.ltrans1.ltrans.o

.progmem0.data.Font08px_les_than
                0x000000000000039c        0x4
 .progmem0.data.Font08px_les_than
                0x000000000000039c        0x4 dist/pro/debug/__pa_temp_106172/ccyYgrIl.ltrans1.ltrans.o

.progmem0.data.Font08px_semicolon
                0x00000000000003a0        0x4
 .progmem0.data.Font08px_semicolon
                0x00000000000003a0        0x4 dist/pro/debug/__pa_temp_106172/ccyYgrIl.ltrans1.ltrans.o

.progmem0.data.Font08px_period
                0x00000000000003a4        0x4
 .progmem0.data.Font08px_period
                0x00000000000003a4        0x4 dist/pro/debug/__pa_temp_106172/ccyYgrIl.ltrans1.ltrans.o

.progmem0.data.Font08px_minus
                0x00000000000003a8        0x4
 .progmem0.data.Font08px_minus
                0x00000000000003a8        0x4 dist/pro/debug/__pa_temp_106172/ccyYgrIl.ltrans1.ltrans.o

.progmem0.data.Font08px_comma
                0x00000000000003ac        0x4
 .progmem0.data.Font08px_comma
                0x00000000000003ac        0x4 dist/pro/debug/__pa_temp_106172/ccyYgrIl.ltrans1.ltrans.o

.progmem0.data.Font08px_closing_parentheses
                0x00000000000003b0        0x4
 .progmem0.data.Font08px_closing_parentheses
                0x00000000000003b0        0x4 dist/pro/debug/__pa_temp_106172/ccyYgrIl.ltrans1.ltrans.o

.progmem0.data.Font08px_parentheses
                0x00000000000003b4        0x4
 .progmem0.data.Font08px_parentheses
                0x00000000000003b4        0x4 dist/pro/debug/__pa_temp_106172/ccyYgrIl.ltrans1.ltrans.o

.progmem0.data.Font08px_quotation
                0x00000000000003b8        0x4
 .progmem0.data.Font08px_quotation
                0x00000000000003b8        0x4 dist/pro/debug/__pa_temp_106172/ccyYgrIl.ltrans1.ltrans.o

.progmem0.data.Font08px_lj
                0x00000000000003bc        0x3
 .progmem0.data.Font08px_lj
                0x00000000000003bc        0x3 dist/pro/debug/__pa_temp_106172/ccyYgrIl.ltrans1.ltrans.o

.progmem0.data.Font08px_grave_acent
                0x00000000000003bf        0x3
 .progmem0.data.Font08px_grave_acent
                0x00000000000003bf        0x3 dist/pro/debug/__pa_temp_106172/ccyYgrIl.ltrans1.ltrans.o

.progmem0.data.Font08px_right_square_bracket
                0x00000000000003c2        0x3
 .progmem0.data.Font08px_right_square_bracket
                0x00000000000003c2        0x3 dist/pro/debug/__pa_temp_106172/ccyYgrIl.ltrans1.ltrans.o

.progmem0.data.Font08px_left_square_bracket
                0x00000000000003c5        0x3
 .progmem0.data.Font08px_left_square_bracket
                0x00000000000003c5        0x3 dist/pro/debug/__pa_temp_106172/ccyYgrIl.ltrans1.ltrans.o

.progmem0.data.Font08px_colon
                0x00000000000003c8        0x3
 .progmem0.data.Font08px_colon
                0x00000000000003c8        0x3 dist/pro/debug/__pa_temp_106172/ccyYgrIl.ltrans1.ltrans.o

.progmem0.data.Font08px_space
                0x00000000000003cb        0x3
 .progmem0.data.Font08px_space
                0x00000000000003cb        0x3 dist/pro/debug/__pa_temp_106172/ccyYgrIl.ltrans1.ltrans.o

.progmem0.data.Font08px_Vertical_bar
                0x00000000000003ce        0x2
 .progmem0.data.Font08px_Vertical_bar
                0x00000000000003ce        0x2 dist/pro/debug/__pa_temp_106172/ccyYgrIl.ltrans1.ltrans.o

.progmem0.data.Font08px_ll
                0x00000000000003d0        0x2
 .progmem0.data.Font08px_ll
                0x00000000000003d0        0x2 dist/pro/debug/__pa_temp_106172/ccyYgrIl.ltrans1.ltrans.o

.progmem0.data.Font08px_li
                0x00000000000003d2        0x2
 .progmem0.data.Font08px_li
                0x00000000000003d2        0x2 dist/pro/debug/__pa_temp_106172/ccyYgrIl.ltrans1.ltrans.o

.progmem0.data.Font08px_apostrophe
                0x00000000000003d4        0x2
 .progmem0.data.Font08px_apostrophe
                0x00000000000003d4        0x2 dist/pro/debug/__pa_temp_106172/ccyYgrIl.ltrans1.ltrans.o

.progmem0.data.Font08px_exclemation
                0x00000000000003d6        0x2
 .progmem0.data.Font08px_exclemation
                0x00000000000003d6        0x2 dist/pro/debug/__pa_temp_106172/ccyYgrIl.ltrans1.ltrans.o

.text.startup.main
                0x00000000000003d8      0x3c8
 .text.startup.main
                0x00000000000003d8      0x3c8 dist/pro/debug/__pa_temp_106172/ccyYgrIl.ltrans1.ltrans.o
                0x00000000000003d8                main

.text.vfpfcnvrt
                0x00000000000007a0      0x2ce
 .text.vfpfcnvrt
                0x00000000000007a0      0x2ce dist/pro/debug/__pa_temp_106172/libc_a___printf_core.o
                0x00000000000007a0                vfpfcnvrt

.text.xQueueSemaphoreTake
                0x0000000000000a6e      0x2a4
 .text.xQueueSemaphoreTake
                0x0000000000000a6e      0x2a4 dist/pro/debug/__pa_temp_106172/ccyYgrIl.ltrans0.ltrans.o
                0x0000000000000a6e                xQueueSemaphoreTake

.text.prvTimerTask.lto_priv.34
                0x0000000000000d12      0x230
 .text.prvTimerTask.lto_priv.34
                0x0000000000000d12      0x230 dist/pro/debug/__pa_temp_106172/ccyYgrIl.ltrans0.ltrans.o
                0x0000000000000d12                prvTimerTask.lto_priv.34

.text.xTaskCreate.constprop.8
                0x0000000000000f42      0x1f6
 .text.xTaskCreate.constprop.8
                0x0000000000000f42      0x1f6 dist/pro/debug/__pa_temp_106172/ccyYgrIl.ltrans2.ltrans.o
                0x0000000000000f42                xTaskCreate.constprop.8

.text.__fmt_x   0x0000000000001138      0x1d6
 .text.__fmt_x  0x0000000000001138      0x1d6 dist/pro/debug/__pa_temp_106172/libc_a___fmt_x.o
                0x0000000000001138                __fmt_x_needed
                0x0000000000001138                __fmt_x

.text.xQueueGenericSend.constprop.20
                0x000000000000130e      0x1ce
 .text.xQueueGenericSend.constprop.20
                0x000000000000130e      0x1ce dist/pro/debug/__pa_temp_106172/ccyYgrIl.ltrans2.ltrans.o
                0x000000000000130e                xQueueGenericSend.constprop.20

.text.xStreamBufferReceive
                0x00000000000014dc      0x166
 .text.xStreamBufferReceive
                0x00000000000014dc      0x166 dist/pro/debug/__pa_temp_106172/ccyYgrIl.ltrans0.ltrans.o
                0x00000000000014dc                xStreamBufferReceive

.text.__vector_37
                0x0000000000001642      0x15e
 .text.__vector_37
                0x0000000000001642      0x15e dist/pro/debug/__pa_temp_106172/ccyYgrIl.ltrans2.ltrans.o
                0x0000000000001642                __vector_37

.text.xTaskIncrementTick
                0x00000000000017a0      0x148
 .text.xTaskIncrementTick
                0x00000000000017a0      0x148 dist/pro/debug/__pa_temp_106172/ccyYgrIl.ltrans0.ltrans.o

.text.tsk_clk   0x00000000000018e8      0x13a
 .text.tsk_clk  0x00000000000018e8      0x13a dist/pro/debug/__pa_temp_106172/ccyYgrIl.ltrans1.ltrans.o

.text.xQueueReceive
                0x0000000000001a22      0x110
 .text.xQueueReceive
                0x0000000000001a22      0x110 dist/pro/debug/__pa_temp_106172/ccyYgrIl.ltrans0.ltrans.o
                0x0000000000001a22                xQueueReceive

.text.tsk_main  0x0000000000001b32       0xde
 .text.tsk_main
                0x0000000000001b32       0xde dist/pro/debug/__pa_temp_106172/ccyYgrIl.ltrans1.ltrans.o

.text.xTaskResumeAll
                0x0000000000001c10       0xde
 .text.xTaskResumeAll
                0x0000000000001c10       0xde dist/pro/debug/__pa_temp_106172/ccyYgrIl.ltrans0.ltrans.o
                0x0000000000001c10                xTaskResumeAll

.text.tsk_keyboard
                0x0000000000001cee       0xda
 .text.tsk_keyboard
                0x0000000000001cee       0xda dist/pro/debug/__pa_temp_106172/ccyYgrIl.ltrans1.ltrans.o

.text.__cvt_u   0x0000000000001dc8       0xca
 .text.__cvt_u  0x0000000000001dc8       0xca dist/pro/debug/__pa_temp_106172/libc_a___fmt_u.o
                0x0000000000001dc8                __cvt_u

.text.__fmt_d   0x0000000000001e92       0xc8
 .text.__fmt_d  0x0000000000001e92       0xc8 dist/pro/debug/__pa_temp_106172/libc_a___fmt_d.o
                0x0000000000001e92                __fmt_d
                0x0000000000001e92                __fmt_d_needed

.text.tsk_term_rx
                0x0000000000001f5a       0xc8
 .text.tsk_term_rx
                0x0000000000001f5a       0xc8 dist/pro/debug/__pa_temp_106172/ccyYgrIl.ltrans1.ltrans.o

.text.__pop_int
                0x0000000000002022       0xb0
 .text.__pop_int
                0x0000000000002022       0xb0 dist/pro/debug/__pa_temp_106172/libc_a___pop_int.o
                0x0000000000002022                __pop_int_needed
                0x0000000000002022                __pop_int

.text.vPortYieldFromTick
                0x00000000000020d2       0xb0
 .text.vPortYieldFromTick
                0x00000000000020d2       0xb0 dist/pro/debug/__pa_temp_106172/ccyYgrIl.ltrans0.ltrans.o

.text.prvAddCurrentTaskToDelayedList.lto_priv.44
                0x0000000000002182       0xa8
 .text.prvAddCurrentTaskToDelayedList.lto_priv.44
                0x0000000000002182       0xa8 dist/pro/debug/__pa_temp_106172/ccyYgrIl.ltrans0.ltrans.o
                0x0000000000002182                prvAddCurrentTaskToDelayedList.lto_priv.44

.text.vPortYieldFromISR
                0x000000000000222a       0xa2
 .text.vPortYieldFromISR
                0x000000000000222a       0xa2 dist/pro/debug/__pa_temp_106172/ccyYgrIl.ltrans0.ltrans.o
                0x000000000000222a                vPortYieldFromISR

.text.vPortYield
                0x00000000000022cc       0xa2
 .text.vPortYield
                0x00000000000022cc       0xa2 dist/pro/debug/__pa_temp_106172/ccyYgrIl.ltrans0.ltrans.o
                0x00000000000022cc                vPortYield

.text.prvReadBytesFromBuffer
                0x000000000000236e       0x9a
 .text.prvReadBytesFromBuffer
                0x000000000000236e       0x9a dist/pro/debug/__pa_temp_106172/ccyYgrIl.ltrans0.ltrans.o

.text.prvSwitchTimerLists
                0x0000000000002408       0x96
 .text.prvSwitchTimerLists
                0x0000000000002408       0x96 dist/pro/debug/__pa_temp_106172/ccyYgrIl.ltrans0.ltrans.o

.text.fputc     0x000000000000249e       0x94
 .text.fputc    0x000000000000249e       0x94 dist/pro/debug/__pa_temp_106172/libc_a_fputc.o
                0x000000000000249e                fputc
                0x000000000000249e                putc

.text.xQueueGenericCreate
                0x0000000000002532       0x94
 .text.xQueueGenericCreate
                0x0000000000002532       0x94 dist/pro/debug/__pa_temp_106172/ccyYgrIl.ltrans0.ltrans.o
                0x0000000000002532                xQueueGenericCreate

.text.prvWriteBytesToBuffer
                0x00000000000025c6       0x8e
 .text.prvWriteBytesToBuffer
                0x00000000000025c6       0x8e dist/pro/debug/__pa_temp_106172/ccyYgrIl.ltrans0.ltrans.o

.text.__fmt_o   0x0000000000002654       0x8a
 .text.__fmt_o  0x0000000000002654       0x8a dist/pro/debug/__pa_temp_106172/libc_a___fmt_o.o
                0x0000000000002654                __fmt_o
                0x0000000000002654                __fmt_o_needed

.text.xStreamBufferSend.constprop.11
                0x00000000000026de       0x86
 .text.xStreamBufferSend.constprop.11
                0x00000000000026de       0x86 dist/pro/debug/__pa_temp_106172/ccyYgrIl.ltrans2.ltrans.o
                0x00000000000026de                xStreamBufferSend.constprop.11

.text.vTaskSwitchContext
                0x0000000000002764       0x82
 .text.vTaskSwitchContext
                0x0000000000002764       0x82 dist/pro/debug/__pa_temp_106172/ccyYgrIl.ltrans0.ltrans.o

.text.__printf_core
                0x00000000000027e6       0x78
 .text.__printf_core
                0x00000000000027e6       0x78 dist/pro/debug/__pa_temp_106172/libc_a___printf_core.o
                0x00000000000027e6                __printf_core

.text.prvWriteMessageToBuffer.lto_priv.27
                0x000000000000285e       0x78
 .text.prvWriteMessageToBuffer.lto_priv.27
                0x000000000000285e       0x78 dist/pro/debug/__pa_temp_106172/ccyYgrIl.ltrans0.ltrans.o
                0x000000000000285e                prvWriteMessageToBuffer.lto_priv.27

.text.__vsnprintf
                0x00000000000028d6       0x74
 .text.__vsnprintf
                0x00000000000028d6       0x74 c:/program files/microchip/xc8/v3.00/avr/bin/../lib/gcc/avr/5.4.0/../../../../avr/lib/avrxmega3\libc.a(__int_vsnprintf.o)
                0x00000000000028d6                __vsnprintf

.text.__pad     0x000000000000294a       0x72
 .text.__pad    0x000000000000294a       0x72 dist/pro/debug/__pa_temp_106172/libc_a___printf_core.o
                0x000000000000294a                __pad

.text.atoi      0x00000000000029bc       0x72
 .text.atoi     0x00000000000029bc       0x72 c:/program files/microchip/xc8/v3.00/avr/bin/../lib/gcc/avr/5.4.0/../../../../avr/lib/avrxmega3\libc.a(atoi.o)
                0x00000000000029bc                atoi

.text.prvUnlockQueue.lto_priv.26
                0x0000000000002a2e       0x70
 .text.prvUnlockQueue.lto_priv.26
                0x0000000000002a2e       0x70 dist/pro/debug/__pa_temp_106172/ccyYgrIl.ltrans0.ltrans.o
                0x0000000000002a2e                prvUnlockQueue.lto_priv.26

.rodata         0x0000000000806a9e       0x6d load address 0x0000000000002a9e
 .rodata        0x0000000000806a9e       0x6d dist/pro/debug/__pa_temp_106172/ccyYgrIl.ltrans1.ltrans.o

.text.get_number.lto_priv.36
                0x0000000000002b0c       0x6c
 .text.get_number.lto_priv.36
                0x0000000000002b0c       0x6c dist/pro/debug/__pa_temp_106172/ccyYgrIl.ltrans2.ltrans.o
                0x0000000000002b0c                get_number.lto_priv.36

.text.vListInsert
                0x0000000000002b78       0x6c
 .text.vListInsert
                0x0000000000002b78       0x6c dist/pro/debug/__pa_temp_106172/ccyYgrIl.ltrans0.ltrans.o

.text.__fmt_u   0x0000000000002be4       0x66
 .text.__fmt_u  0x0000000000002be4       0x66 dist/pro/debug/__pa_temp_106172/libc_a___fmt_u.o
                0x0000000000002be4                __fmt_u_needed
                0x0000000000002be4                __fmt_u

.text.xTaskCheckForTimeOut
                0x0000000000002c4a       0x64
 .text.xTaskCheckForTimeOut
                0x0000000000002c4a       0x64 dist/pro/debug/__pa_temp_106172/ccyYgrIl.ltrans0.ltrans.o
                0x0000000000002c4a                xTaskCheckForTimeOut

.text.pvPortMalloc
                0x0000000000002cae       0x64
 .text.pvPortMalloc
                0x0000000000002cae       0x64 dist/pro/debug/__pa_temp_106172/ccyYgrIl.ltrans0.ltrans.o
                0x0000000000002cae                pvPortMalloc

.text.xTaskGenericNotify.constprop.16
                0x0000000000002d12       0x62
 .text.xTaskGenericNotify.constprop.16
                0x0000000000002d12       0x62 dist/pro/debug/__pa_temp_106172/ccyYgrIl.ltrans2.ltrans.o
                0x0000000000002d12                xTaskGenericNotify.constprop.16

.text.xTaskRemoveFromEventList
                0x0000000000002d74       0x62
 .text.xTaskRemoveFromEventList
                0x0000000000002d74       0x62 dist/pro/debug/__pa_temp_106172/ccyYgrIl.ltrans0.ltrans.o
                0x0000000000002d74                xTaskRemoveFromEventList

.text.ssd1306_write_text
                0x0000000000002dd6       0x56
 .text.ssd1306_write_text
                0x0000000000002dd6       0x56 dist/pro/debug/__pa_temp_106172/ccyYgrIl.ltrans1.ltrans.o

.text.tsk_term_tx
                0x0000000000002e2c       0x54
 .text.tsk_term_tx
                0x0000000000002e2c       0x54 dist/pro/debug/__pa_temp_106172/ccyYgrIl.ltrans1.ltrans.o

.text.prvInsertTimerInActiveList
                0x0000000000002e80       0x54
 .text.prvInsertTimerInActiveList
                0x0000000000002e80       0x54 dist/pro/debug/__pa_temp_106172/ccyYgrIl.ltrans0.ltrans.o

.text.__fmt_s   0x0000000000002ed4       0x54
 .text.__fmt_s  0x0000000000002ed4       0x54 c:/program files/microchip/xc8/v3.00/avr/bin/../lib/gcc/avr/5.4.0/../../../../avr/lib/avrxmega3\libc.a(__fmt_s.o)
                0x0000000000002ed4                __fmt_s
                0x0000000000002ed4                __fmt_0_needed
                0x0000000000002ed4                __fmt_s_needed

.text.read_prec_or_width
                0x0000000000002f28       0x52
 .text.read_prec_or_width
                0x0000000000002f28       0x52 dist/pro/debug/__pa_temp_106172/libc_a___printf_core.o

.text.tsk_LED   0x0000000000002f7a       0x52
 .text.tsk_LED  0x0000000000002f7a       0x52 dist/pro/debug/__pa_temp_106172/ccyYgrIl.ltrans1.ltrans.o

.text.xTimerGenericCommand.constprop.6
                0x0000000000002fcc       0x4c
 .text.xTimerGenericCommand.constprop.6
                0x0000000000002fcc       0x4c dist/pro/debug/__pa_temp_106172/ccyYgrIl.ltrans2.ltrans.o
                0x0000000000002fcc                xTimerGenericCommand.constprop.6

.text.uxListRemove
                0x0000000000003018       0x48
 .text.uxListRemove
                0x0000000000003018       0x48 dist/pro/debug/__pa_temp_106172/ccyYgrIl.ltrans0.ltrans.o
                0x0000000000003018                uxListRemove

.text.libgcc.div
                0x0000000000003060       0x44
 .text.libgcc.div
                0x0000000000003060       0x44 c:/program files/microchip/xc8/v3.00/avr/bin/../lib/gcc/avr/5.4.0/avrxmega3\libgcc.a(_udivmodsi4.o)
                0x0000000000003060                __udivmodsi4

.text.vListInsertEnd
                0x00000000000030a4       0x42
 .text.vListInsertEnd
                0x00000000000030a4       0x42 dist/pro/debug/__pa_temp_106172/ccyYgrIl.ltrans0.ltrans.o
                0x00000000000030a4                vListInsertEnd

.text.__fmt_state
                0x00000000000030e6       0x40
 .text.__fmt_state
                0x00000000000030e6       0x40 dist/pro/debug/__pa_temp_106172/libc_a___printf_core.o
                0x00000000000030e6                __fmt_state

.text.__out     0x0000000000003126       0x3a
 .text.__out    0x0000000000003126       0x3a dist/pro/debug/__pa_temp_106172/libc_a___printf_core.o
                0x0000000000003126                __out

.text.libgcc.prologue
                0x0000000000003160       0x32
 .text.libgcc.prologue
                0x0000000000003160       0x32 c:/program files/microchip/xc8/v3.00/avr/bin/../lib/gcc/avr/5.4.0/avrxmega3\libgcc.a(_prologue.o)
                0x0000000000003160                __prologue_saves__

.text.libgcc.prologue
                0x0000000000003192       0x30
 .text.libgcc.prologue
                0x0000000000003192       0x30 c:/program files/microchip/xc8/v3.00/avr/bin/../lib/gcc/avr/5.4.0/avrxmega3\libgcc.a(_epilogue.o)
                0x0000000000003192                __epilogue_restores__

.text.__vfprintf
                0x00000000000031c2       0x30
 .text.__vfprintf
                0x00000000000031c2       0x30 c:/program files/microchip/xc8/v3.00/avr/bin/../lib/gcc/avr/5.4.0/../../../../avr/lib/avrxmega3\libc.a(__int_vfprintf.o)
                0x00000000000031c2                __vfprintf

.text.prvBytesInBuffer.lto_priv.28
                0x00000000000031f2       0x26
 .text.prvBytesInBuffer.lto_priv.28
                0x00000000000031f2       0x26 dist/pro/debug/__pa_temp_106172/ccyYgrIl.ltrans0.ltrans.o
                0x00000000000031f2                prvBytesInBuffer.lto_priv.28

.text.ssd1306_write_data.lto_priv.40.lto_priv.42
                0x0000000000003218       0x24
 .text.ssd1306_write_data.lto_priv.40.lto_priv.42
                0x0000000000003218       0x24 dist/pro/debug/__pa_temp_106172/ccyYgrIl.ltrans0.ltrans.o
                0x0000000000003218                ssd1306_write_data.lto_priv.41.lto_priv.45
                0x0000000000003218                ssd1306_write_data.lto_priv.40.lto_priv.42

.text.ssd1306_write_command.lto_priv.37.lto_priv.39
                0x000000000000323c       0x24
 .text.ssd1306_write_command.lto_priv.37.lto_priv.39
                0x000000000000323c       0x24 dist/pro/debug/__pa_temp_106172/ccyYgrIl.ltrans0.ltrans.o
                0x000000000000323c                ssd1306_write_command.lto_priv.37.lto_priv.39
                0x000000000000323c                ssd1306_write_command.lto_priv.38.lto_priv.43

.text.__wrap_sprintf
                0x0000000000003260       0x24
 .text.__wrap_sprintf
                0x0000000000003260       0x24 c:/program files/microchip/xc8/v3.00/avr/bin/../lib/gcc/avr/5.4.0/../../../../avr/lib/avrxmega3\libc.a(__sio_sprintf_dosux.o)
                0x0000000000003260                _sprintf_cdopsuxX

.text.tsk_status_LED
                0x0000000000003284       0x22
 .text.tsk_status_LED
                0x0000000000003284       0x22 dist/pro/debug/__pa_temp_106172/ccyYgrIl.ltrans1.ltrans.o

.text.prvResetNextTaskUnblockTime
                0x00000000000032a6       0x22
 .text.prvResetNextTaskUnblockTime
                0x00000000000032a6       0x22 dist/pro/debug/__pa_temp_106172/ccyYgrIl.ltrans0.ltrans.o

.text.vTaskPlaceOnEventList
                0x00000000000032c8       0x1e
 .text.vTaskPlaceOnEventList
                0x00000000000032c8       0x1e dist/pro/debug/__pa_temp_106172/ccyYgrIl.ltrans0.ltrans.o
                0x00000000000032c8                vTaskPlaceOnEventList

.text.vListInitialise
                0x00000000000032e6       0x1c
 .text.vListInitialise
                0x00000000000032e6       0x1c dist/pro/debug/__pa_temp_106172/ccyYgrIl.ltrans0.ltrans.o
                0x00000000000032e6                vListInitialise

.text.strlen    0x0000000000003302       0x1c
 .text.strlen   0x0000000000003302       0x1c c:/program files/microchip/xc8/v3.00/avr/bin/../lib/gcc/avr/5.4.0/../../../../avr/lib/avrxmega3\libc.a(strlen.o)
                0x0000000000003302                strlen

.__pa__0_13     0x000000000000331e       0x1a
 .__pa__0_13    0x000000000000331e       0x1a dist/pro/debug/__pa_temp_106172/ccyYgrIl.ltrans1.ltrans.o
                0x000000000000331e                __pa__0_13

.text.libgcc.div
                0x0000000000003338       0x18
 .text.libgcc.div
                0x0000000000003338       0x18 c:/program files/microchip/xc8/v3.00/avr/bin/../lib/gcc/avr/5.4.0/avrxmega3\libgcc.a(_udivmodqi4.o)
                0x0000000000003338                __udivmodqi4

.rodata.state_table
                0x0000000000807350       0x16 load address 0x0000000000003350
 .rodata.state_table
                0x0000000000807350       0x16 dist/pro/debug/__pa_temp_106172/libc_a___printf_core.o

.text.prvIsQueueEmpty
                0x0000000000003366       0x16
 .text.prvIsQueueEmpty
                0x0000000000003366       0x16 dist/pro/debug/__pa_temp_106172/ccyYgrIl.ltrans0.ltrans.o

.__pa__0_26     0x000000000000337c       0x16
 .__pa__0_26    0x000000000000337c       0x16 dist/pro/debug/__pa_temp_106172/ccyYgrIl.ltrans0.ltrans.o
                0x000000000000337c                __pa__0_26

.text.exit      0x0000000000003392       0x16
 .text.exit     0x0000000000003392       0x16 c:/program files/microchip/xc8/v3.00/avr/bin/../lib/gcc/avr/5.4.0/../../../../avr/lib/avrxmega3\libc.a(exit.o)
                0x0000000000003392                exit

.text.memcpy    0x00000000000033a8       0x16
 .text.memcpy   0x00000000000033a8       0x16 c:/program files/microchip/xc8/v3.00/avr/bin/../lib/gcc/avr/5.4.0/../../../../avr/lib/avrxmega3\libc.a(memcpy.o)
                0x00000000000033a8                memcpy

.__pa__1_7      0x00000000000033be       0x14
 .__pa__1_7     0x00000000000033be       0x14 dist/pro/debug/__pa_temp_106172/libc_a___printf_core.o
                0x00000000000033be                __pa__1_7

.__pa__0_6      0x00000000000033d2       0x14
 .__pa__0_6     0x00000000000033d2       0x14 dist/pro/debug/__pa_temp_106172/libc_a___fmt_d.o
                0x00000000000033d2                __pa__0_6

.text.report_timeout.lto_priv.35
                0x00000000000033e6       0x14
 .text.report_timeout.lto_priv.35
                0x00000000000033e6       0x14 dist/pro/debug/__pa_temp_106172/ccyYgrIl.ltrans2.ltrans.o
                0x00000000000033e6                report_timeout.lto_priv.35

.__pa__0_16     0x00000000000033fa       0x12
 .__pa__0_16    0x00000000000033fa       0x12 dist/pro/debug/__pa_temp_106172/libc_a___printf_core.o
                0x00000000000033fa                __pa__0_16

.__pa__0_5      0x000000000000340c       0x12
 .__pa__0_5     0x000000000000340c       0x12 dist/pro/debug/__pa_temp_106172/libc_a___fmt_o.o
                0x000000000000340c                __pa__0_5

.__pa__0_1b     0x000000000000341e       0x12
 .__pa__0_1b    0x000000000000341e       0x12 dist/pro/debug/__pa_temp_106172/ccyYgrIl.ltrans0.ltrans.o
                0x000000000000341e                __pa__0_1b

.text.toupper   0x0000000000003430       0x12
 .text.toupper  0x0000000000003430       0x12 c:/program files/microchip/xc8/v3.00/avr/bin/../lib/gcc/avr/5.4.0/../../../../avr/lib/avrxmega3\libc.a(toupper.o)
                0x0000000000003430                toupper

.rodata.unknown_command_msg
                0x0000000000807442       0x11 load address 0x0000000000003442
 .rodata.unknown_command_msg
                0x0000000000807442       0x11 dist/pro/debug/__pa_temp_106172/ccyYgrIl.ltrans1.ltrans.o

.__pa__0_15     0x0000000000003454       0x10
 .__pa__0_15    0x0000000000003454       0x10 dist/pro/debug/__pa_temp_106172/libc_a___printf_core.o
                0x0000000000003454                __pa__0_15

.__pa__0_17     0x0000000000003464       0x10
 .__pa__0_17    0x0000000000003464       0x10 dist/pro/debug/__pa_temp_106172/libc_a___printf_core.o
                0x0000000000003464                __pa__0_17

.__pa__1_1      0x0000000000003474       0x10
 .__pa__1_1     0x0000000000003474       0x10 dist/pro/debug/__pa_temp_106172/libc_a___printf_core.o
                0x0000000000003474                __pa__1_1

.__pa__1_4      0x0000000000003484       0x10
 .__pa__1_4     0x0000000000003484       0x10 dist/pro/debug/__pa_temp_106172/libc_a___printf_core.o
                0x0000000000003484                __pa__1_4

.text.xTaskGetTickCount
                0x0000000000003494       0x10
 .text.xTaskGetTickCount
                0x0000000000003494       0x10 dist/pro/debug/__pa_temp_106172/ccyYgrIl.ltrans0.ltrans.o
                0x0000000000003494                xTaskGetTickCount

.text.__vector_12
                0x00000000000034a4       0x10
 .text.__vector_12
                0x00000000000034a4       0x10 dist/pro/debug/__pa_temp_106172/ccyYgrIl.ltrans0.ltrans.o
                0x00000000000034a4                __vector_12

.__pa__0_2      0x00000000000034b4       0x10
 .__pa__0_2     0x00000000000034b4       0x10 dist/pro/debug/__pa_temp_106172/ccyYgrIl.ltrans0.ltrans.o
                0x00000000000034b4                __pa__0_2

.__pa__0_e      0x00000000000034c4       0x10
 .__pa__0_e     0x00000000000034c4       0x10 dist/pro/debug/__pa_temp_106172/ccyYgrIl.ltrans0.ltrans.o
                0x00000000000034c4                __pa__0_e

.__pa__0_22     0x00000000000034d4       0x10
 .__pa__0_22    0x00000000000034d4       0x10 dist/pro/debug/__pa_temp_106172/ccyYgrIl.ltrans0.ltrans.o
                0x00000000000034d4                __pa__0_22

.text.tolower   0x00000000000034e4       0x10
 .text.tolower  0x00000000000034e4       0x10 c:/program files/microchip/xc8/v3.00/avr/bin/../lib/gcc/avr/5.4.0/../../../../avr/lib/avrxmega3\libc.a(tolower.o)
                0x00000000000034e4                tolower

.__pa__1_2      0x00000000000034f4        0xe
 .__pa__1_2     0x00000000000034f4        0xe dist/pro/debug/__pa_temp_106172/libc_a___printf_core.o
                0x00000000000034f4                __pa__1_2

.__pa__0_11     0x0000000000003502        0xe
 .__pa__0_11    0x0000000000003502        0xe dist/pro/debug/__pa_temp_106172/libc_a___pop_int.o
                0x0000000000003502                __pa__0_11

.__pa__0_1a     0x0000000000003510        0xe
 .__pa__0_1a    0x0000000000003510        0xe dist/pro/debug/__pa_temp_106172/ccyYgrIl.ltrans2.ltrans.o
                0x0000000000003510                __pa__0_1a

.__pa__0_b      0x000000000000351e        0xe
 .__pa__0_b     0x000000000000351e        0xe dist/pro/debug/__pa_temp_106172/ccyYgrIl.ltrans1.ltrans.o
                0x000000000000351e                __pa__0_b

.__pa__0_c      0x000000000000352c        0xe
 .__pa__0_c     0x000000000000352c        0xe dist/pro/debug/__pa_temp_106172/ccyYgrIl.ltrans1.ltrans.o
                0x000000000000352c                __pa__0_c

.__pa__0_1f     0x000000000000353a        0xe
 .__pa__0_1f    0x000000000000353a        0xe dist/pro/debug/__pa_temp_106172/ccyYgrIl.ltrans1.ltrans.o
                0x000000000000353a                __pa__0_1f

.text.prvIdleTask.lto_priv.30
                0x0000000000003548        0xe
 .text.prvIdleTask.lto_priv.30
                0x0000000000003548        0xe dist/pro/debug/__pa_temp_106172/ccyYgrIl.ltrans0.ltrans.o
                0x0000000000003548                prvIdleTask.lto_priv.30

.__pa__0_f      0x0000000000003556        0xe
 .__pa__0_f     0x0000000000003556        0xe dist/pro/debug/__pa_temp_106172/ccyYgrIl.ltrans0.ltrans.o
                0x0000000000003556                __pa__0_f

.__pa__0_1e     0x0000000000003564        0xe
 .__pa__0_1e    0x0000000000003564        0xe dist/pro/debug/__pa_temp_106172/ccyYgrIl.ltrans0.ltrans.o
                0x0000000000003564                __pa__0_1e

.__pa__0_2a     0x0000000000003572        0xe
 .__pa__0_2a    0x0000000000003572        0xe dist/pro/debug/__pa_temp_106172/ccyYgrIl.ltrans0.ltrans.o
                0x0000000000003572                __pa__0_2a

.__pa__0_2b     0x0000000000003580        0xe
 .__pa__0_2b    0x0000000000003580        0xe dist/pro/debug/__pa_temp_106172/ccyYgrIl.ltrans0.ltrans.o
                0x0000000000003580                __pa__0_2b

.text.__vsprintf
                0x000000000000358e        0xe
 .text.__vsprintf
                0x000000000000358e        0xe c:/program files/microchip/xc8/v3.00/avr/bin/../lib/gcc/avr/5.4.0/../../../../avr/lib/avrxmega3\libc.a(__int_vsprintf.o)
                0x000000000000358e                __vsprintf

.__pa__0_8      0x000000000000359c        0xc
 .__pa__0_8     0x000000000000359c        0xc dist/pro/debug/__pa_temp_106172/libc_a___printf_core.o
                0x000000000000359c                __pa__0_8

.__pa__1_0      0x00000000000035a8        0xc
 .__pa__1_0     0x00000000000035a8        0xc dist/pro/debug/__pa_temp_106172/libc_a___printf_core.o
                0x00000000000035a8                __pa__1_0

.__pa__0_a      0x00000000000035b4        0xc
 .__pa__0_a     0x00000000000035b4        0xc dist/pro/debug/__pa_temp_106172/libc_a___fmt_d.o
                0x00000000000035b4                __pa__0_a

.rodata.LEDs    0x00000000008075c0        0xc load address 0x00000000000035c0
 .rodata.LEDs   0x00000000008075c0        0xc dist/pro/debug/__pa_temp_106172/ccyYgrIl.ltrans1.ltrans.o

.__pa__0_20     0x00000000000035cc        0xc
 .__pa__0_20    0x00000000000035cc        0xc dist/pro/debug/__pa_temp_106172/ccyYgrIl.ltrans1.ltrans.o
                0x00000000000035cc                __pa__0_20

.text.vTaskSuspendAll
                0x00000000000035d8        0xc
 .text.vTaskSuspendAll
                0x00000000000035d8        0xc dist/pro/debug/__pa_temp_106172/ccyYgrIl.ltrans0.ltrans.o
                0x00000000000035d8                vTaskSuspendAll

.__pa__0_21     0x00000000000035e4        0xc
 .__pa__0_21    0x00000000000035e4        0xc dist/pro/debug/__pa_temp_106172/ccyYgrIl.ltrans0.ltrans.o
                0x00000000000035e4                __pa__0_21

.__pa__1_6      0x00000000000035f0        0xc
 .__pa__1_6     0x00000000000035f0        0xc dist/pro/debug/__pa_temp_106172/ccyYgrIl.ltrans0.ltrans.o
                0x00000000000035f0                __pa__1_6

.text.libgcc    0x00000000000035fc        0xc
 .text.libgcc   0x00000000000035fc        0xc c:/program files/microchip/xc8/v3.00/avr/bin/../lib/gcc/avr/5.4.0/avrxmega3\libgcc.a(_tablejump2.o)
                0x00000000000035fc                __tablejump2__

.rodata.timed_out_msg
                0x0000000000807608        0xb load address 0x0000000000003608
 .rodata.timed_out_msg
                0x0000000000807608        0xb dist/pro/debug/__pa_temp_106172/ccyYgrIl.ltrans2.ltrans.o

.__pa__0_d      0x0000000000003614        0xa
 .__pa__0_d     0x0000000000003614        0xa dist/pro/debug/__pa_temp_106172/libc_a_fputc.o
                0x0000000000003614                __pa__0_d

.__pa__0_7      0x000000000000361e        0xa
 .__pa__0_7     0x000000000000361e        0xa dist/pro/debug/__pa_temp_106172/libc_a___printf_core.o
                0x000000000000361e                __pa__0_7

.__pa__0_14     0x0000000000003628        0xa
 .__pa__0_14    0x0000000000003628        0xa dist/pro/debug/__pa_temp_106172/libc_a___printf_core.o
                0x0000000000003628                __pa__0_14

.__pa__0_3      0x0000000000003632        0xa
 .__pa__0_3     0x0000000000003632        0xa dist/pro/debug/__pa_temp_106172/libc_a___fmt_d.o
                0x0000000000003632                __pa__0_3

.__pa__0_4      0x000000000000363c        0xa
 .__pa__0_4     0x000000000000363c        0xa dist/pro/debug/__pa_temp_106172/libc_a___fmt_d.o
                0x000000000000363c                __pa__0_4

.__pa__0_18     0x0000000000003646        0xa
 .__pa__0_18    0x0000000000003646        0xa dist/pro/debug/__pa_temp_106172/ccyYgrIl.ltrans2.ltrans.o
                0x0000000000003646                __pa__0_18

.__pa__0_19     0x0000000000003650        0xa
 .__pa__0_19    0x0000000000003650        0xa dist/pro/debug/__pa_temp_106172/ccyYgrIl.ltrans2.ltrans.o
                0x0000000000003650                __pa__0_19

.__pa__0_1c     0x000000000000365a        0xa
 .__pa__0_1c    0x000000000000365a        0xa dist/pro/debug/__pa_temp_106172/ccyYgrIl.ltrans2.ltrans.o
                0x000000000000365a                __pa__0_1c

.__pa__0_1d     0x0000000000003664        0xa
 .__pa__0_1d    0x0000000000003664        0xa dist/pro/debug/__pa_temp_106172/ccyYgrIl.ltrans2.ltrans.o
                0x0000000000003664                __pa__0_1d

.rodata.time_set_msg
                0x000000000080766e        0xa load address 0x000000000000366e
 .rodata.time_set_msg
                0x000000000080766e        0xa dist/pro/debug/__pa_temp_106172/ccyYgrIl.ltrans1.ltrans.o

.__pa__0_0      0x0000000000003678        0xa
 .__pa__0_0     0x0000000000003678        0xa dist/pro/debug/__pa_temp_106172/ccyYgrIl.ltrans1.ltrans.o
                0x0000000000003678                __pa__0_0

.__pa__0_10     0x0000000000003682        0xa
 .__pa__0_10    0x0000000000003682        0xa dist/pro/debug/__pa_temp_106172/ccyYgrIl.ltrans0.ltrans.o
                0x0000000000003682                __pa__0_10

.__pa__0_23     0x000000000000368c        0xa
 .__pa__0_23    0x000000000000368c        0xa dist/pro/debug/__pa_temp_106172/ccyYgrIl.ltrans0.ltrans.o
                0x000000000000368c                __pa__0_23

.__pa__0_24     0x0000000000003696        0xa
 .__pa__0_24    0x0000000000003696        0xa dist/pro/debug/__pa_temp_106172/ccyYgrIl.ltrans0.ltrans.o
                0x0000000000003696                __pa__0_24

.__pa__0_25     0x00000000000036a0        0xa
 .__pa__0_25    0x00000000000036a0        0xa dist/pro/debug/__pa_temp_106172/ccyYgrIl.ltrans0.ltrans.o
                0x00000000000036a0                __pa__0_25

.__pa__0_28     0x00000000000036aa        0xa
 .__pa__0_28    0x00000000000036aa        0xa dist/pro/debug/__pa_temp_106172/ccyYgrIl.ltrans0.ltrans.o
                0x00000000000036aa                __pa__0_28

.__pa__1_5      0x00000000000036b4        0xa
 .__pa__1_5     0x00000000000036b4        0xa dist/pro/debug/__pa_temp_106172/ccyYgrIl.ltrans0.ltrans.o
                0x00000000000036b4                __pa__1_5

.__pa__1_8      0x00000000000036be        0xa
 .__pa__1_8     0x00000000000036be        0xa dist/pro/debug/__pa_temp_106172/ccyYgrIl.ltrans0.ltrans.o
                0x00000000000036be                __pa__1_8

.__pa__1_9      0x00000000000036c8        0xa
 .__pa__1_9     0x00000000000036c8        0xa dist/pro/debug/__pa_temp_106172/ccyYgrIl.ltrans0.ltrans.o
                0x00000000000036c8                __pa__1_9

.__pa__1_a      0x00000000000036d2        0xa
 .__pa__1_a     0x00000000000036d2        0xa dist/pro/debug/__pa_temp_106172/ccyYgrIl.ltrans0.ltrans.o
                0x00000000000036d2                __pa__1_a

.__pa__1_b      0x00000000000036dc        0xa
 .__pa__1_b     0x00000000000036dc        0xa dist/pro/debug/__pa_temp_106172/ccyYgrIl.ltrans0.ltrans.o
                0x00000000000036dc                __pa__1_b

.__pa__0_12     0x00000000000036e6        0x8
 .__pa__0_12    0x00000000000036e6        0x8 dist/pro/debug/__pa_temp_106172/ccyYgrIl.ltrans2.ltrans.o
                0x00000000000036e6                __pa__0_12

.__pa__1_3      0x00000000000036ee        0x8
 .__pa__1_3     0x00000000000036ee        0x8 dist/pro/debug/__pa_temp_106172/ccyYgrIl.ltrans2.ltrans.o
                0x00000000000036ee                __pa__1_3

.rodata.nuls.2781
                0x00000000008076f6        0x7 load address 0x00000000000036f6
 .rodata.nuls.2781
                0x00000000008076f6        0x7 c:/program files/microchip/xc8/v3.00/avr/bin/../lib/gcc/avr/5.4.0/../../../../avr/lib/avrxmega3\libc.a(__fmt_s.o)

.rodata.nilstr.2962
                0x00000000008076fd        0x6 load address 0x00000000000036fd
 .rodata.nilstr.2962
                0x00000000008076fd        0x6 dist/pro/debug/__pa_temp_106172/libc_a___printf_core.o

.__pa__0_1      0x0000000000003704        0x6
 .__pa__0_1     0x0000000000003704        0x6 dist/pro/debug/__pa_temp_106172/libc_a___printf_core.o
                0x0000000000003704                __pa__0_1

.__pa__0_9      0x000000000000370a        0x6
 .__pa__0_9     0x000000000000370a        0x6 dist/pro/debug/__pa_temp_106172/libc_a___printf_core.o
                0x000000000000370a                __pa__0_9

.__pa__0_27     0x0000000000003710        0x6
 .__pa__0_27    0x0000000000003710        0x6 dist/pro/debug/__pa_temp_106172/ccyYgrIl.ltrans0.ltrans.o
                0x0000000000003710                __pa__0_27

.__pa__0_29     0x0000000000003716        0x6
 .__pa__0_29    0x0000000000003716        0x6 dist/pro/debug/__pa_temp_106172/ccyYgrIl.ltrans0.ltrans.o
                0x0000000000003716                __pa__0_29

.text           0x000000000000371c        0x4
 .text          0x000000000000371c        0x4 C:/Users/m43977/.mchp_packs/Microchip/ATmega_DFP/3.4.282/xc8/avr/lib/avrxmega3/crtatmega4809.o
                0x000000000000371c                __vector_38
                0x000000000000371c                __vector_22
                0x000000000000371c                __vector_28
                0x000000000000371c                __vector_1
                0x000000000000371c                __vector_32
                0x000000000000371c                __vector_34
                0x000000000000371c                __vector_24
                0x000000000000371c                __bad_interrupt
                0x000000000000371c                __vector_6
                0x000000000000371c                __vector_31
                0x000000000000371c                __vector_35
                0x000000000000371c                __vector_39
                0x000000000000371c                __vector_3
                0x000000000000371c                __vector_23
                0x000000000000371c                __vector_30
                0x000000000000371c                __vector_25
                0x000000000000371c                __vector_11
                0x000000000000371c                __vector_13
                0x000000000000371c                __vector_17
                0x000000000000371c                __vector_19
                0x000000000000371c                __vector_7
                0x000000000000371c                __vector_27
                0x000000000000371c                __vector_5
                0x000000000000371c                __vector_33
                0x000000000000371c                __vector_4
                0x000000000000371c                __vector_9
                0x000000000000371c                __vector_2
                0x000000000000371c                __vector_21
                0x000000000000371c                __vector_15
                0x000000000000371c                __vector_36
                0x000000000000371c                __vector_29
                0x000000000000371c                __vector_8
                0x000000000000371c                __vector_26
                0x000000000000371c                __vector_14
                0x000000000000371c                __vector_10
                0x000000000000371c                __vector_16
                0x000000000000371c                __vector_18
                0x000000000000371c                __vector_20

.text._Exit     0x0000000000003720        0x4
 .text._Exit    0x0000000000003720        0x4 c:/program files/microchip/xc8/v3.00/avr/bin/../lib/gcc/avr/5.4.0/../../../../avr/lib/avrxmega3\libc.a(_Exit.o)
                0x0000000000003720                _Exit

.text.__dummy_fini
                0x0000000000003724        0x2
 .text.__dummy_fini
                0x0000000000003724        0x2 c:/program files/microchip/xc8/v3.00/avr/bin/../lib/gcc/avr/5.4.0/../../../../avr/lib/avrxmega3\libc.a(exit.o)
                0x0000000000003724                _fini

.text.__dummy_funcs_on_exit
                0x0000000000003726        0x2
 .text.__dummy_funcs_on_exit
                0x0000000000003726        0x2 c:/program files/microchip/xc8/v3.00/avr/bin/../lib/gcc/avr/5.4.0/../../../../avr/lib/avrxmega3\libc.a(exit.o)
                0x0000000000003726                __funcs_on_exit

.text.__dummy_simulator_exit
                0x0000000000003728        0x2
 .text.__dummy_simulator_exit
                0x0000000000003728        0x2 c:/program files/microchip/xc8/v3.00/avr/bin/../lib/gcc/avr/5.4.0/../../../../avr/lib/avrxmega3\libc.a(exit.o)
                0x0000000000003728                __simulator_exit

.data.keys      0x000000000080386c       0x10 load address 0x000000000000372a
 .data.keys     0x000000000080386c       0x10 dist/pro/debug/__pa_temp_106172/ccyYgrIl.ltrans1.ltrans.o