Archive member included to satisfy reference by file (symbol)

c:/program files/microchip/xc8/v3.00/avr/bin/../lib/gcc/avr/5.4.0/avrxmega3\libgcc.a(_tablejump2.o)
                              build/free/debug/freeRTOS/timers.o (__tablejump2__)
c:/program files/microchip/xc8/v3.00/avr/bin/../lib/gcc/avr/5.4.0/avrxmega3\libgcc.a(_copy_data.o)
                              build/free/debug/keyboard.o (__do_copy_data)
c:/program files/microchip/xc8/v3.00/avr/bin/../lib/gcc/avr/5.4.0/../../../../avr/lib/avrxmega3\libc.a(exit.o)
                              C:/Users/m43977/.mchp_packs/Microchip/ATmega_DFP/3.4.282/xc8/avr/lib/avrxmega3/crtatmega4809.o (exit)
c:/program files/microchip/xc8/v3.00/avr/bin/../lib/gcc/avr/5.4.0/../../../../avr/lib/avrxmega3\libc.a(__sio_sprintf_dosux.o)
                              build/free/debug/main.o (_sprintf_cdopsuxX)
c:/program files/microchip/xc8/v3.00/avr/bin/../lib/gcc/avr/5.4.0/../../../../avr/lib/avrxmega3\libc.a(__sio_sprintf_doux.o)
                              build/free/debug/clock.o (_sprintf_cdopuxX)
c:/program files/microchip/xc8/v3.00/avr/bin/../lib/gcc/avr/5.4.0/../../../../avr/lib/avrxmega3\libc.a(__fmt_d.o)
                              c:/program files/microchip/xc8/v3.00/avr/bin/../lib/gcc/avr/5.4.0/../../../../avr/lib/avrxmega3\libc.a(__sio_sprintf_dosux.o) (__fmt_d_needed)
c:/program files/microchip/xc8/v3.00/avr/bin/../lib/gcc/avr/5.4.0/../../../../avr/lib/avrxmega3\libc.a(__fmt_o.o)
                              c:/program files/microchip/xc8/v3.00/avr/bin/../lib/gcc/avr/5.4.0/../../../../avr/lib/avrxmega3\libc.a(__sio_sprintf_dosux.o) (__fmt_o_needed)
c:/program files/microchip/xc8/v3.00/avr/bin/../lib/gcc/avr/5.4.0/../../../../avr/lib/avrxmega3\libc.a(__fmt_s.o)
                              c:/program files/microchip/xc8/v3.00/avr/bin/../lib/gcc/avr/5.4.0/../../../../avr/lib/avrxmega3\libc.a(__sio_sprintf_dosux.o) (__fmt_s_needed)
c:/program files/microchip/xc8/v3.00/avr/bin/../lib/gcc/avr/5.4.0/../../../../avr/lib/avrxmega3\libc.a(__fmt_u.o)
                              c:/program files/microchip/xc8/v3.00/avr/bin/../lib/gcc/avr/5.4.0/../../../../avr/lib/avrxmega3\libc.a(__fmt_d.o) (__cvt_u)
c:/program files/microchip/xc8/v3.00/avr/bin/../lib/gcc/avr/5.4.0/../../../../avr/lib/avrxmega3\libc.a(__fmt_x.o)
                              c:/program files/microchip/xc8/v3.00/avr/bin/../lib/gcc/avr/5.4.0/../../../../avr/lib/avrxmega3\libc.a(__sio_sprintf_dosux.o) (__fmt_x_needed)
c:/program files/microchip/xc8/v3.00/avr/bin/../lib/gcc/avr/5.4.0/../../../../avr/lib/avrxmega3\libc.a(__pop_int.o)
                              c:/program files/microchip/xc8/v3.00/avr/bin/../lib/gcc/avr/5.4.0/../../../../avr/lib/avrxmega3\libc.a(__sio_sprintf_dosux.o) (__pop_int_needed)
c:/program files/microchip/xc8/v3.00/avr/bin/../lib/gcc/avr/5.4.0/../../../../avr/lib/avrxmega3\libc.a(__printf_core.o)
                              c:/program files/microchip/xc8/v3.00/avr/bin/../lib/gcc/avr/5.4.0/../../../../avr/lib/avrxmega3\libc.a(__fmt_d.o) (__pad)
c:/program files/microchip/xc8/v3.00/avr/bin/../lib/gcc/avr/5.4.0/../../../../avr/lib/avrxmega3\libc.a(fputc.o)
                              c:/program files/microchip/xc8/v3.00/avr/bin/../lib/gcc/avr/5.4.0/../../../../avr/lib/avrxmega3\libc.a(__printf_core.o) (fputc)
c:/program files/microchip/xc8/v3.00/avr/bin/../lib/gcc/avr/5.4.0/../../../../avr/lib/avrxmega3\libc.a(atoi.o)
                              build/free/debug/terminal.o (atoi)
c:/program files/microchip/xc8/v3.00/avr/bin/../lib/gcc/avr/5.4.0/../../../../avr/lib/avrxmega3\libc.a(memcpy.o)
                              build/free/debug/freeRTOS/queue.o (memcpy)
c:/program files/microchip/xc8/v3.00/avr/bin/../lib/gcc/avr/5.4.0/../../../../avr/lib/avrxmega3\libc.a(strlen.o)
                              c:/program files/microchip/xc8/v3.00/avr/bin/../lib/gcc/avr/5.4.0/../../../../avr/lib/avrxmega3\libc.a(__fmt_s.o) (strlen)
c:/program files/microchip/xc8/v3.00/avr/bin/../lib/gcc/avr/5.4.0/../../../../avr/lib/avrxmega3\libc.a(tolower.o)
                              c:/program files/microchip/xc8/v3.00/avr/bin/../lib/gcc/avr/5.4.0/../../../../avr/lib/avrxmega3\libc.a(__printf_core.o) (tolower)
c:/program files/microchip/xc8/v3.00/avr/bin/../lib/gcc/avr/5.4.0/../../../../avr/lib/avrxmega3\libc.a(toupper.o)
                              c:/program files/microchip/xc8/v3.00/avr/bin/../lib/gcc/avr/5.4.0/../../../../avr/lib/avrxmega3\libc.a(__fmt_x.o) (toupper)
c:/program files/microchip/xc8/v3.00/avr/bin/../lib/gcc/avr/5.4.0/../../../../avr/lib/avrxmega3\libc.a(errno.o)
                              c:/program files/microchip/xc8/v3.00/avr/bin/../lib/gcc/avr/5.4.0/../../../../avr/lib/avrxmega3\libc.a(__printf_core.o) (__errno_val)
c:/program files/microchip/xc8/v3.00/avr/bin/../lib/gcc/avr/5.4.0/../../../../avr/lib/avrxmega3\libc.a(_Exit.o)
[...]
Memory Configuration

Name             Origin             Length             Attributes
text             0x0000000000000000 0x000000000000c000 xr
data             0x0000000000802800 0x0000000000001800 rw !x
eeprom           0x0000000000810000 0x0000000000000100 rw !x
fuse             0x0000000000820000 0x000000000000000a rw !x
lock             0x0000000000830000 0x0000000000000400 rw !x
signature        0x0000000000840000 0x0000000000000400 rw !x
user_signatures  0x0000000000850000 0x0000000000000400 rw !x
bootrow          0x0000000000860000 0x0000000000000400 rw !x
*default*        0x0000000000000000 0xffffffffffffffff

Linker script and memory map

Address of section .data set to 0x802800
                0x0000000000004000                __RODATA_PM_OFFSET__ = 0x4000
LOAD C:/Users/m43977/.mchp_packs/Microchip/ATmega_DFP/3.4.282/xc8/avr/lib/avrxmega3/crtatmega4809.o
                0x0000000000000001                __MPLAB_BUILD = 0x1
LOAD build/free/debug/freeRTOS/portable/GCC/AVR_Mega0/port.o
LOAD build/free/debug/freeRTOS/portable/MemMang/heap_1.o
LOAD build/free/debug/freeRTOS/croutine.o
LOAD build/free/debug/freeRTOS/event_groups.o
LOAD build/free/debug/freeRTOS/list.o
LOAD build/free/debug/freeRTOS/queue.o
LOAD build/free/debug/freeRTOS/stream_buffer.o
LOAD build/free/debug/freeRTOS/tasks.o
LOAD build/free/debug/freeRTOS/timers.o
LOAD build/free/debug/OLED/font.o
LOAD build/free/debug/OLED/oled.o
LOAD build/free/debug/OLED/ssd1306.o
LOAD build/free/debug/clock.o
LOAD build/free/debug/keyboard.o
LOAD build/free/debug/LED.o
LOAD build/free/debug/main.o
LOAD build/free/debug/spi0.o
LOAD build/free/debug/terminal.o
START GROUP
LOAD c:/program files/microchip/xc8/v3.00/avr/bin/../lib/gcc/avr/5.4.0/../../../../avr/lib/avrxmega3\libm.a
END GROUP
                0x0000000000000001                __MPLAB_DEBUG = 0x1
                0x0000000000000001                __DEBUG = 0x1
START GROUP
LOAD c:/program files/microchip/xc8/v3.00/avr/bin/../lib/gcc/avr/5.4.0/avrxmega3\libgcc.a
LOAD c:/program files/microchip/xc8/v3.00/avr/bin/../lib/gcc/avr/5.4.0/../../../../avr/lib/avrxmega3\libm.a
LOAD c:/program files/microchip/xc8/v3.00/avr/bin/../lib/gcc/avr/5.4.0/../../../../avr/lib/avrxmega3\libc.a
LOAD C:/Users/m43977/.mchp_packs/Microchip/ATmega_DFP/3.4.282/xc8/avr/lib/avrxmega3\libatmega4809.a
END GROUP
                [0x0000000000000000]                __TEXT_REGION_ORIGIN__ = DEFINED (__TEXT_REGION_ORIGIN__)?__TEXT_REGION_ORIGIN__:0x0
                [0x0000000000802800]                __DATA_REGION_ORIGIN__ = DEFINED (__DATA_REGION_ORIGIN__)?__DATA_REGION_ORIGIN__:0x802000
                [0x000000000000c000]                __TEXT_REGION_LENGTH__ = DEFINED (__TEXT_REGION_LENGTH__)?__TEXT_REGION_LENGTH__:0x100000
                [0x0000000000001800]                __DATA_REGION_LENGTH__ = DEFINED (__DATA_REGION_LENGTH__)?__DATA_REGION_LENGTH__:0xffa0
                [0x0000000000000100]                __EEPROM_REGION_LENGTH__ = DEFINED (__EEPROM_REGION_LENGTH__)?__EEPROM_REGION_LENGTH__:0x10000
                [0x000000000000000a]                __FUSE_REGION_LENGTH__ = DEFINED (__FUSE_REGION_LENGTH__)?__FUSE_REGION_LENGTH__:0x400
                0x0000000000000400                __LOCK_REGION_LENGTH__ = DEFINED (__LOCK_REGION_LENGTH__)?__LOCK_REGION_LENGTH__:0x400
                0x0000000000000400                __SIGNATURE_REGION_LENGTH__ = DEFINED (__SIGNATURE_REGION_LENGTH__)?__SIGNATURE_REGION_LENGTH__:0x400
                0x0000000000000400                __USER_SIGNATURE_REGION_LENGTH__ = DEFINED (__USER_SIGNATURE_REGION_LENGTH__)?__USER_SIGNATURE_REGION_LENGTH__:0x400
                0x0000000000008000                __RODATA_PM_OFFSET__ = DEFINED (__RODATA_PM_OFFSET__)?__RODATA_PM_OFFSET__:0x8000
                0x0000000000000400                __BOOTROW_REGION_LENGTH__ = DEFINED (__BOOTROW_REGION_LENGTH__)?__BOOTROW_REGION_LENGTH__:0x400

.hash
 *(.hash)

.dynsym
 *(.dynsym)

.dynstr
 *(.dynstr)

.gnu.version
 *(.gnu.version)

.gnu.version_d
 *(.gnu.version_d)

.gnu.version_r
 *(.gnu.version_r)

.rel.init
 *(.rel.init)

.rela.init
 *(.rela.init)

.rel.text
 *(.rel.text)
 *(.rel.text.*)
 *(.rel.gnu.linkonce.t*)

.rela.text
 *(.rela.text)
 *(.rela.text.*)
 *(.rela.gnu.linkonce.t*)

.rel.fini
 *(.rel.fini)

.rela.fini
 *(.rela.fini)

.rel.rodata
 *(.rel.rodata)
 *(.rel.rodata.*)
 *(.rel.gnu.linkonce.r*)

.rela.rodata
 *(.rela.rodata)
 *(.rela.rodata.*)
 *(.rela.gnu.linkonce.r*)

.rel.data
 *(.rel.data)
 *(.rel.data.*)
 *(.rel.gnu.linkonce.d*)

.rela.data
 *(.rela.data)
 *(.rela.data.*)
 *(.rela.gnu.linkonce.d*)

.rel.ctors
 *(.rel.ctors)

.rela.ctors
 *(.rela.ctors)

.rel.dtors
 *(.rel.dtors)

.rela.dtors
 *(.rela.dtors)

.rel.got
 *(.rel.got)

.rela.got
 *(.rela.got)

.rel.bss
 *(.rel.bss)

.rela.bss
 *(.rela.bss)

.rel.plt
 *(.rel.plt)

.rela.plt
 *(.rela.plt)

.text           0x0000000000000000      0x11a
 *(.vectors)
 .vectors       0x0000000000000000       0xa0 C:/Users/m43977/.mchp_packs/Microchip/ATmega_DFP/3.4.282/xc8/avr/lib/avrxmega3/crtatmega4809.o
                0x0000000000000000                __vector_default
                0x0000000000000000                __vectors
 *(.vectors)
 *(.progmem.gcc*)
 .progmem.gcc_sw_table.prvTimerTask
                0x00000000000000a0       0x14 build/free/debug/freeRTOS/timers.o
 *(.dinit)
 .dinit         0x00000000000000b4       0x11 data_init
                0x00000000000000c6                . = ALIGN (0x2)
 *fill*         0x00000000000000c5        0x1 
                0x00000000000000c6                __trampolines_start = .
 *(.trampolines)
 .trampolines   0x00000000000000c6        0x0 linker stubs
 *(.trampolines*)
                0x00000000000000c6                __trampolines_end = .
 *libprintf_flt.a:*(.progmem.data)
 *libc.a:*(.progmem.data)
                0x00000000000000c6                . = ALIGN (0x2)
 *(.jumptables)
 *(.jumptables*)
 *(.lowtext)
 *(.lowtext*)
                0x00000000000000c6                __ctors_start = .
 *(.ctors)
                0x00000000000000c6                __ctors_end = .
                0x00000000000000c6                __dtors_start = .
 *(.dtors)
                0x00000000000000c6                __dtors_end = .
 SORT(*)(.ctors)
 SORT(*)(.dtors)
 *(.init0)
 .init0         0x00000000000000c6        0x0 C:/Users/m43977/.mchp_packs/Microchip/ATmega_DFP/3.4.282/xc8/avr/lib/avrxmega3/crtatmega4809.o
                0x00000000000000c6                __init
 *(.init0)
 *(.init1)
 *(.init1)
 *(.init2)
 .init2         0x00000000000000c6        0xc C:/Users/m43977/.mchp_packs/Microchip/ATmega_DFP/3.4.282/xc8/avr/lib/avrxmega3/crtatmega4809.o
 *(.init2)
 *(.init3)
 *(.init3)
 *(.init4)
 .init4         0x00000000000000d2       0x3c c:/program files/microchip/xc8/v3.00/avr/bin/../lib/gcc/avr/5.4.0/avrxmega3\libgcc.a(_copy_data.o)
                0x00000000000000d2                __do_copy_data
                0x0000000000000100                __do_clear_bss
 *(.init4)
 *(.init5)
 *(.init5)
 *(.init6)
 *(.init6)
 *(.init7)
 *(.init7)
 *(.init8)
 *(.init8)
 *(.init9)
 .init9         0x000000000000010e        0x8 C:/Users/m43977/.mchp_packs/Microchip/ATmega_DFP/3.4.282/xc8/avr/lib/avrxmega3/crtatmega4809.o
 *(.init9)
                0x0000000000000116                . = ALIGN (0x2)
 *(.fini9)
 .fini9         0x0000000000000116        0x0 c:/program files/microchip/xc8/v3.00/avr/bin/../lib/gcc/avr/5.4.0/avrxmega3\libgcc.a(_exit.o)
                0x0000000000000116                _exit
 *(.fini9)
 *(.fini8)
 *(.fini8)
 *(.fini7)
 *(.fini7)
 *(.fini6)
 *(.fini6)
 *(.fini5)
 *(.fini5)
 *(.fini4)
 *(.fini4)
 *(.fini3)
 *(.fini3)
 *(.fini2)
 *(.fini2)
 *(.fini1)
 *(.fini1)
 *(.fini0)
 .fini0         0x0000000000000116        0x4 c:/program files/microchip/xc8/v3.00/avr/bin/../lib/gcc/avr/5.4.0/avrxmega3\libgcc.a(_exit.o)
 *(.fini0)
                0x000000000000011a                _etext = .

.data           0x0000000000802800        0x0 load address 0x000000000000011a
                [!provide]                        PROVIDE (__data_start, .)
 *(.gnu.linkonce.d*)
                0x0000000000802800                . = ALIGN (0x2)
                0x0000000000802800                _edata = .
                [!provide]                        PROVIDE (__data_end, .)

.bss            0x0000000000802800        0x2
                [!provide]                        PROVIDE (__bss_start, .)
 *(COMMON)
 COMMON         0x0000000000802800        0x2 c:/program files/microchip/xc8/v3.00/avr/bin/../lib/gcc/avr/5.4.0/../../../../avr/lib/avrxmega3\libc.a(errno.o)
                0x0000000000802800                __errno_val
                [!provide]                        PROVIDE (__bss_end, .)
                0x000000000000011a                __data_load_start = LOADADDR (.data)
                0x000000000000011a                __data_load_end = (__data_load_start + SIZEOF (.data))

.noinit         0x0000000000802802        0x0
                [!provide]                        PROVIDE (__noinit_start, .)
 *(.noinit*)
                [!provide]                        PROVIDE (__noinit_end, .)
                0x0000000000802802                _end = .

.eeprom         0x0000000000810000        0x0
 *(.eeprom*)
                0x0000000000810000                __eeprom_end = .

.fuse
 *(.fuse)
 *(.lfuse)
 *(.hfuse)
 *(.efuse)

.lock
 *(.lock*)

.signature
 *(.signature*)

.user_signatures
 *(.user_signatures*)

.bootrow
 *(.bootrow*)

.stab
 *(.stab)

.stabstr
 *(.stabstr)

.stab.excl
 *(.stab.excl)

.stab.exclstr
 *(.stab.exclstr)

.stab.index
 *(.stab.index)

.stab.indexstr
 *(.stab.indexstr)

.comment        0x0000000000000000       0x5b
 *(.comment)
 .comment       0x0000000000000000       0x2f build/free/debug/freeRTOS/portable/GCC/AVR_Mega0/port.o
                                         0x30 (size before relaxing)
 .comment       0x000000000000002f       0x30 build/free/debug/freeRTOS/portable/MemMang/heap_1.o
 .comment       0x000000000000002f       0x30 build/free/debug/freeRTOS/list.o
 .comment       0x000000000000002f       0x30 build/free/debug/freeRTOS/queue.o
 .comment       0x000000000000002f       0x30 build/free/debug/freeRTOS/stream_buffer.o
 .comment       0x000000000000002f       0x30 build/free/debug/freeRTOS/tasks.o
 .comment       0x000000000000002f       0x30 build/free/debug/freeRTOS/timers.o
 .comment       0x000000000000002f       0x30 build/free/debug/OLED/font.o
 .comment       0x000000000000002f       0x30 build/free/debug/OLED/oled.o
 .comment       0x000000000000002f       0x30 build/free/debug/OLED/ssd1306.o
 .comment       0x000000000000002f       0x30 build/free/debug/clock.o
 .comment       0x000000000000002f       0x30 build/free/debug/keyboard.o
 .comment       0x000000000000002f       0x30 build/free/debug/LED.o
 .comment       0x000000000000002f       0x30 build/free/debug/main.o
 .comment       0x000000000000002f       0x30 build/free/debug/spi0.o
 .comment       0x000000000000002f       0x30 build/free/debug/terminal.o
 .comment       0x000000000000002f       0x2c c:/program files/microchip/xc8/v3.00/avr/bin/../lib/gcc/avr/5.4.0/../../../../avr/lib/avrxmega3\libc.a(exit.o)
                                         0x2d (size before relaxing)
 .comment       0x000000000000005b       0x2d c:/program files/microchip/xc8/v3.00/avr/bin/../lib/gcc/avr/5.4.0/../../../../avr/lib/avrxmega3\libc.a(__sio_sprintf_dosux.o)
 .comment       0x000000000000005b       0x2d c:/program files/microchip/xc8/v3.00/avr/bin/../lib/gcc/avr/5.4.0/../../../../avr/lib/avrxmega3\libc.a(__sio_sprintf_doux.o)
 .comment       0x000000000000005b       0x2d c:/program files/microchip/xc8/v3.00/avr/bin/../lib/gcc/avr/5.4.0/../../../../avr/lib/avrxmega3\libc.a(__fmt_d.o)
 .comment       0x000000000000005b       0x2d c:/program files/microchip/xc8/v3.00/avr/bin/../lib/gcc/avr/5.4.0/../../../../avr/lib/avrxmega3\libc.a(__fmt_o.o)
 .comment       0x000000000000005b       0x2d c:/program files/microchip/xc8/v3.00/avr/bin/../lib/gcc/avr/5.4.0/../../../../avr/lib/avrxmega3\libc.a(__fmt_s.o)
 .comment       0x000000000000005b       0x2d c:/program files/microchip/xc8/v3.00/avr/bin/../lib/gcc/avr/5.4.0/../../../../avr/lib/avrxmega3\libc.a(__fmt_u.o)
 .comment       0x000000000000005b       0x2d c:/program files/microchip/xc8/v3.00/avr/bin/../lib/gcc/avr/5.4.0/../../../../avr/lib/avrxmega3\libc.a(__fmt_x.o)
 .comment       0x000000000000005b       0x2d c:/program files/microchip/xc8/v3.00/avr/bin/../lib/gcc/avr/5.4.0/../../../../avr/lib/avrxmega3\libc.a(__pop_int.o)
 .comment       0x000000000000005b       0x2d c:/program files/microchip/xc8/v3.00/avr/bin/../lib/gcc/avr/5.4.0/../../../../avr/lib/avrxmega3\libc.a(__printf_core.o)
 .comment       0x000000000000005b       0x2d c:/program files/microchip/xc8/v3.00/avr/bin/../lib/gcc/avr/5.4.0/../../../../avr/lib/avrxmega3\libc.a(fputc.o)
 .comment       0x000000000000005b       0x2d c:/program files/microchip/xc8/v3.00/avr/bin/../lib/gcc/avr/5.4.0/../../../../avr/lib/avrxmega3\libc.a(atoi.o)
 .comment       0x000000000000005b       0x2d c:/program files/microchip/xc8/v3.00/avr/bin/../lib/gcc/avr/5.4.0/../../../../avr/lib/avrxmega3\libc.a(memcpy.o)
 .comment       0x000000000000005b       0x2d c:/program files/microchip/xc8/v3.00/avr/bin/../lib/gcc/avr/5.4.0/../../../../avr/lib/avrxmega3\libc.a(strlen.o)
 .comment       0x000000000000005b       0x2d c:/program files/microchip/xc8/v3.00/avr/bin/../lib/gcc/avr/5.4.0/../../../../avr/lib/avrxmega3\libc.a(tolower.o)
 .comment       0x000000000000005b       0x2d c:/program files/microchip/xc8/v3.00/avr/bin/../lib/gcc/avr/5.4.0/../../../../avr/lib/avrxmega3\libc.a(toupper.o)
 .comment       0x000000000000005b       0x2d c:/program files/microchip/xc8/v3.00/avr/bin/../lib/gcc/avr/5.4.0/../../../../avr/lib/avrxmega3\libc.a(errno.o)
 .comment       0x000000000000005b       0x2d c:/program files/microchip/xc8/v3.00/avr/bin/../lib/gcc/avr/5.4.0/../../../../avr/lib/avrxmega3\libc.a(_Exit.o)
 .comment       0x000000000000005b       0x2d c:/program files/microchip/xc8/v3.00/avr/bin/../lib/gcc/avr/5.4.0/../../../../avr/lib/avrxmega3\libc.a(__int_vsprintf.o)
 .comment       0x000000000000005b       0x2d c:/program files/microchip/xc8/v3.00/avr/bin/../lib/gcc/avr/5.4.0/../../../../avr/lib/avrxmega3\libc.a(__int_vsnprintf.o)
 .comment       0x000000000000005b       0x2d c:/program files/microchip/xc8/v3.00/avr/bin/../lib/gcc/avr/5.4.0/../../../../avr/lib/avrxmega3\libc.a(__int_vfprintf.o)

.stack.descriptors.hdr
                0x0000000000000000      0x150
 .stack.descriptors.hdr
                0x0000000000000000        0xe c:/program files/microchip/xc8/v3.00/avr/bin/../lib/gcc/avr/5.4.0/avrxmega3\libgcc.a(_tablejump2.o)
 .stack.descriptors.hdr
                0x000000000000000e        0xe c:/program files/microchip/xc8/v3.00/avr/bin/../lib/gcc/avr/5.4.0/../../../../avr/lib/avrxmega3\libc.a(exit.o)
 .stack.descriptors.hdr
                0x000000000000001c        0xe c:/program files/microchip/xc8/v3.00/avr/bin/../lib/gcc/avr/5.4.0/../../../../avr/lib/avrxmega3\libc.a(__sio_sprintf_dosux.o)
 .stack.descriptors.hdr
                0x000000000000002a        0xe c:/program files/microchip/xc8/v3.00/avr/bin/../lib/gcc/avr/5.4.0/../../../../avr/lib/avrxmega3\libc.a(__sio_sprintf_doux.o)
 .stack.descriptors.hdr
                0x0000000000000038        0xe c:/program files/microchip/xc8/v3.00/avr/bin/../lib/gcc/avr/5.4.0/../../../../avr/lib/avrxmega3\libc.a(__fmt_d.o)
 .stack.descriptors.hdr
                0x0000000000000046        0xe c:/program files/microchip/xc8/v3.00/avr/bin/../lib/gcc/avr/5.4.0/../../../../avr/lib/avrxmega3\libc.a(__fmt_o.o)
 .stack.descriptors.hdr
                0x0000000000000054        0xe c:/program files/microchip/xc8/v3.00/avr/bin/../lib/gcc/avr/5.4.0/../../../../avr/lib/avrxmega3\libc.a(__fmt_s.o)
 .stack.descriptors.hdr
                0x0000000000000062        0xe c:/program files/microchip/xc8/v3.00/avr/bin/../lib/gcc/avr/5.4.0/../../../../avr/lib/avrxmega3\libc.a(__fmt_u.o)
 .stack.descriptors.hdr
                0x0000000000000070        0xe c:/program files/microchip/xc8/v3.00/avr/bin/../lib/gcc/avr/5.4.0/../../../../avr/lib/avrxmega3\libc.a(__fmt_x.o)
 .stack.descriptors.hdr
                0x000000000000007e        0xe c:/program files/microchip/xc8/v3.00/avr/bin/../lib/gcc/avr/5.4.0/../../../../avr/lib/avrxmega3\libc.a(__pop_int.o)
 .stack.descriptors.hdr
                0x000000000000008c        0xe c:/program files/microchip/xc8/v3.00/avr/bin/../lib/gcc/avr/5.4.0/../../../../avr/lib/avrxmega3\libc.a(__printf_core.o)
 .stack.descriptors.hdr
                0x000000000000009a        0xe c:/program files/microchip/xc8/v3.00/avr/bin/../lib/gcc/avr/5.4.0/../../../../avr/lib/avrxmega3\libc.a(fputc.o)
 .stack.descriptors.hdr
                0x00000000000000a8        0xe c:/program files/microchip/xc8/v3.00/avr/bin/../lib/gcc/avr/5.4.0/../../../../avr/lib/avrxmega3\libc.a(atoi.o)
 .stack.descriptors.hdr
                0x00000000000000b6        0xe c:/program files/microchip/xc8/v3.00/avr/bin/../lib/gcc/avr/5.4.0/../../../../avr/lib/avrxmega3\libc.a(memcpy.o)
 .stack.descriptors.hdr
                0x00000000000000c4        0xe c:/program files/microchip/xc8/v3.00/avr/bin/../lib/gcc/avr/5.4.0/../../../../avr/lib/avrxmega3\libc.a(strlen.o)
 .stack.descriptors.hdr
                0x00000000000000d2        0xe c:/program files/microchip/xc8/v3.00/avr/bin/../lib/gcc/avr/5.4.0/../../../../avr/lib/avrxmega3\libc.a(tolower.o)
 .stack.descriptors.hdr
                0x00000000000000e0        0xe c:/program files/microchip/xc8/v3.00/avr/bin/../lib/gcc/avr/5.4.0/../../../../avr/lib/avrxmega3\libc.a(toupper.o)
 .stack.descriptors.hdr
                0x00000000000000ee        0xe c:/program files/microchip/xc8/v3.00/avr/bin/../lib/gcc/avr/5.4.0/../../../../avr/lib/avrxmega3\libc.a(errno.o)
 .stack.descriptors.hdr
                0x00000000000000fc        0xe c:/program files/microchip/xc8/v3.00/avr/bin/../lib/gcc/avr/5.4.0/../../../../avr/lib/avrxmega3\libc.a(_Exit.o)
 .stack.descriptors.hdr
                0x000000000000010a        0xe c:/program files/microchip/xc8/v3.00/avr/bin/../lib/gcc/avr/5.4.0/../../../../avr/lib/avrxmega3\libc.a(__int_vsprintf.o)
 .stack.descriptors.hdr
                0x0000000000000118        0xe c:/program files/microchip/xc8/v3.00/avr/bin/../lib/gcc/avr/5.4.0/../../../../avr/lib/avrxmega3\libc.a(__int_vsnprintf.o)
 .stack.descriptors.hdr
                0x0000000000000126        0xe c:/program files/microchip/xc8/v3.00/avr/bin/../lib/gcc/avr/5.4.0/../../../../avr/lib/avrxmega3\libc.a(__int_vfprintf.o)
 .stack.descriptors.hdr
                0x0000000000000134        0xe c:/program files/microchip/xc8/v3.00/avr/bin/../lib/gcc/avr/5.4.0/avrxmega3\libgcc.a(_udivmodsi4.o)
 .stack.descriptors.hdr
                0x0000000000000142        0xe c:/program files/microchip/xc8/v3.00/avr/bin/../lib/gcc/avr/5.4.0/avrxmega3\libgcc.a(_exit.o)

.note.GNU-stack
                0x0000000000000000        0x0
 .note.GNU-stack
                0x0000000000000000        0x0 c:/program files/microchip/xc8/v3.00/avr/bin/../lib/gcc/avr/5.4.0/../../../../avr/lib/avrxmega3\libc.a(exit.o)
 .note.GNU-stack
                0x0000000000000000        0x0 c:/program files/microchip/xc8/v3.00/avr/bin/../lib/gcc/avr/5.4.0/../../../../avr/lib/avrxmega3\libc.a(__sio_sprintf_dosux.o)
 .note.GNU-stack
                0x0000000000000000        0x0 c:/program files/microchip/xc8/v3.00/avr/bin/../lib/gcc/avr/5.4.0/../../../../avr/lib/avrxmega3\libc.a(__sio_sprintf_doux.o)
 .note.GNU-stack
                0x0000000000000000        0x0 c:/program files/microchip/xc8/v3.00/avr/bin/../lib/gcc/avr/5.4.0/../../../../avr/lib/avrxmega3\libc.a(__fmt_d.o)
 .note.GNU-stack
                0x0000000000000000        0x0 c:/program files/microchip/xc8/v3.00/avr/bin/../lib/gcc/avr/5.4.0/../../../../avr/lib/avrxmega3\libc.a(__fmt_o.o)
 .note.GNU-stack
                0x0000000000000000        0x0 c:/program files/microchip/xc8/v3.00/avr/bin/../lib/gcc/avr/5.4.0/../../../../avr/lib/avrxmega3\libc.a(__fmt_s.o)
 .note.GNU-stack
                0x0000000000000000        0x0 c:/program files/microchip/xc8/v3.00/avr/bin/../lib/gcc/avr/5.4.0/../../../../avr/lib/avrxmega3\libc.a(__fmt_u.o)
 .note.GNU-stack
                0x0000000000000000        0x0 c:/program files/microchip/xc8/v3.00/avr/bin/../lib/gcc/avr/5.4.0/../../../../avr/lib/avrxmega3\libc.a(__fmt_x.o)
 .note.GNU-stack
                0x0000000000000000        0x0 c:/program files/microchip/xc8/v3.00/avr/bin/../lib/gcc/avr/5.4.0/../../../../avr/lib/avrxmega3\libc.a(__pop_int.o)
 .note.GNU-stack
                0x0000000000000000        0x0 c:/program files/microchip/xc8/v3.00/avr/bin/../lib/gcc/avr/5.4.0/../../../../avr/lib/avrxmega3\libc.a(__printf_core.o)
 .note.GNU-stack
                0x0000000000000000        0x0 c:/program files/microchip/xc8/v3.00/avr/bin/../lib/gcc/avr/5.4.0/../../../../avr/lib/avrxmega3\libc.a(fputc.o)
 .note.GNU-stack
                0x0000000000000000        0x0 c:/program files/microchip/xc8/v3.00/avr/bin/../lib/gcc/avr/5.4.0/../../../../avr/lib/avrxmega3\libc.a(atoi.o)
 .note.GNU-stack
                0x0000000000000000        0x0 c:/program files/microchip/xc8/v3.00/avr/bin/../lib/gcc/avr/5.4.0/../../../../avr/lib/avrxmega3\libc.a(memcpy.o)
 .note.GNU-stack
                0x0000000000000000        0x0 c:/program files/microchip/xc8/v3.00/avr/bin/../lib/gcc/avr/5.4.0/../../../../avr/lib/avrxmega3\libc.a(strlen.o)
 .note.GNU-stack
                0x0000000000000000        0x0 c:/program files/microchip/xc8/v3.00/avr/bin/../lib/gcc/avr/5.4.0/../../../../avr/lib/avrxmega3\libc.a(tolower.o)
 .note.GNU-stack
                0x0000000000000000        0x0 c:/program files/microchip/xc8/v3.00/avr/bin/../lib/gcc/avr/5.4.0/../../../../avr/lib/avrxmega3\libc.a(toupper.o)
 .note.GNU-stack
                0x0000000000000000        0x0 c:/program files/microchip/xc8/v3.00/avr/bin/../lib/gcc/avr/5.4.0/../../../../avr/lib/avrxmega3\libc.a(errno.o)
 .note.GNU-stack
                0x0000000000000000        0x0 c:/program files/microchip/xc8/v3.00/avr/bin/../lib/gcc/avr/5.4.0/../../../../avr/lib/avrxmega3\libc.a(_Exit.o)
 .note.GNU-stack
                0x0000000000000000        0x0 c:/program files/microchip/xc8/v3.00/avr/bin/../lib/gcc/avr/5.4.0/../../../../avr/lib/avrxmega3\libc.a(__int_vsprintf.o)
 .note.GNU-stack
                0x0000000000000000        0x0 c:/program files/microchip/xc8/v3.00/avr/bin/../lib/gcc/avr/5.4.0/../../../../avr/lib/avrxmega3\libc.a(__int_vsnprintf.o)
 .note.GNU-stack
                0x0000000000000000        0x0 c:/program files/microchip/xc8/v3.00/avr/bin/../lib/gcc/avr/5.4.0/../../../../avr/lib/avrxmega3\libc.a(__int_vfprintf.o)

.note.gnu.build-id
 *(.note.gnu.build-id)

.debug
 *(.debug)

.line
 *(.line)

.debug_srcinfo
 *(.debug_srcinfo)

.debug_sfnames
 *(.debug_sfnames)

.debug_aranges  0x0000000000000000      0x630
 *(.debug_aranges)
 .debug_aranges
                0x0000000000000000       0x50 build/free/debug/freeRTOS/portable/GCC/AVR_Mega0/port.o
 .debug_aranges
                0x0000000000000050       0x38 build/free/debug/freeRTOS/portable/MemMang/heap_1.o
 .debug_aranges
                0x0000000000000088       0x40 build/free/debug/freeRTOS/list.o
 .debug_aranges
                0x00000000000000c8      0x110 build/free/debug/freeRTOS/queue.o
 .debug_aranges
                0x00000000000001d8       0xb0 build/free/debug/freeRTOS/stream_buffer.o
 .debug_aranges
                0x0000000000000288      0x170 build/free/debug/freeRTOS/tasks.o
 .debug_aranges
                0x00000000000003f8       0x98 build/free/debug/freeRTOS/timers.o
 .debug_aranges
                0x0000000000000490       0x18 build/free/debug/OLED/font.o
 .debug_aranges
                0x00000000000004a8       0x38 build/free/debug/OLED/oled.o
 .debug_aranges
                0x00000000000004e0       0x30 build/free/debug/OLED/ssd1306.o
 .debug_aranges
                0x0000000000000510       0x40 build/free/debug/clock.o
 .debug_aranges
                0x0000000000000550       0x20 build/free/debug/keyboard.o
 .debug_aranges
                0x0000000000000570       0x30 build/free/debug/LED.o
 .debug_aranges
                0x00000000000005a0       0x28 build/free/debug/main.o
 .debug_aranges
                0x00000000000005c8       0x28 build/free/debug/spi0.o
 .debug_aranges
                0x00000000000005f0       0x40 build/free/debug/terminal.o

.debug_pubnames
 *(.debug_pubnames)

.debug_info     0x0000000000000000    0x10618
 *(.debug_info .gnu.linkonce.wi.*)
 .debug_info    0x0000000000000000     0x248a C:/Users/m43977/.mchp_packs/Microchip/ATmega_DFP/3.4.282/xc8/avr/lib/avrxmega3/crtatmega4809.o
 .debug_info    0x000000000000248a      0x6d5 build/free/debug/freeRTOS/portable/GCC/AVR_Mega0/port.o
 .debug_info    0x0000000000002b5f      0x461 build/free/debug/freeRTOS/portable/MemMang/heap_1.o
 .debug_info    0x0000000000002fc0      0x5ca build/free/debug/freeRTOS/list.o
 .debug_info    0x000000000000358a     0x22d9 build/free/debug/freeRTOS/queue.o
 .debug_info    0x0000000000005863     0x1928 build/free/debug/freeRTOS/stream_buffer.o
 .debug_info    0x000000000000718b     0x26c6 build/free/debug/freeRTOS/tasks.o
 .debug_info    0x0000000000009851     0x1649 build/free/debug/freeRTOS/timers.o
 .debug_info    0x000000000000ae9a      0xdef build/free/debug/OLED/font.o
 .debug_info    0x000000000000bc89      0x943 build/free/debug/OLED/oled.o
 .debug_info    0x000000000000c5cc      0xafb build/free/debug/OLED/ssd1306.o
 .debug_info    0x000000000000d0c7      0x674 build/free/debug/clock.o
 .debug_info    0x000000000000d73b      0x8ae build/free/debug/keyboard.o
 .debug_info    0x000000000000dfe9      0x85c build/free/debug/LED.o
 .debug_info    0x000000000000e845      0xb04 build/free/debug/main.o
 .debug_info    0x000000000000f349      0x5cc build/free/debug/spi0.o
 .debug_info    0x000000000000f915      0xd03 build/free/debug/terminal.o

.debug_abbrev   0x0000000000000000     0x40bf
 *(.debug_abbrev)
 .debug_abbrev  0x0000000000000000     0x2296 C:/Users/m43977/.mchp_packs/Microchip/ATmega_DFP/3.4.282/xc8/avr/lib/avrxmega3/crtatmega4809.o
 .debug_abbrev  0x0000000000002296      0x17f build/free/debug/freeRTOS/portable/GCC/AVR_Mega0/port.o
 .debug_abbrev  0x0000000000002415      0x111 build/free/debug/freeRTOS/portable/MemMang/heap_1.o
 .debug_abbrev  0x0000000000002526      0x116 build/free/debug/freeRTOS/list.o
 .debug_abbrev  0x000000000000263c      0x2aa build/free/debug/freeRTOS/queue.o
 .debug_abbrev  0x00000000000028e6      0x2bf build/free/debug/freeRTOS/stream_buffer.o
 .debug_abbrev  0x0000000000002ba5      0x348 build/free/debug/freeRTOS/tasks.o
 .debug_abbrev  0x0000000000002eed      0x324 build/free/debug/freeRTOS/timers.o
 .debug_abbrev  0x0000000000003211       0x4f build/free/debug/OLED/font.o
 .debug_abbrev  0x0000000000003260      0x1b1 build/free/debug/OLED/oled.o
 .debug_abbrev  0x0000000000003411      0x209 build/free/debug/OLED/ssd1306.o
 .debug_abbrev  0x000000000000361a      0x1a2 build/free/debug/clock.o
 .debug_abbrev  0x00000000000037bc      0x22e build/free/debug/keyboard.o
 .debug_abbrev  0x00000000000039ea      0x1ec build/free/debug/LED.o
 .debug_abbrev  0x0000000000003bd6      0x1ad build/free/debug/main.o
 .debug_abbrev  0x0000000000003d83       0xdc build/free/debug/spi0.o
 .debug_abbrev  0x0000000000003e5f      0x260 build/free/debug/terminal.o

.debug_line     0x0000000000000000     0x4308
 *(.debug_line .debug_line.* .debug_line_end)
 .debug_line    0x0000000000000000      0x187 C:/Users/m43977/.mchp_packs/Microchip/ATmega_DFP/3.4.282/xc8/avr/lib/avrxmega3/crtatmega4809.o
 .debug_line    0x0000000000000187      0x251 build/free/debug/freeRTOS/portable/GCC/AVR_Mega0/port.o
 .debug_line    0x00000000000003d8      0x13b build/free/debug/freeRTOS/portable/MemMang/heap_1.o
 .debug_line    0x0000000000000513      0x1eb build/free/debug/freeRTOS/list.o
 .debug_line    0x00000000000006fe      0xd6d build/free/debug/freeRTOS/queue.o
 .debug_line    0x000000000000146b      0x705 build/free/debug/freeRTOS/stream_buffer.o
 .debug_line    0x0000000000001b70     0x1063 build/free/debug/freeRTOS/tasks.o
 .debug_line    0x0000000000002bd3      0x561 build/free/debug/freeRTOS/timers.o
 .debug_line    0x0000000000003134       0x71 build/free/debug/OLED/font.o
 .debug_line    0x00000000000031a5      0x231 build/free/debug/OLED/oled.o
 .debug_line    0x00000000000033d6      0x2c1 build/free/debug/OLED/ssd1306.o
 .debug_line    0x0000000000003697      0x201 build/free/debug/clock.o
 .debug_line    0x0000000000003898      0x1bf build/free/debug/keyboard.o
 .debug_line    0x0000000000003a57      0x1db build/free/debug/LED.o
 .debug_line    0x0000000000003c32      0x2ad build/free/debug/main.o
 .debug_line    0x0000000000003edf      0x122 build/free/debug/spi0.o
 .debug_line    0x0000000000004001      0x307 build/free/debug/terminal.o

.debug_frame    0x0000000000000000     0x1478
 *(.debug_frame)
 .debug_frame   0x0000000000000000       0x84 build/free/debug/freeRTOS/portable/GCC/AVR_Mega0/port.o
 .debug_frame   0x0000000000000084       0x60 build/free/debug/freeRTOS/portable/MemMang/heap_1.o
 .debug_frame   0x00000000000000e4       0x88 build/free/debug/freeRTOS/list.o
 .debug_frame   0x000000000000016c      0x41c build/free/debug/freeRTOS/queue.o
 .debug_frame   0x0000000000000588      0x3a8 build/free/debug/freeRTOS/stream_buffer.o
 .debug_frame   0x0000000000000930      0x59c build/free/debug/freeRTOS/tasks.o
 .debug_frame   0x0000000000000ecc      0x1bc build/free/debug/freeRTOS/timers.o
 .debug_frame   0x0000000000001088       0xa4 build/free/debug/OLED/oled.o
 .debug_frame   0x000000000000112c       0xac build/free/debug/OLED/ssd1306.o
 .debug_frame   0x00000000000011d8       0x74 build/free/debug/clock.o
 .debug_frame   0x000000000000124c       0x34 build/free/debug/keyboard.o
 .debug_frame   0x0000000000001280       0x54 build/free/debug/LED.o
 .debug_frame   0x00000000000012d4       0x88 build/free/debug/main.o
 .debug_frame   0x000000000000135c       0x34 build/free/debug/spi0.o
 .debug_frame   0x0000000000001390       0xe8 build/free/debug/terminal.o

.debug_str      0x0000000000000000     0x1bdf
 *(.debug_str)
 .debug_str     0x0000000000000000      0xf85 C:/Users/m43977/.mchp_packs/Microchip/ATmega_DFP/3.4.282/xc8/avr/lib/avrxmega3/crtatmega4809.o
 .debug_str     0x0000000000000f85       0x26 build/free/debug/freeRTOS/portable/GCC/AVR_Mega0/port.o
 .debug_str     0x0000000000000fab       0x1f build/free/debug/freeRTOS/portable/MemMang/heap_1.o
 .debug_str     0x0000000000000fca       0x2b build/free/debug/freeRTOS/list.o
 .debug_str     0x0000000000000ff5      0x2e4 build/free/debug/freeRTOS/queue.o
 .debug_str     0x00000000000012d9      0x21d build/free/debug/freeRTOS/stream_buffer.o
 .debug_str     0x00000000000014f6      0x25b build/free/debug/freeRTOS/tasks.o
 .debug_str     0x0000000000001751      0x205 build/free/debug/freeRTOS/timers.o
 .debug_str     0x0000000000001956        0x0 build/free/debug/OLED/font.o
 .debug_str     0x0000000000001956       0x3b build/free/debug/OLED/oled.o
 .debug_str     0x0000000000001991       0x13 build/free/debug/OLED/ssd1306.o
 .debug_str     0x00000000000019a4       0x53 build/free/debug/clock.o
 .debug_str     0x00000000000019f7       0x2e build/free/debug/keyboard.o
 .debug_str     0x0000000000001a25       0x2b build/free/debug/LED.o
 .debug_str     0x0000000000001a50       0xbe build/free/debug/main.o
 .debug_str     0x0000000000001b0e       0x14 build/free/debug/spi0.o
 .debug_str     0x0000000000001b22       0xbd build/free/debug/terminal.o

.debug_loc      0x0000000000000000     0x61f9
 *(.debug_loc)
 .debug_loc     0x0000000000000000       0xbb build/free/debug/freeRTOS/portable/GCC/AVR_Mega0/port.o
 .debug_loc     0x00000000000000bb       0xc2 build/free/debug/freeRTOS/portable/MemMang/heap_1.o
 .debug_loc     0x000000000000017d       0xb8 build/free/debug/freeRTOS/list.o
 .debug_loc     0x0000000000000235     0x1c02 build/free/debug/freeRTOS/queue.o
 .debug_loc     0x0000000000001e37     0x15e1 build/free/debug/freeRTOS/stream_buffer.o
 .debug_loc     0x0000000000003418     0x1a34 build/free/debug/freeRTOS/tasks.o
 .debug_loc     0x0000000000004e4c      0xa88 build/free/debug/freeRTOS/timers.o
 .debug_loc     0x00000000000058d4      0x1ee build/free/debug/OLED/oled.o
 .debug_loc     0x0000000000005ac2      0x1c5 build/free/debug/OLED/ssd1306.o
 .debug_loc     0x0000000000005c87       0x89 build/free/debug/clock.o
 .debug_loc     0x0000000000005d10      0x1c9 build/free/debug/keyboard.o
 .debug_loc     0x0000000000005ed9      0x213 build/free/debug/LED.o
 .debug_loc     0x00000000000060ec       0x26 build/free/debug/main.o
 .debug_loc     0x0000000000006112       0x20 build/free/debug/spi0.o
 .debug_loc     0x0000000000006132       0xc7 build/free/debug/terminal.o

.debug_macinfo
 *(.debug_macinfo)

.debug_weaknames
 *(.debug_weaknames)

.debug_funcnames
 *(.debug_funcnames)

.debug_typenames
 *(.debug_typenames)

.debug_varnames
 *(.debug_varnames)

.debug_pubtypes
 *(.debug_pubtypes)

.debug_ranges   0x0000000000000000      0x778
 *(.debug_ranges)
 .debug_ranges  0x0000000000000000       0x40 build/free/debug/freeRTOS/portable/GCC/AVR_Mega0/port.o
 .debug_ranges  0x0000000000000040       0x28 build/free/debug/freeRTOS/portable/MemMang/heap_1.o
 .debug_ranges  0x0000000000000068       0x30 build/free/debug/freeRTOS/list.o
 .debug_ranges  0x0000000000000098      0x148 build/free/debug/freeRTOS/queue.o
 .debug_ranges  0x00000000000001e0       0xa0 build/free/debug/freeRTOS/stream_buffer.o
 .debug_ranges  0x0000000000000280      0x1c0 build/free/debug/freeRTOS/tasks.o
 .debug_ranges  0x0000000000000440       0xd8 build/free/debug/freeRTOS/timers.o
 .debug_ranges  0x0000000000000518       0x70 build/free/debug/OLED/oled.o
 .debug_ranges  0x0000000000000588       0x80 build/free/debug/OLED/ssd1306.o
 .debug_ranges  0x0000000000000608       0x48 build/free/debug/clock.o
 .debug_ranges  0x0000000000000650       0x90 build/free/debug/keyboard.o
 .debug_ranges  0x00000000000006e0       0x20 build/free/debug/LED.o
 .debug_ranges  0x0000000000000700       0x18 build/free/debug/main.o
 .debug_ranges  0x0000000000000718       0x18 build/free/debug/spi0.o
 .debug_ranges  0x0000000000000730       0x48 build/free/debug/terminal.o

.debug_macro
 *(.debug_macro)
OUTPUT(dist/free/debug/atmega4809-xplained-pro-getting-started-with-freertos-mplab.X.debug.elf elf32-avr)
LOAD linker stubs
LOAD data_init

.note.gnu.avr.deviceinfo
                0x0000000000000000       0x40
 .note.gnu.avr.deviceinfo
                0x0000000000000000       0x40 C:/Users/m43977/.mchp_packs/Microchip/ATmega_DFP/3.4.282/xc8/avr/lib/avrxmega3/crtatmega4809.o

.bss.pucAlignedHeap.3412
                0x00000000008038cc        0x2
 .bss.pucAlignedHeap.3412
                0x00000000008038cc        0x2 build/free/debug/freeRTOS/portable/MemMang/heap_1.o

.bss.xNextFreeByte
                0x00000000008038ce        0x2
 .bss.xNextFreeByte
                0x00000000008038ce        0x2 build/free/debug/freeRTOS/portable/MemMang/heap_1.o

.bss.ucHeap     0x0000000000802802     0x1000
 .bss.ucHeap    0x0000000000802802     0x1000 build/free/debug/freeRTOS/portable/MemMang/heap_1.o

.bss.xQueueRegistry
                0x00000000008038bb        0x8
 .bss.xQueueRegistry
                0x00000000008038bb        0x8 build/free/debug/freeRTOS/queue.o
                0x00000000008038bb                xQueueRegistry

.bss.uxSchedulerSuspended
                0x00000000008038f2        0x1
 .bss.uxSchedulerSuspended
                0x00000000008038f2        0x1 build/free/debug/freeRTOS/tasks.o

.bss.xIdleTaskHandle
                0x00000000008038d0        0x2
 .bss.xIdleTaskHandle
                0x00000000008038d0        0x2 build/free/debug/freeRTOS/tasks.o

.bss.xNextTaskUnblockTime
                0x00000000008038d2        0x2
 .bss.xNextTaskUnblockTime
                0x00000000008038d2        0x2 build/free/debug/freeRTOS/tasks.o

.bss.uxTaskNumber
                0x00000000008038f3        0x1
 .bss.uxTaskNumber
                0x00000000008038f3        0x1 build/free/debug/freeRTOS/tasks.o

.bss.xNumOfOverflows
                0x00000000008038f4        0x1
 .bss.xNumOfOverflows
                0x00000000008038f4        0x1 build/free/debug/freeRTOS/tasks.o

.bss.xYieldPending
                0x00000000008038f5        0x1
 .bss.xYieldPending
                0x00000000008038f5        0x1 build/free/debug/freeRTOS/tasks.o

.bss.xPendedTicks
                0x00000000008038d4        0x2
 .bss.xPendedTicks
                0x00000000008038d4        0x2 build/free/debug/freeRTOS/tasks.o

.bss.xSchedulerRunning
                0x00000000008038f6        0x1
 .bss.xSchedulerRunning
                0x00000000008038f6        0x1 build/free/debug/freeRTOS/tasks.o

.bss.uxTopReadyPriority
                0x00000000008038f7        0x1
 .bss.uxTopReadyPriority
                0x00000000008038f7        0x1 build/free/debug/freeRTOS/tasks.o

.bss.xTickCount
                0x00000000008038d6        0x2
 .bss.xTickCount
                0x00000000008038d6        0x2 build/free/debug/freeRTOS/tasks.o

.bss.uxCurrentNumberOfTasks
                0x00000000008038f8        0x1
 .bss.uxCurrentNumberOfTasks
                0x00000000008038f8        0x1 build/free/debug/freeRTOS/tasks.o

.bss.xSuspendedTaskList
                0x000000000080387c        0x9
 .bss.xSuspendedTaskList
                0x000000000080387c        0x9 build/free/debug/freeRTOS/tasks.o

.bss.xPendingReadyList
                0x0000000000803885        0x9
 .bss.xPendingReadyList
                0x0000000000803885        0x9 build/free/debug/freeRTOS/tasks.o

.bss.pxOverflowDelayedTaskList
                0x00000000008038d8        0x2
 .bss.pxOverflowDelayedTaskList
                0x00000000008038d8        0x2 build/free/debug/freeRTOS/tasks.o

.bss.pxDelayedTaskList
                0x00000000008038da        0x2
 .bss.pxDelayedTaskList
                0x00000000008038da        0x2 build/free/debug/freeRTOS/tasks.o

.bss.xDelayedTaskList2
                0x000000000080388e        0x9
 .bss.xDelayedTaskList2
                0x000000000080388e        0x9 build/free/debug/freeRTOS/tasks.o

.bss.xDelayedTaskList1
                0x0000000000803897        0x9
 .bss.xDelayedTaskList1
                0x0000000000803897        0x9 build/free/debug/freeRTOS/tasks.o

.bss.pxReadyTasksLists
                0x0000000000803834       0x24
 .bss.pxReadyTasksLists
                0x0000000000803834       0x24 build/free/debug/freeRTOS/tasks.o

.bss.pxCurrentTCB
                0x00000000008038dc        0x2
 .bss.pxCurrentTCB
                0x00000000008038dc        0x2 build/free/debug/freeRTOS/tasks.o
                0x00000000008038dc                pxCurrentTCB

.bss.xLastTime.3719
                0x00000000008038de        0x2
 .bss.xLastTime.3719
                0x00000000008038de        0x2 build/free/debug/freeRTOS/timers.o

.bss.xTimerTaskHandle
                0x00000000008038e0        0x2
 .bss.xTimerTaskHandle
                0x00000000008038e0        0x2 build/free/debug/freeRTOS/timers.o

.bss.xTimerQueue
                0x00000000008038e2        0x2
 .bss.xTimerQueue
                0x00000000008038e2        0x2 build/free/debug/freeRTOS/timers.o

.bss.pxOverflowTimerList
                0x00000000008038e4        0x2
 .bss.pxOverflowTimerList
                0x00000000008038e4        0x2 build/free/debug/freeRTOS/timers.o

.bss.pxCurrentTimerList
                0x00000000008038e6        0x2
 .bss.pxCurrentTimerList
                0x00000000008038e6        0x2 build/free/debug/freeRTOS/timers.o

.bss.xActiveTimerList2
                0x00000000008038a0        0x9
 .bss.xActiveTimerList2
                0x00000000008038a0        0x9 build/free/debug/freeRTOS/timers.o

.bss.xActiveTimerList1
                0x00000000008038a9        0x9
 .bss.xActiveTimerList1
                0x00000000008038a9        0x9 build/free/debug/freeRTOS/timers.o

.bss.should_update_time
                0x00000000008038f9        0x1
 .bss.should_update_time
                0x00000000008038f9        0x1 build/free/debug/clock.o

.bss.new_time   0x00000000008038c3        0x3
 .bss.new_time  0x00000000008038c3        0x3 build/free/debug/clock.o

.bss.time_str   0x00000000008038b2        0x9
 .bss.time_str  0x00000000008038b2        0x9 build/free/debug/clock.o

.bss.time       0x00000000008038c6        0x3
 .bss.time      0x00000000008038c6        0x3 build/free/debug/clock.o

.bss.terminal_rx_buffer
                0x00000000008038e8        0x2
 .bss.terminal_rx_buffer
                0x00000000008038e8        0x2 build/free/debug/main.o
                0x00000000008038e8                terminal_rx_buffer

.bss.terminal_tx_buffer
                0x00000000008038ea        0x2
 .bss.terminal_tx_buffer
                0x00000000008038ea        0x2 build/free/debug/main.o
                0x00000000008038ea                terminal_tx_buffer

.bss.oled_semaphore
                0x00000000008038ec        0x2
 .bss.oled_semaphore
                0x00000000008038ec        0x2 build/free/debug/main.o
                0x00000000008038ec                oled_semaphore

.bss.key_queue  0x00000000008038ee        0x2
 .bss.key_queue
                0x00000000008038ee        0x2 build/free/debug/main.o
                0x00000000008038ee                key_queue

.bss.led_queue  0x00000000008038f0        0x2
 .bss.led_queue
                0x00000000008038f0        0x2 build/free/debug/main.o
                0x00000000008038f0                led_queue

.bss.str_buff   0x0000000000803858       0x14
 .bss.str_buff  0x0000000000803858       0x14 build/free/debug/main.o

.bss.rx_buffer  0x00000000008038c9        0x3
 .bss.rx_buffer
                0x00000000008038c9        0x3 build/free/debug/terminal.o

.bss.tx_buff    0x0000000000803802       0x32
 .bss.tx_buff   0x0000000000803802       0x32 build/free/debug/terminal.o

.progmem0.data.font_table
                0x000000000000011a       0xbe
 .progmem0.data.font_table
                0x000000000000011a       0xbe build/free/debug/OLED/font.o
                0x000000000000011a                font_table

.progmem0.data.Font08px_UW
                0x00000000000001d8        0xa
 .progmem0.data.Font08px_UW
                0x00000000000001d8        0xa build/free/debug/OLED/font.o
                0x00000000000001d8                Font08px_UW

.progmem0.data.Font08px_UY
                0x00000000000001e2        0x8
 .progmem0.data.Font08px_UY
                0x00000000000001e2        0x8 build/free/debug/OLED/font.o
                0x00000000000001e2                Font08px_UY

.progmem0.data.Font08px_UX
                0x00000000000001ea        0x8
 .progmem0.data.Font08px_UX
                0x00000000000001ea        0x8 build/free/debug/OLED/font.o
                0x00000000000001ea                Font08px_UX

.progmem0.data.Font08px_UV
                0x00000000000001f2        0x8
 .progmem0.data.Font08px_UV
                0x00000000000001f2        0x8 build/free/debug/OLED/font.o
                0x00000000000001f2                Font08px_UV

.progmem0.data.Font08px_UN
                0x00000000000001fa        0x8
 .progmem0.data.Font08px_UN
                0x00000000000001fa        0x8 build/free/debug/OLED/font.o
                0x00000000000001fa                Font08px_UN

.progmem0.data.Font08px_UM
                0x0000000000000202        0x8
 .progmem0.data.Font08px_UM
                0x0000000000000202        0x8 build/free/debug/OLED/font.o
                0x0000000000000202                Font08px_UM

.progmem0.data.Font08px_curlya
                0x000000000000020a        0x8
 .progmem0.data.Font08px_curlya
                0x000000000000020a        0x8 build/free/debug/OLED/font.o
                0x000000000000020a                Font08px_curlya

.progmem0.data.Font08px_percentage
                0x0000000000000212        0x8
 .progmem0.data.Font08px_percentage
                0x0000000000000212        0x8 build/free/debug/OLED/font.o
                0x0000000000000212                Font08px_percentage

.progmem0.data.Font08px_UZ
                0x000000000000021a        0x7
 .progmem0.data.Font08px_UZ
                0x000000000000021a        0x7 build/free/debug/OLED/font.o
                0x000000000000021a                Font08px_UZ

.progmem0.data.Font08px_UU
                0x0000000000000221        0x7
 .progmem0.data.Font08px_UU
                0x0000000000000221        0x7 build/free/debug/OLED/font.o
                0x0000000000000221                Font08px_UU

.progmem0.data.Font08px_US
                0x0000000000000228        0x7
 .progmem0.data.Font08px_US
                0x0000000000000228        0x7 build/free/debug/OLED/font.o
                0x0000000000000228                Font08px_US

.progmem0.data.Font08px_UR
                0x000000000000022f        0x7
 .progmem0.data.Font08px_UR
                0x000000000000022f        0x7 build/free/debug/OLED/font.o
                0x000000000000022f                Font08px_UR

.progmem0.data.Font08px_UQ
                0x0000000000000236        0x7
 .progmem0.data.Font08px_UQ
                0x0000000000000236        0x7 build/free/debug/OLED/font.o
                0x0000000000000236                Font08px_UQ

.progmem0.data.Font08px_UP
                0x000000000000023d        0x7
 .progmem0.data.Font08px_UP
                0x000000000000023d        0x7 build/free/debug/OLED/font.o
                0x000000000000023d                Font08px_UP

.progmem0.data.Font08px_UO
                0x0000000000000244        0x7
 .progmem0.data.Font08px_UO
                0x0000000000000244        0x7 build/free/debug/OLED/font.o
                0x0000000000000244                Font08px_UO

.progmem0.data.Font08px_UL
                0x000000000000024b        0x7
 .progmem0.data.Font08px_UL
                0x000000000000024b        0x7 build/free/debug/OLED/font.o
                0x000000000000024b                Font08px_UL

.progmem0.data.Font08px_UK
                0x0000000000000252        0x7
 .progmem0.data.Font08px_UK
                0x0000000000000252        0x7 build/free/debug/OLED/font.o
                0x0000000000000252                Font08px_UK

.progmem0.data.Font08px_UH
                0x0000000000000259        0x7
 .progmem0.data.Font08px_UH
                0x0000000000000259        0x7 build/free/debug/OLED/font.o
                0x0000000000000259                Font08px_UH

.progmem0.data.Font08px_UG
                0x0000000000000260        0x7
 .progmem0.data.Font08px_UG
                0x0000000000000260        0x7 build/free/debug/OLED/font.o
                0x0000000000000260                Font08px_UG

.progmem0.data.Font08px_UF
                0x0000000000000267        0x7
 .progmem0.data.Font08px_UF
                0x0000000000000267        0x7 build/free/debug/OLED/font.o
                0x0000000000000267                Font08px_UF

.progmem0.data.Font08px_UE
                0x000000000000026e        0x7
 .progmem0.data.Font08px_UE
                0x000000000000026e        0x7 build/free/debug/OLED/font.o
                0x000000000000026e                Font08px_UE

.progmem0.data.Font08px_UD
                0x0000000000000275        0x7
 .progmem0.data.Font08px_UD
                0x0000000000000275        0x7 build/free/debug/OLED/font.o
                0x0000000000000275                Font08px_UD

.progmem0.data.Font08px_UC
                0x000000000000027c        0x7
 .progmem0.data.Font08px_UC
                0x000000000000027c        0x7 build/free/debug/OLED/font.o
                0x000000000000027c                Font08px_UC

.progmem0.data.Font08px_UB
                0x0000000000000283        0x7
 .progmem0.data.Font08px_UB
                0x0000000000000283        0x7 build/free/debug/OLED/font.o
                0x0000000000000283                Font08px_UB

.progmem0.data.Font08px_UA
                0x000000000000028a        0x7
 .progmem0.data.Font08px_UA
                0x000000000000028a        0x7 build/free/debug/OLED/font.o
                0x000000000000028a                Font08px_UA

.progmem0.data.Font08px_and
                0x0000000000000291        0x7
 .progmem0.data.Font08px_and
                0x0000000000000291        0x7 build/free/debug/OLED/font.o
                0x0000000000000291                Font08px_and

.progmem0.data.Font08px_lx
                0x0000000000000298        0x6
 .progmem0.data.Font08px_lx
                0x0000000000000298        0x6 build/free/debug/OLED/font.o
                0x0000000000000298                Font08px_lx

.progmem0.data.Font08px_lw
                0x000000000000029e        0x6
 .progmem0.data.Font08px_lw
                0x000000000000029e        0x6 build/free/debug/OLED/font.o
                0x000000000000029e                Font08px_lw

.progmem0.data.Font08px_lv
                0x00000000000002a4        0x6
 .progmem0.data.Font08px_lv
                0x00000000000002a4        0x6 build/free/debug/OLED/font.o
                0x00000000000002a4                Font08px_lv

.progmem0.data.Font08px_lm
                0x00000000000002aa        0x6
 .progmem0.data.Font08px_lm
                0x00000000000002aa        0x6 build/free/debug/OLED/font.o
                0x00000000000002aa                Font08px_lm

.progmem0.data.Font08px_underscore
                0x00000000000002b0        0x6
 .progmem0.data.Font08px_underscore
                0x00000000000002b0        0x6 build/free/debug/OLED/font.o
                0x00000000000002b0                Font08px_underscore

.progmem0.data.Font08px_UT
                0x00000000000002b6        0x6
 .progmem0.data.Font08px_UT
                0x00000000000002b6        0x6 build/free/debug/OLED/font.o
                0x00000000000002b6                Font08px_UT

.progmem0.data.Font08px_N9
                0x00000000000002bc        0x6
 .progmem0.data.Font08px_N9
                0x00000000000002bc        0x6 build/free/debug/OLED/font.o
                0x00000000000002bc                Font08px_N9

.progmem0.data.Font08px_N8
                0x00000000000002c2        0x6
 .progmem0.data.Font08px_N8
                0x00000000000002c2        0x6 build/free/debug/OLED/font.o
                0x00000000000002c2                Font08px_N8

.progmem0.data.Font08px_N7
                0x00000000000002c8        0x6
 .progmem0.data.Font08px_N7
                0x00000000000002c8        0x6 build/free/debug/OLED/font.o
                0x00000000000002c8                Font08px_N7

.progmem0.data.Font08px_N6
                0x00000000000002ce        0x6
 .progmem0.data.Font08px_N6
                0x00000000000002ce        0x6 build/free/debug/OLED/font.o
                0x00000000000002ce                Font08px_N6

.progmem0.data.Font08px_N5
                0x00000000000002d4        0x6
 .progmem0.data.Font08px_N5
                0x00000000000002d4        0x6 build/free/debug/OLED/font.o
                0x00000000000002d4                Font08px_N5

.progmem0.data.Font08px_N4
                0x00000000000002da        0x6
 .progmem0.data.Font08px_N4
                0x00000000000002da        0x6 build/free/debug/OLED/font.o
                0x00000000000002da                Font08px_N4

.progmem0.data.Font08px_N3
                0x00000000000002e0        0x6
 .progmem0.data.Font08px_N3
                0x00000000000002e0        0x6 build/free/debug/OLED/font.o
                0x00000000000002e0                Font08px_N3

.progmem0.data.Font08px_N2
                0x00000000000002e6        0x6
 .progmem0.data.Font08px_N2
                0x00000000000002e6        0x6 build/free/debug/OLED/font.o
                0x00000000000002e6                Font08px_N2

.progmem0.data.Font08px_N1
                0x00000000000002ec        0x6
 .progmem0.data.Font08px_N1
                0x00000000000002ec        0x6 build/free/debug/OLED/font.o
                0x00000000000002ec                Font08px_N1

.progmem0.data.Font08px_N0
                0x00000000000002f2        0x6
 .progmem0.data.Font08px_N0
                0x00000000000002f2        0x6 build/free/debug/OLED/font.o
                0x00000000000002f2                Font08px_N0

.progmem0.data.Font08px_plus
                0x00000000000002f8        0x6
 .progmem0.data.Font08px_plus
                0x00000000000002f8        0x6 build/free/debug/OLED/font.o
                0x00000000000002f8                Font08px_plus

.progmem0.data.Font08px_star
                0x00000000000002fe        0x6
 .progmem0.data.Font08px_star
                0x00000000000002fe        0x6 build/free/debug/OLED/font.o
                0x00000000000002fe                Font08px_star

.progmem0.data.Font08px_dollar
                0x0000000000000304        0x6
 .progmem0.data.Font08px_dollar
                0x0000000000000304        0x6 build/free/debug/OLED/font.o
                0x0000000000000304                Font08px_dollar

.progmem0.data.Font08px_hash
                0x000000000000030a        0x6
 .progmem0.data.Font08px_hash
                0x000000000000030a        0x6 build/free/debug/OLED/font.o
                0x000000000000030a                Font08px_hash

.progmem0.data.Font08px_tilde
                0x0000000000000310        0x5
 .progmem0.data.Font08px_tilde
                0x0000000000000310        0x5 build/free/debug/OLED/font.o
                0x0000000000000310                Font08px_tilde

.progmem0.data.Font08px_ly
                0x0000000000000315        0x5
 .progmem0.data.Font08px_ly
                0x0000000000000315        0x5 build/free/debug/OLED/font.o
                0x0000000000000315                Font08px_ly

.progmem0.data.Font08px_lu
                0x000000000000031a        0x5
 .progmem0.data.Font08px_lu
                0x000000000000031a        0x5 build/free/debug/OLED/font.o
                0x000000000000031a                Font08px_lu

.progmem0.data.Font08px_ls
                0x000000000000031f        0x5
 .progmem0.data.Font08px_ls
                0x000000000000031f        0x5 build/free/debug/OLED/font.o
                0x000000000000031f                Font08px_ls

.progmem0.data.Font08px_lq
                0x0000000000000324        0x5
 .progmem0.data.Font08px_lq
                0x0000000000000324        0x5 build/free/debug/OLED/font.o
                0x0000000000000324                Font08px_lq

.progmem0.data.Font08px_lp
                0x0000000000000329        0x5
 .progmem0.data.Font08px_lp
                0x0000000000000329        0x5 build/free/debug/OLED/font.o
                0x0000000000000329                Font08px_lp

.progmem0.data.Font08px_lo
                0x000000000000032e        0x5
 .progmem0.data.Font08px_lo
                0x000000000000032e        0x5 build/free/debug/OLED/font.o
                0x000000000000032e                Font08px_lo

.progmem0.data.Font08px_ln
                0x0000000000000333        0x5
 .progmem0.data.Font08px_ln
                0x0000000000000333        0x5 build/free/debug/OLED/font.o
                0x0000000000000333                Font08px_ln

.progmem0.data.Font08px_lk
                0x0000000000000338        0x5
 .progmem0.data.Font08px_lk
                0x0000000000000338        0x5 build/free/debug/OLED/font.o
                0x0000000000000338                Font08px_lk

.progmem0.data.Font08px_lh
                0x000000000000033d        0x5
 .progmem0.data.Font08px_lh
                0x000000000000033d        0x5 build/free/debug/OLED/font.o
                0x000000000000033d                Font08px_lh

.progmem0.data.Font08px_lg
                0x0000000000000342        0x5
 .progmem0.data.Font08px_lg
                0x0000000000000342        0x5 build/free/debug/OLED/font.o
                0x0000000000000342                Font08px_lg

.progmem0.data.Font08px_le
                0x0000000000000347        0x5
 .progmem0.data.Font08px_le
                0x0000000000000347        0x5 build/free/debug/OLED/font.o
                0x0000000000000347                Font08px_le

.progmem0.data.Font08px_ld
                0x000000000000034c        0x5
 .progmem0.data.Font08px_ld
                0x000000000000034c        0x5 build/free/debug/OLED/font.o
                0x000000000000034c                Font08px_ld

.progmem0.data.Font08px_lc
                0x0000000000000351        0x5
 .progmem0.data.Font08px_lc
                0x0000000000000351        0x5 build/free/debug/OLED/font.o
                0x0000000000000351                Font08px_lc

.progmem0.data.Font08px_lb
                0x0000000000000356        0x5
 .progmem0.data.Font08px_lb
                0x0000000000000356        0x5 build/free/debug/OLED/font.o
                0x0000000000000356                Font08px_lb

.progmem0.data.Font08px_la
                0x000000000000035b        0x5
 .progmem0.data.Font08px_la
                0x000000000000035b        0x5 build/free/debug/OLED/font.o
                0x000000000000035b                Font08px_la

.progmem0.data.Font08px_backslash
                0x0000000000000360        0x5
 .progmem0.data.Font08px_backslash
                0x0000000000000360        0x5 build/free/debug/OLED/font.o
                0x0000000000000360                Font08px_backslash

.progmem0.data.Font08px_UJ
                0x0000000000000365        0x5
 .progmem0.data.Font08px_UJ
                0x0000000000000365        0x5 build/free/debug/OLED/font.o
                0x0000000000000365                Font08px_UJ

.progmem0.data.Font08px_questionmark
                0x000000000000036a        0x5
 .progmem0.data.Font08px_questionmark
                0x000000000000036a        0x5 build/free/debug/OLED/font.o
                0x000000000000036a                Font08px_questionmark

.progmem0.data.Font08px_slash
                0x000000000000036f        0x5
 .progmem0.data.Font08px_slash
                0x000000000000036f        0x5 build/free/debug/OLED/font.o
                0x000000000000036f                Font08px_slash

.progmem0.data.Font08px_right_curly_b
                0x0000000000000374        0x4
 .progmem0.data.Font08px_right_curly_b
                0x0000000000000374        0x4 build/free/debug/OLED/font.o
                0x0000000000000374                Font08px_right_curly_b

.progmem0.data.Font08px_left_curly_b
                0x0000000000000378        0x4
 .progmem0.data.Font08px_left_curly_b
                0x0000000000000378        0x4 build/free/debug/OLED/font.o
                0x0000000000000378                Font08px_left_curly_b

.progmem0.data.Font08px_lz
                0x000000000000037c        0x4
 .progmem0.data.Font08px_lz
                0x000000000000037c        0x4 build/free/debug/OLED/font.o
                0x000000000000037c                Font08px_lz

.progmem0.data.Font08px_lt
                0x0000000000000380        0x4
 .progmem0.data.Font08px_lt
                0x0000000000000380        0x4 build/free/debug/OLED/font.o
                0x0000000000000380                Font08px_lt

.progmem0.data.Font08px_lr
                0x0000000000000384        0x4
 .progmem0.data.Font08px_lr
                0x0000000000000384        0x4 build/free/debug/OLED/font.o
                0x0000000000000384                Font08px_lr

.progmem0.data.Font08px_lf
                0x0000000000000388        0x4
 .progmem0.data.Font08px_lf
                0x0000000000000388        0x4 build/free/debug/OLED/font.o
                0x0000000000000388                Font08px_lf

.progmem0.data.Font08px_caret
                0x000000000000038c        0x4
 .progmem0.data.Font08px_caret
                0x000000000000038c        0x4 build/free/debug/OLED/font.o
                0x000000000000038c                Font08px_caret

.progmem0.data.Font08px_UI
                0x0000000000000390        0x4
 .progmem0.data.Font08px_UI
                0x0000000000000390        0x4 build/free/debug/OLED/font.o
                0x0000000000000390                Font08px_UI

.progmem0.data.Font08px_more_than
                0x0000000000000394        0x4
 .progmem0.data.Font08px_more_than
                0x0000000000000394        0x4 build/free/debug/OLED/font.o
                0x0000000000000394                Font08px_more_than

.progmem0.data.Font08px_equals
                0x0000000000000398        0x4
 .progmem0.data.Font08px_equals
                0x0000000000000398        0x4 build/free/debug/OLED/font.o
                0x0000000000000398                Font08px_equals

.progmem0.data.Font08px_les_than
                0x000000000000039c        0x4
 .progmem0.data.Font08px_les_than
                0x000000000000039c        0x4 build/free/debug/OLED/font.o
                0x000000000000039c                Font08px_les_than

.progmem0.data.Font08px_semicolon
                0x00000000000003a0        0x4
 .progmem0.data.Font08px_semicolon
                0x00000000000003a0        0x4 build/free/debug/OLED/font.o
                0x00000000000003a0                Font08px_semicolon

.progmem0.data.Font08px_period
                0x00000000000003a4        0x4
 .progmem0.data.Font08px_period
                0x00000000000003a4        0x4 build/free/debug/OLED/font.o
                0x00000000000003a4                Font08px_period

.progmem0.data.Font08px_minus
                0x00000000000003a8        0x4
 .progmem0.data.Font08px_minus
                0x00000000000003a8        0x4 build/free/debug/OLED/font.o
                0x00000000000003a8                Font08px_minus

.progmem0.data.Font08px_comma
                0x00000000000003ac        0x4
 .progmem0.data.Font08px_comma
                0x00000000000003ac        0x4 build/free/debug/OLED/font.o
                0x00000000000003ac                Font08px_comma

.progmem0.data.Font08px_closing_parentheses
                0x00000000000003b0        0x4
 .progmem0.data.Font08px_closing_parentheses
                0x00000000000003b0        0x4 build/free/debug/OLED/font.o
                0x00000000000003b0                Font08px_closing_parentheses

.progmem0.data.Font08px_parentheses
                0x00000000000003b4        0x4
 .progmem0.data.Font08px_parentheses
                0x00000000000003b4        0x4 build/free/debug/OLED/font.o
                0x00000000000003b4                Font08px_parentheses

.progmem0.data.Font08px_quotation
                0x00000000000003b8        0x4
 .progmem0.data.Font08px_quotation
                0x00000000000003b8        0x4 build/free/debug/OLED/font.o
                0x00000000000003b8                Font08px_quotation

.progmem0.data.Font08px_lj
                0x00000000000003bc        0x3
 .progmem0.data.Font08px_lj
                0x00000000000003bc        0x3 build/free/debug/OLED/font.o
                0x00000000000003bc                Font08px_lj

.progmem0.data.Font08px_grave_acent
                0x00000000000003bf        0x3
 .progmem0.data.Font08px_grave_acent
                0x00000000000003bf        0x3 build/free/debug/OLED/font.o
                0x00000000000003bf                Font08px_grave_acent

.progmem0.data.Font08px_right_square_bracket
                0x00000000000003c2        0x3
 .progmem0.data.Font08px_right_square_bracket
                0x00000000000003c2        0x3 build/free/debug/OLED/font.o
                0x00000000000003c2                Font08px_right_square_bracket

.progmem0.data.Font08px_left_square_bracket
                0x00000000000003c5        0x3
 .progmem0.data.Font08px_left_square_bracket
                0x00000000000003c5        0x3 build/free/debug/OLED/font.o
                0x00000000000003c5                Font08px_left_square_bracket

.progmem0.data.Font08px_colon
                0x00000000000003c8        0x3
 .progmem0.data.Font08px_colon
                0x00000000000003c8        0x3 build/free/debug/OLED/font.o
                0x00000000000003c8                Font08px_colon

.progmem0.data.Font08px_space
                0x00000000000003cb        0x3
 .progmem0.data.Font08px_space
                0x00000000000003cb        0x3 build/free/debug/OLED/font.o
                0x00000000000003cb                Font08px_space

.progmem0.data.Font08px_Vertical_bar
                0x00000000000003ce        0x2
 .progmem0.data.Font08px_Vertical_bar
                0x00000000000003ce        0x2 build/free/debug/OLED/font.o
                0x00000000000003ce                Font08px_Vertical_bar

.progmem0.data.Font08px_ll
                0x00000000000003d0        0x2
 .progmem0.data.Font08px_ll
                0x00000000000003d0        0x2 build/free/debug/OLED/font.o
                0x00000000000003d0                Font08px_ll

.progmem0.data.Font08px_li
                0x00000000000003d2        0x2
 .progmem0.data.Font08px_li
                0x00000000000003d2        0x2 build/free/debug/OLED/font.o
                0x00000000000003d2                Font08px_li

.progmem0.data.Font08px_apostrophe
                0x00000000000003d4        0x2
 .progmem0.data.Font08px_apostrophe
                0x00000000000003d4        0x2 build/free/debug/OLED/font.o
                0x00000000000003d4                Font08px_apostrophe

.progmem0.data.Font08px_exclemation
                0x00000000000003d6        0x2
 .progmem0.data.Font08px_exclemation
                0x00000000000003d6        0x2 build/free/debug/OLED/font.o
                0x00000000000003d6                Font08px_exclemation

.text.vfpfcnvrt
                0x00000000000003d8      0x3fc
 .text.vfpfcnvrt
                0x00000000000003d8      0x3fc c:/program files/microchip/xc8/v3.00/avr/bin/../lib/gcc/avr/5.4.0/../../../../avr/lib/avrxmega3\libc.a(__printf_core.o)
                0x00000000000003d8                vfpfcnvrt

.text.xTaskCreate
                0x00000000000007d4      0x218
 .text.xTaskCreate
                0x00000000000007d4      0x218 build/free/debug/freeRTOS/tasks.o
                0x00000000000007d4                xTaskCreate

.text.prvTimerTask
                0x00000000000009ec      0x208
 .text.prvTimerTask
                0x00000000000009ec      0x208 build/free/debug/freeRTOS/timers.o

.text.__fmt_x   0x0000000000000bf4      0x1dc
 .text.__fmt_x  0x0000000000000bf4      0x1dc c:/program files/microchip/xc8/v3.00/avr/bin/../lib/gcc/avr/5.4.0/../../../../avr/lib/avrxmega3\libc.a(__fmt_x.o)
                0x0000000000000bf4                __fmt_x_needed
                0x0000000000000bf4                __fmt_x

.text.xQueueSemaphoreTake
                0x0000000000000dd0      0x190
 .text.xQueueSemaphoreTake
                0x0000000000000dd0      0x190 build/free/debug/freeRTOS/queue.o
                0x0000000000000dd0                xQueueSemaphoreTake

.text.xStreamBufferSend
                0x0000000000000f60      0x178
 .text.xStreamBufferSend
                0x0000000000000f60      0x178 build/free/debug/freeRTOS/stream_buffer.o
                0x0000000000000f60                xStreamBufferSend

.text.xTaskGenericNotifyFromISR
                0x00000000000010d8      0x178
 .text.xTaskGenericNotifyFromISR
                0x00000000000010d8      0x178 build/free/debug/freeRTOS/tasks.o
                0x00000000000010d8                xTaskGenericNotifyFromISR

.text.xTaskIncrementTick
                0x0000000000001250      0x168
 .text.xTaskIncrementTick
                0x0000000000001250      0x168 build/free/debug/freeRTOS/tasks.o
                0x0000000000001250                xTaskIncrementTick

.text.xStreamBufferReceive
                0x00000000000013b8      0x156
 .text.xStreamBufferReceive
                0x00000000000013b8      0x156 build/free/debug/freeRTOS/stream_buffer.o
                0x00000000000013b8                xStreamBufferReceive

.text.xTaskGenericNotify
                0x000000000000150e      0x154
 .text.xTaskGenericNotify
                0x000000000000150e      0x154 build/free/debug/freeRTOS/tasks.o
                0x000000000000150e                xTaskGenericNotify

.text.xTaskGenericNotifyWait
                0x0000000000001662      0x142
 .text.xTaskGenericNotifyWait
                0x0000000000001662      0x142 build/free/debug/freeRTOS/tasks.o
                0x0000000000001662                xTaskGenericNotifyWait

.text.xQueueGenericSend
                0x00000000000017a4      0x138
 .text.xQueueGenericSend
                0x00000000000017a4      0x138 build/free/debug/freeRTOS/queue.o
                0x00000000000017a4                xQueueGenericSend

.text.xQueueReceive
                0x00000000000018dc      0x128
 .text.xQueueReceive
                0x00000000000018dc      0x128 build/free/debug/freeRTOS/queue.o
                0x00000000000018dc                xQueueReceive

.text.main      0x0000000000001a04      0x124
 .text.main     0x0000000000001a04      0x124 build/free/debug/main.o
                0x0000000000001a04                main

.text.tsk_main  0x0000000000001b28      0x116
 .text.tsk_main
                0x0000000000001b28      0x116 build/free/debug/main.o
                0x0000000000001b28                tsk_main

.text.xTaskResumeAll
                0x0000000000001c3e      0x104
 .text.xTaskResumeAll
                0x0000000000001c3e      0x104 build/free/debug/freeRTOS/tasks.o
                0x0000000000001c3e                xTaskResumeAll

.text.ssd1306_init
                0x0000000000001d42       0xec
 .text.ssd1306_init
                0x0000000000001d42       0xec build/free/debug/OLED/ssd1306.o
                0x0000000000001d42                ssd1306_init

.text.tsk_clk   0x0000000000001e2e       0xea
 .text.tsk_clk  0x0000000000001e2e       0xea build/free/debug/clock.o
                0x0000000000001e2e                tsk_clk

.text.__fmt_d   0x0000000000001f18       0xe4
 .text.__fmt_d  0x0000000000001f18       0xe4 c:/program files/microchip/xc8/v3.00/avr/bin/../lib/gcc/avr/5.4.0/../../../../avr/lib/avrxmega3\libc.a(__fmt_d.o)
                0x0000000000001f18                __fmt_d
                0x0000000000001f18                __fmt_d_needed

.text.prvSampleTimeNow
                0x0000000000001ffc       0xe0
 .text.prvSampleTimeNow
                0x0000000000001ffc       0xe0 build/free/debug/freeRTOS/timers.o

.text.tsk_keyboard
                0x00000000000020dc       0xd4
 .text.tsk_keyboard
                0x00000000000020dc       0xd4 build/free/debug/keyboard.o
                0x00000000000020dc                tsk_keyboard

.text.tsk_term_rx
                0x00000000000021b0       0xd0
 .text.tsk_term_rx
                0x00000000000021b0       0xd0 build/free/debug/terminal.o
                0x00000000000021b0                tsk_term_rx

.text.__pop_int
                0x0000000000002280       0xd0
 .text.__pop_int
                0x0000000000002280       0xd0 c:/program files/microchip/xc8/v3.00/avr/bin/../lib/gcc/avr/5.4.0/../../../../avr/lib/avrxmega3\libc.a(__pop_int.o)
                0x0000000000002280                __pop_int_needed
                0x0000000000002280                __pop_int

.text.xTaskPriorityInherit
                0x0000000000002350       0xcc
 .text.xTaskPriorityInherit
                0x0000000000002350       0xcc build/free/debug/freeRTOS/tasks.o
                0x0000000000002350                xTaskPriorityInherit

.text.__cvt_u   0x000000000000241c       0xca
 .text.__cvt_u  0x000000000000241c       0xca c:/program files/microchip/xc8/v3.00/avr/bin/../lib/gcc/avr/5.4.0/../../../../avr/lib/avrxmega3\libc.a(__fmt_u.o)
                0x000000000000241c                __cvt_u

.text.prvCopyDataToQueue
                0x00000000000024e6       0xbe
 .text.prvCopyDataToQueue
                0x00000000000024e6       0xbe build/free/debug/freeRTOS/queue.o

.text.ssd1306_write_text
                0x00000000000025a4       0xbc
 .text.ssd1306_write_text
                0x00000000000025a4       0xbc build/free/debug/OLED/ssd1306.o
                0x00000000000025a4                ssd1306_write_text

.text.vPortYieldFromTick
                0x0000000000002660       0xb8
 .text.vPortYieldFromTick
                0x0000000000002660       0xb8 build/free/debug/freeRTOS/portable/GCC/AVR_Mega0/port.o
                0x0000000000002660                vPortYieldFromTick

.text.vPortYield
                0x0000000000002718       0xb2
 .text.vPortYield
                0x0000000000002718       0xb2 build/free/debug/freeRTOS/portable/GCC/AVR_Mega0/port.o
                0x0000000000002718                vPortYield

.text.vPortYieldFromISR
                0x00000000000027ca       0xb2
 .text.vPortYieldFromISR
                0x00000000000027ca       0xb2 build/free/debug/freeRTOS/portable/GCC/AVR_Mega0/port.o
                0x00000000000027ca                vPortYieldFromISR

.text.__fmt_o   0x000000000000287c       0xb2
 .text.__fmt_o  0x000000000000287c       0xb2 c:/program files/microchip/xc8/v3.00/avr/bin/../lib/gcc/avr/5.4.0/../../../../avr/lib/avrxmega3\libc.a(__fmt_o.o)
                0x000000000000287c                __fmt_o
                0x000000000000287c                __fmt_o_needed

.text.prvAddCurrentTaskToDelayedList
                0x000000000000292e       0xb0
 .text.prvAddCurrentTaskToDelayedList
                0x000000000000292e       0xb0 build/free/debug/freeRTOS/tasks.o

.text.vTaskSwitchContext
                0x00000000000029de       0xae
 .text.vTaskSwitchContext
                0x00000000000029de       0xae build/free/debug/freeRTOS/tasks.o
                0x00000000000029de                vTaskSwitchContext

.text.prvReadBytesFromBuffer
                0x0000000000002a8c       0x9e
 .text.prvReadBytesFromBuffer
                0x0000000000002a8c       0x9e build/free/debug/freeRTOS/stream_buffer.o

.text.prvUnlockQueue
                0x0000000000002b2a       0x9a
 .text.prvUnlockQueue
                0x0000000000002b2a       0x9a build/free/debug/freeRTOS/queue.o

.text.fputc     0x0000000000002bc4       0x98
 .text.fputc    0x0000000000002bc4       0x98 c:/program files/microchip/xc8/v3.00/avr/bin/../lib/gcc/avr/5.4.0/../../../../avr/lib/avrxmega3\libc.a(fputc.o)
                0x0000000000002bc4                fputc
                0x0000000000002bc4                putc

.text.oled_clear
                0x0000000000002c5c       0x94
 .text.oled_clear
                0x0000000000002c5c       0x94 build/free/debug/OLED/oled.o
                0x0000000000002c5c                oled_clear

.text.prvWriteBytesToBuffer
                0x0000000000002cf0       0x92
 .text.prvWriteBytesToBuffer
                0x0000000000002cf0       0x92 build/free/debug/freeRTOS/stream_buffer.o

.text.xStreamBufferSendFromISR
                0x0000000000002d82       0x8e
 .text.xStreamBufferSendFromISR
                0x0000000000002d82       0x8e build/free/debug/freeRTOS/stream_buffer.o
                0x0000000000002d82                xStreamBufferSendFromISR

.text.__fmt_u   0x0000000000002e10       0x8e
 .text.__fmt_u  0x0000000000002e10       0x8e c:/program files/microchip/xc8/v3.00/avr/bin/../lib/gcc/avr/5.4.0/../../../../avr/lib/avrxmega3\libc.a(__fmt_u.o)
                0x0000000000002e10                __fmt_u_needed
                0x0000000000002e10                __fmt_u

.text.xQueueGenericReset
                0x0000000000002e9e       0x8c
 .text.xQueueGenericReset
                0x0000000000002e9e       0x8c build/free/debug/freeRTOS/queue.o
                0x0000000000002e9e                xQueueGenericReset

.text.xTimerGenericCommand
                0x0000000000002f2a       0x8c
 .text.xTimerGenericCommand
                0x0000000000002f2a       0x8c build/free/debug/freeRTOS/timers.o
                0x0000000000002f2a                xTimerGenericCommand

.text.vTaskPriorityDisinheritAfterTimeout
                0x0000000000002fb6       0x86
 .text.vTaskPriorityDisinheritAfterTimeout
                0x0000000000002fb6       0x86 build/free/debug/freeRTOS/tasks.o
                0x0000000000002fb6                vTaskPriorityDisinheritAfterTimeout

.text.xTaskRemoveFromEventList
                0x000000000000303c       0x84
 .text.xTaskRemoveFromEventList
                0x000000000000303c       0x84 build/free/debug/freeRTOS/tasks.o
                0x000000000000303c                xTaskRemoveFromEventList

.text.prvWriteMessageToBuffer
                0x00000000000030c0       0x82
 .text.prvWriteMessageToBuffer
                0x00000000000030c0       0x82 build/free/debug/freeRTOS/stream_buffer.o

.text.__vector_37
                0x0000000000003142       0x82
 .text.__vector_37
                0x0000000000003142       0x82 build/free/debug/terminal.o
                0x0000000000003142                __vector_37

.text.vTaskDelayUntil
                0x00000000000031c4       0x7c
 .text.vTaskDelayUntil
                0x00000000000031c4       0x7c build/free/debug/freeRTOS/tasks.o
                0x00000000000031c4                vTaskDelayUntil

.text.xQueueGenericSendFromISR
                0x0000000000003240       0x78
 .text.xQueueGenericSendFromISR
                0x0000000000003240       0x78 build/free/debug/freeRTOS/queue.o
                0x0000000000003240                xQueueGenericSendFromISR

.text.__printf_core
                0x00000000000032b8       0x78
 .text.__printf_core
                0x00000000000032b8       0x78 c:/program files/microchip/xc8/v3.00/avr/bin/../lib/gcc/avr/5.4.0/../../../../avr/lib/avrxmega3\libc.a(__printf_core.o)
                0x00000000000032b8                __printf_core

.text.xTaskPriorityDisinherit
                0x0000000000003330       0x74
 .text.xTaskPriorityDisinherit
                0x0000000000003330       0x74 build/free/debug/freeRTOS/tasks.o
                0x0000000000003330                xTaskPriorityDisinherit

.text.tsk_LED   0x00000000000033a4       0x74
 .text.tsk_LED  0x00000000000033a4       0x74 build/free/debug/LED.o
                0x00000000000033a4                tsk_LED

.text.__vsnprintf
                0x0000000000003418       0x74
 .text.__vsnprintf
                0x0000000000003418       0x74 c:/program files/microchip/xc8/v3.00/avr/bin/../lib/gcc/avr/5.4.0/../../../../avr/lib/avrxmega3\libc.a(__int_vsnprintf.o)
                0x0000000000003418                __vsnprintf

.text.xTaskCheckForTimeOut
                0x000000000000348c       0x72
 .text.xTaskCheckForTimeOut
                0x000000000000348c       0x72 build/free/debug/freeRTOS/tasks.o
                0x000000000000348c                xTaskCheckForTimeOut

.text.__pad     0x00000000000034fe       0x72
 .text.__pad    0x00000000000034fe       0x72 c:/program files/microchip/xc8/v3.00/avr/bin/../lib/gcc/avr/5.4.0/../../../../avr/lib/avrxmega3\libc.a(__printf_core.o)
                0x00000000000034fe                __pad

.text.atoi      0x0000000000003570       0x72
 .text.atoi     0x0000000000003570       0x72 c:/program files/microchip/xc8/v3.00/avr/bin/../lib/gcc/avr/5.4.0/../../../../avr/lib/avrxmega3\libc.a(atoi.o)
                0x0000000000003570                atoi

.text.xPortStartScheduler
                0x00000000000035e2       0x6a
 .text.xPortStartScheduler
                0x00000000000035e2       0x6a build/free/debug/freeRTOS/portable/GCC/AVR_Mega0/port.o
                0x00000000000035e2                xPortStartScheduler

.text.pvPortMalloc
                0x000000000000364c       0x6a
 .text.pvPortMalloc
                0x000000000000364c       0x6a build/free/debug/freeRTOS/portable/MemMang/heap_1.o
                0x000000000000364c                pvPortMalloc

.text.vListInsert
                0x00000000000036b6       0x62
 .text.vListInsert
                0x00000000000036b6       0x62 build/free/debug/freeRTOS/list.o
                0x00000000000036b6                vListInsert

.text.get_number
                0x0000000000003718       0x62
 .text.get_number
                0x0000000000003718       0x62 build/free/debug/terminal.o

.text.tsk_term_tx
                0x000000000000377a       0x62
 .text.tsk_term_tx
                0x000000000000377a       0x62 build/free/debug/terminal.o
                0x000000000000377a                tsk_term_tx

.text.prvInsertTimerInActiveList
                0x00000000000037dc       0x5e
 .text.prvInsertTimerInActiveList
                0x00000000000037dc       0x5e build/free/debug/freeRTOS/timers.o

.text.prvCheckForValidListAndQueue
                0x000000000000383a       0x5e
 .text.prvCheckForValidListAndQueue
                0x000000000000383a       0x5e build/free/debug/freeRTOS/timers.o

.text.vTaskStartScheduler
                0x0000000000003898       0x5c
 .text.vTaskStartScheduler
                0x0000000000003898       0x5c build/free/debug/freeRTOS/tasks.o
                0x0000000000003898                vTaskStartScheduler

.text.read_prec_or_width
                0x00000000000038f4       0x5c
 .text.read_prec_or_width
                0x00000000000038f4       0x5c c:/program files/microchip/xc8/v3.00/avr/bin/../lib/gcc/avr/5.4.0/../../../../avr/lib/avrxmega3\libc.a(__printf_core.o)

.text.xStreamBufferGenericCreate
                0x0000000000003950       0x5a
 .text.xStreamBufferGenericCreate
                0x0000000000003950       0x5a build/free/debug/freeRTOS/stream_buffer.o
                0x0000000000003950                xStreamBufferGenericCreate

.text.__fmt_s   0x00000000000039aa       0x54
 .text.__fmt_s  0x00000000000039aa       0x54 c:/program files/microchip/xc8/v3.00/avr/bin/../lib/gcc/avr/5.4.0/../../../../avr/lib/avrxmega3\libc.a(__fmt_s.o)
                0x00000000000039aa                __fmt_s
                0x00000000000039aa                __fmt_0_needed
                0x00000000000039aa                __fmt_s_needed

.text.uxListRemove
                0x00000000000039fe       0x4e
 .text.uxListRemove
                0x00000000000039fe       0x4e build/free/debug/freeRTOS/list.o
                0x00000000000039fe                uxListRemove

.rodata         0x0000000000807a4c       0x4c load address 0x0000000000003a4c
 .rodata        0x0000000000807a4c       0x4c build/free/debug/main.o

.text.xQueueGenericCreate
                0x0000000000003a98       0x46
 .text.xQueueGenericCreate
                0x0000000000003a98       0x46 build/free/debug/freeRTOS/queue.o
                0x0000000000003a98                xQueueGenericCreate

.text.xTimerCreateTimerTask
                0x0000000000003ade       0x44
 .text.xTimerCreateTimerTask
                0x0000000000003ade       0x44 build/free/debug/freeRTOS/timers.o
                0x0000000000003ade                xTimerCreateTimerTask

.text.libgcc.div
                0x0000000000003b22       0x44
 .text.libgcc.div
                0x0000000000003b22       0x44 c:/program files/microchip/xc8/v3.00/avr/bin/../lib/gcc/avr/5.4.0/avrxmega3\libgcc.a(_udivmodsi4.o)
                0x0000000000003b22                __udivmodsi4

.text.vListInsertEnd
                0x0000000000003b66       0x42
 .text.vListInsertEnd
                0x0000000000003b66       0x42 build/free/debug/freeRTOS/list.o
                0x0000000000003b66                vListInsertEnd

.text.__fmt_state
                0x0000000000003ba8       0x40
 .text.__fmt_state
                0x0000000000003ba8       0x40 c:/program files/microchip/xc8/v3.00/avr/bin/../lib/gcc/avr/5.4.0/../../../../avr/lib/avrxmega3\libc.a(__printf_core.o)
                0x0000000000003ba8                __fmt_state

.text.vQueueWaitForMessageRestricted
                0x0000000000003be8       0x3a
 .text.vQueueWaitForMessageRestricted
                0x0000000000003be8       0x3a build/free/debug/freeRTOS/queue.o
                0x0000000000003be8                vQueueWaitForMessageRestricted

.text.__out     0x0000000000003c22       0x3a
 .text.__out    0x0000000000003c22       0x3a c:/program files/microchip/xc8/v3.00/avr/bin/../lib/gcc/avr/5.4.0/../../../../avr/lib/avrxmega3\libc.a(__printf_core.o)
                0x0000000000003c22                __out

.text.vQueueAddToRegistry
                0x0000000000003c5c       0x38
 .text.vQueueAddToRegistry
                0x0000000000003c5c       0x38 build/free/debug/freeRTOS/queue.o
                0x0000000000003c5c                vQueueAddToRegistry

.text.prvResetNextTaskUnblockTime
                0x0000000000003c94       0x38
 .text.prvResetNextTaskUnblockTime
                0x0000000000003c94       0x38 build/free/debug/freeRTOS/tasks.o

.text.prvCopyDataFromQueue
                0x0000000000003ccc       0x34
 .text.prvCopyDataFromQueue
                0x0000000000003ccc       0x34 build/free/debug/freeRTOS/queue.o

.text.xQueueCreateMutex
                0x0000000000003d00       0x34
 .text.xQueueCreateMutex
                0x0000000000003d00       0x34 build/free/debug/freeRTOS/queue.o
                0x0000000000003d00                xQueueCreateMutex

.text.xTaskGenericNotifyStateClear
                0x0000000000003d34       0x34
 .text.xTaskGenericNotifyStateClear
                0x0000000000003d34       0x34 build/free/debug/freeRTOS/tasks.o
                0x0000000000003d34                xTaskGenericNotifyStateClear

.text.vTaskPlaceOnEventListRestricted
                0x0000000000003d68       0x32
 .text.vTaskPlaceOnEventListRestricted
                0x0000000000003d68       0x32 build/free/debug/freeRTOS/tasks.o
                0x0000000000003d68                vTaskPlaceOnEventListRestricted

.text.libgcc.prologue
                0x0000000000003d9a       0x32
 .text.libgcc.prologue
                0x0000000000003d9a       0x32 c:/program files/microchip/xc8/v3.00/avr/bin/../lib/gcc/avr/5.4.0/avrxmega3\libgcc.a(_prologue.o)
                0x0000000000003d9a                __prologue_saves__

.text.__vfprintf
                0x0000000000003dcc       0x30
 .text.__vfprintf
                0x0000000000003dcc       0x30 c:/program files/microchip/xc8/v3.00/avr/bin/../lib/gcc/avr/5.4.0/../../../../avr/lib/avrxmega3\libc.a(__int_vfprintf.o)
                0x0000000000003dcc                __vfprintf

.text.libgcc.prologue
                0x0000000000003dfc       0x30
 .text.libgcc.prologue
                0x0000000000003dfc       0x30 c:/program files/microchip/xc8/v3.00/avr/bin/../lib/gcc/avr/5.4.0/avrxmega3\libgcc.a(_epilogue.o)
                0x0000000000003dfc                __epilogue_restores__

.text.oled_init
                0x0000000000003e2c       0x2c
 .text.oled_init
                0x0000000000003e2c       0x2c build/free/debug/OLED/oled.o
                0x0000000000003e2c                oled_init

.text.vTaskDelay
                0x0000000000003e58       0x28
 .text.vTaskDelay
                0x0000000000003e58       0x28 build/free/debug/freeRTOS/tasks.o
                0x0000000000003e58                vTaskDelay

.text.oled_write
                0x0000000000003e80       0x28
 .text.oled_write
                0x0000000000003e80       0x28 build/free/debug/OLED/oled.o
                0x0000000000003e80                oled_write

.text.prvBytesInBuffer
                0x0000000000003ea8       0x26
 .text.prvBytesInBuffer
                0x0000000000003ea8       0x26 build/free/debug/freeRTOS/stream_buffer.o

.text.xStreamBufferSpacesAvailable
                0x0000000000003ece       0x24
 .text.xStreamBufferSpacesAvailable
                0x0000000000003ece       0x24 build/free/debug/freeRTOS/stream_buffer.o
                0x0000000000003ece                xStreamBufferSpacesAvailable

.text.vTaskPlaceOnEventList
                0x0000000000003ef2       0x24
 .text.vTaskPlaceOnEventList
                0x0000000000003ef2       0x24 build/free/debug/freeRTOS/tasks.o
                0x0000000000003ef2                vTaskPlaceOnEventList

.text.pvTaskIncrementMutexHeldCount
                0x0000000000003f16       0x24
 .text.pvTaskIncrementMutexHeldCount
                0x0000000000003f16       0x24 build/free/debug/freeRTOS/tasks.o
                0x0000000000003f16                pvTaskIncrementMutexHeldCount

.text.__wrap_sprintf
                0x0000000000003f3a       0x24
 .text.__wrap_sprintf
                0x0000000000003f3a       0x24 c:/program files/microchip/xc8/v3.00/avr/bin/../lib/gcc/avr/5.4.0/../../../../avr/lib/avrxmega3\libc.a(__sio_sprintf_dosux.o)
                0x0000000000003f3a                _sprintf_cdopsuxX

.text.__wrap_sprintf
                0x0000000000003f5e       0x24
 .text.__wrap_sprintf
                0x0000000000003f5e       0x24 c:/program files/microchip/xc8/v3.00/avr/bin/../lib/gcc/avr/5.4.0/../../../../avr/lib/avrxmega3\libc.a(__sio_sprintf_doux.o)
                0x0000000000003f5e                _sprintf_cdopuxX

.text.pxPortInitialiseStack
                0x0000000000003f82       0x22
 .text.pxPortInitialiseStack
                0x0000000000003f82       0x22 build/free/debug/freeRTOS/portable/GCC/AVR_Mega0/port.o
                0x0000000000003f82                pxPortInitialiseStack

.text.xStreamBufferSetTriggerLevel
                0x0000000000003fa4       0x22
 .text.xStreamBufferSetTriggerLevel
                0x0000000000003fa4       0x22 build/free/debug/freeRTOS/stream_buffer.o
                0x0000000000003fa4                xStreamBufferSetTriggerLevel

.text.ssd1306_write_command
                0x0000000000003fc6       0x22
 .text.ssd1306_write_command
                0x0000000000003fc6       0x22 build/free/debug/OLED/oled.o

.text.ssd1306_write_command
                0x0000000000003fe8       0x22
 .text.ssd1306_write_command
                0x0000000000003fe8       0x22 build/free/debug/OLED/ssd1306.o

.text.clock_new_minute
                0x000000000000400a       0x22
 .text.clock_new_minute
                0x000000000000400a       0x22 build/free/debug/clock.o
                0x000000000000400a                clock_new_minute

.text.clock_new_second
                0x000000000000402c       0x22
 .text.clock_new_second
                0x000000000000402c       0x22 build/free/debug/clock.o
                0x000000000000402c                clock_new_second

.text.LEDs_init
                0x000000000000404e       0x22
 .text.LEDs_init
                0x000000000000404e       0x22 build/free/debug/LED.o
                0x000000000000404e                LEDs_init

.text.vTaskSetTimeOutState
                0x0000000000004070       0x20
 .text.vTaskSetTimeOutState
                0x0000000000004070       0x20 build/free/debug/freeRTOS/tasks.o
                0x0000000000004070                vTaskSetTimeOutState

.text.vListInitialise
                0x0000000000004090       0x1c
 .text.vListInitialise
                0x0000000000004090       0x1c build/free/debug/freeRTOS/list.o
                0x0000000000004090                vListInitialise

.text.xTaskGetSchedulerState
                0x00000000000040ac       0x1c
 .text.xTaskGetSchedulerState
                0x00000000000040ac       0x1c build/free/debug/freeRTOS/tasks.o
                0x00000000000040ac                xTaskGetSchedulerState

.text.strlen    0x00000000000040c8       0x1c
 .text.strlen   0x00000000000040c8       0x1c c:/program files/microchip/xc8/v3.00/avr/bin/../lib/gcc/avr/5.4.0/../../../../avr/lib/avrxmega3\libc.a(strlen.o)
                0x00000000000040c8                strlen

.text.clock_new_hour
                0x00000000000040e4       0x1a
 .text.clock_new_hour
                0x00000000000040e4       0x1a build/free/debug/clock.o
                0x00000000000040e4                clock_new_hour

.text.report_timeout
                0x00000000000040fe       0x1a
 .text.report_timeout
                0x00000000000040fe       0x1a build/free/debug/terminal.o

.text.spi0_init
                0x0000000000004118       0x18
 .text.spi0_init
                0x0000000000004118       0x18 build/free/debug/spi0.o
                0x0000000000004118                spi0_init

.text.prvIsQueueEmpty
                0x0000000000004130       0x16
 .text.prvIsQueueEmpty
                0x0000000000004130       0x16 build/free/debug/freeRTOS/queue.o

.text.vTaskInternalSetTimeOutState
                0x0000000000004146       0x16
 .text.vTaskInternalSetTimeOutState
                0x0000000000004146       0x16 build/free/debug/freeRTOS/tasks.o
                0x0000000000004146                vTaskInternalSetTimeOutState

.text.exit      0x000000000000415c       0x16
 .text.exit     0x000000000000415c       0x16 c:/program files/microchip/xc8/v3.00/avr/bin/../lib/gcc/avr/5.4.0/../../../../avr/lib/avrxmega3\libc.a(exit.o)
                0x000000000000415c                exit

.rodata.state_table
                0x0000000000808172       0x16 load address 0x0000000000004172
 .rodata.state_table
                0x0000000000808172       0x16 c:/program files/microchip/xc8/v3.00/avr/bin/../lib/gcc/avr/5.4.0/../../../../avr/lib/avrxmega3\libc.a(__printf_core.o)

.text.memcpy    0x0000000000004188       0x16
 .text.memcpy   0x0000000000004188       0x16 c:/program files/microchip/xc8/v3.00/avr/bin/../lib/gcc/avr/5.4.0/../../../../avr/lib/avrxmega3\libc.a(memcpy.o)
                0x0000000000004188                memcpy

.text.xTaskGetTickCount
                0x000000000000419e       0x14
 .text.xTaskGetTickCount
                0x000000000000419e       0x14 build/free/debug/freeRTOS/tasks.o
                0x000000000000419e                xTaskGetTickCount

.text.tsk_status_LED
                0x00000000000041b2       0x14
 .text.tsk_status_LED
                0x00000000000041b2       0x14 build/free/debug/LED.o
                0x00000000000041b2                tsk_status_LED

.text.spi0_exchange_byte
                0x00000000000041c6       0x14
 .text.spi0_exchange_byte
                0x00000000000041c6       0x14 build/free/debug/spi0.o
                0x00000000000041c6                spi0_exchange_byte

.text.toupper   0x00000000000041da       0x12
 .text.toupper  0x00000000000041da       0x12 c:/program files/microchip/xc8/v3.00/avr/bin/../lib/gcc/avr/5.4.0/../../../../avr/lib/avrxmega3\libc.a(toupper.o)
                0x00000000000041da                toupper

.rodata.unknown_command_msg
                0x00000000008081ec       0x11 load address 0x00000000000041ec
 .rodata.unknown_command_msg
                0x00000000008081ec       0x11 build/free/debug/terminal.o

.text.__vector_12
                0x00000000000041fe       0x10
 .text.__vector_12
                0x00000000000041fe       0x10 build/free/debug/freeRTOS/portable/GCC/AVR_Mega0/port.o
                0x00000000000041fe                __vector_12

.text.prvIdleTask